<?xml version="1.0" encoding="ISO-8859-1" ?>
<link_info>
   <banner>TMS320C2000 Linker PC v22.6.0.LTS</banner>
   <copyright>Copyright (c) 1996-2018 Texas Instruments Incorporated</copyright>
   <link_time>0x651cdd59</link_time>
   <link_errors>0x0</link_errors>
   <output_file>coecsl_foc_controller_core2.out</output_file>
   <entry_point>
      <name>code_start</name>
      <address>0x80000</address>
   </entry_point>
   <input_file_list>
      <input_file id="fl-2">
         <path>.\syscfg\</path>
         <kind>object</kind>
         <file>board.obj</file>
         <name>board.obj</name>
      </input_file>
      <input_file id="fl-3">
         <path>.\syscfg\</path>
         <kind>object</kind>
         <file>c2000ware_libraries.obj</file>
         <name>c2000ware_libraries.obj</name>
      </input_file>
      <input_file id="fl-4">
         <path>.\</path>
         <kind>object</kind>
         <file>main_cpu2.obj</file>
         <name>main_cpu2.obj</name>
      </input_file>
      <input_file id="fl-5">
         <path>.\device\</path>
         <kind>object</kind>
         <file>F2837xD_CodeStartBranch.obj</file>
         <name>F2837xD_CodeStartBranch.obj</name>
      </input_file>
      <input_file id="fl-6">
         <path>.\device\</path>
         <kind>object</kind>
         <file>device.obj</file>
         <name>device.obj</name>
      </input_file>
      <input_file id="fl-7">
         <path>.\driver_files\</path>
         <kind>object</kind>
         <file>F28379dSerial.obj</file>
         <name>F28379dSerial.obj</name>
      </input_file>
      <input_file id="fl-8">
         <path>.\driver_files\</path>
         <kind>object</kind>
         <file>F2837xD_Adc.obj</file>
         <name>F2837xD_Adc.obj</name>
      </input_file>
      <input_file id="fl-9">
         <path>.\driver_files\</path>
         <kind>object</kind>
         <file>F2837xD_GlobalVariableDefs.obj</file>
         <name>F2837xD_GlobalVariableDefs.obj</name>
      </input_file>
      <input_file id="fl-a">
         <path>.\driver_files\</path>
         <kind>object</kind>
         <file>F2837xD_Gpio.obj</file>
         <name>F2837xD_Gpio.obj</name>
      </input_file>
      <input_file id="fl-b">
         <path>.\driver_files\</path>
         <kind>object</kind>
         <file>F2837xD_Ipc.obj</file>
         <name>F2837xD_Ipc.obj</name>
      </input_file>
      <input_file id="fl-c">
         <path>.\driver_files\</path>
         <kind>object</kind>
         <file>F2837xD_Ipc_Driver_Util.obj</file>
         <name>F2837xD_Ipc_Driver_Util.obj</name>
      </input_file>
      <input_file id="fl-d">
         <path>.\driver_files\</path>
         <kind>object</kind>
         <file>F2837xD_PieCtrl.obj</file>
         <name>F2837xD_PieCtrl.obj</name>
      </input_file>
      <input_file id="fl-e">
         <path>.\driver_files\</path>
         <kind>object</kind>
         <file>F2837xD_PieVect.obj</file>
         <name>F2837xD_PieVect.obj</name>
      </input_file>
      <input_file id="fl-f">
         <path>.\driver_files\</path>
         <kind>object</kind>
         <file>F2837xD_SysCtrl.obj</file>
         <name>F2837xD_SysCtrl.obj</name>
      </input_file>
      <input_file id="fl-10">
         <path>.\driver_files\</path>
         <kind>object</kind>
         <file>F2837xD_usDelay.obj</file>
         <name>F2837xD_usDelay.obj</name>
      </input_file>
      <input_file id="fl-16">
         <kind>object</kind>
         <file>&lt;internal&gt;</file>
         <name>&lt;internal&gt;</name>
      </input_file>
      <input_file id="fl-1a">
         <path>C:\ti\c2000\C2000Ware_5_00_00_00\driverlib\f2837xd\driverlib\ccs\Debug\</path>
         <kind>archive</kind>
         <file>driverlib_eabi.lib</file>
         <name>flash.obj</name>
      </input_file>
      <input_file id="fl-1b">
         <path>C:\ti\c2000\C2000Ware_5_00_00_00\driverlib\f2837xd\driverlib\ccs\Debug\</path>
         <kind>archive</kind>
         <file>driverlib_eabi.lib</file>
         <name>i2c.obj</name>
      </input_file>
      <input_file id="fl-1c">
         <path>C:\ti\c2000\C2000Ware_5_00_00_00\driverlib\f2837xd\driverlib\ccs\Debug\</path>
         <kind>archive</kind>
         <file>driverlib_eabi.lib</file>
         <name>interrupt.obj</name>
      </input_file>
      <input_file id="fl-1d">
         <path>C:\ti\c2000\C2000Ware_5_00_00_00\driverlib\f2837xd\driverlib\ccs\Debug\</path>
         <kind>archive</kind>
         <file>driverlib_eabi.lib</file>
         <name>ipc.obj</name>
      </input_file>
      <input_file id="fl-1e">
         <path>C:\ti\c2000\C2000Ware_5_00_00_00\driverlib\f2837xd\driverlib\ccs\Debug\</path>
         <kind>archive</kind>
         <file>driverlib_eabi.lib</file>
         <name>sci.obj</name>
      </input_file>
      <input_file id="fl-2a">
         <path>C:\ti\ccs1210\ccs\tools\compiler\ti-cgt-c2000_22.6.0.LTS\lib\</path>
         <kind>archive</kind>
         <file>rts2800_fpu32_eabi.lib</file>
         <name>sprintf.c.obj</name>
      </input_file>
      <input_file id="fl-2b">
         <path>C:\ti\ccs1210\ccs\tools\compiler\ti-cgt-c2000_22.6.0.LTS\lib\</path>
         <kind>archive</kind>
         <file>rts2800_fpu32_eabi.lib</file>
         <name>vsprintf.c.obj</name>
      </input_file>
      <input_file id="fl-2c">
         <path>C:\ti\ccs1210\ccs\tools\compiler\ti-cgt-c2000_22.6.0.LTS\lib\</path>
         <kind>archive</kind>
         <file>rts2800_fpu32_eabi.lib</file>
         <name>boot28.asm.obj</name>
      </input_file>
      <input_file id="fl-2d">
         <path>C:\ti\ccs1210\ccs\tools\compiler\ti-cgt-c2000_22.6.0.LTS\lib\</path>
         <kind>archive</kind>
         <file>rts2800_fpu32_eabi.lib</file>
         <name>fs_div28.asm.obj</name>
      </input_file>
      <input_file id="fl-2e">
         <path>C:\ti\ccs1210\ccs\tools\compiler\ti-cgt-c2000_22.6.0.LTS\lib\</path>
         <kind>archive</kind>
         <file>rts2800_fpu32_eabi.lib</file>
         <name>ll_aox28.asm.obj</name>
      </input_file>
      <input_file id="fl-2f">
         <path>C:\ti\ccs1210\ccs\tools\compiler\ti-cgt-c2000_22.6.0.LTS\lib\</path>
         <kind>archive</kind>
         <file>rts2800_fpu32_eabi.lib</file>
         <name>ll_cmp28.asm.obj</name>
      </input_file>
      <input_file id="fl-30">
         <path>C:\ti\ccs1210\ccs\tools\compiler\ti-cgt-c2000_22.6.0.LTS\lib\</path>
         <kind>archive</kind>
         <file>rts2800_fpu32_eabi.lib</file>
         <name>u_div28.asm.obj</name>
      </input_file>
      <input_file id="fl-31">
         <path>C:\ti\ccs1210\ccs\tools\compiler\ti-cgt-c2000_22.6.0.LTS\lib\</path>
         <kind>archive</kind>
         <file>rts2800_fpu32_eabi.lib</file>
         <name>l_div28.asm.obj</name>
      </input_file>
      <input_file id="fl-32">
         <path>C:\ti\ccs1210\ccs\tools\compiler\ti-cgt-c2000_22.6.0.LTS\lib\</path>
         <kind>archive</kind>
         <file>rts2800_fpu32_eabi.lib</file>
         <name>memcpy.c.obj</name>
      </input_file>
      <input_file id="fl-33">
         <path>C:\ti\ccs1210\ccs\tools\compiler\ti-cgt-c2000_22.6.0.LTS\lib\</path>
         <kind>archive</kind>
         <file>rts2800_fpu32_eabi.lib</file>
         <name>pre_init.c.obj</name>
      </input_file>
      <input_file id="fl-34">
         <path>C:\ti\ccs1210\ccs\tools\compiler\ti-cgt-c2000_22.6.0.LTS\lib\</path>
         <kind>archive</kind>
         <file>rts2800_fpu32_eabi.lib</file>
         <name>autoinit.c.obj</name>
      </input_file>
      <input_file id="fl-35">
         <path>C:\ti\ccs1210\ccs\tools\compiler\ti-cgt-c2000_22.6.0.LTS\lib\</path>
         <kind>archive</kind>
         <file>rts2800_fpu32_eabi.lib</file>
         <name>copy_zero_init.c.obj</name>
      </input_file>
      <input_file id="fl-36">
         <path>C:\ti\ccs1210\ccs\tools\compiler\ti-cgt-c2000_22.6.0.LTS\lib\</path>
         <kind>archive</kind>
         <file>rts2800_fpu32_eabi.lib</file>
         <name>copy_decompress_none.c.obj</name>
      </input_file>
      <input_file id="fl-37">
         <path>C:\ti\ccs1210\ccs\tools\compiler\ti-cgt-c2000_22.6.0.LTS\lib\</path>
         <kind>archive</kind>
         <file>rts2800_fpu32_eabi.lib</file>
         <name>copy_decompress_lzss.c.obj</name>
      </input_file>
      <input_file id="fl-38">
         <path>C:\ti\ccs1210\ccs\tools\compiler\ti-cgt-c2000_22.6.0.LTS\lib\</path>
         <kind>archive</kind>
         <file>rts2800_fpu32_eabi.lib</file>
         <name>exit.c.obj</name>
      </input_file>
      <input_file id="fl-39">
         <path>C:\ti\ccs1210\ccs\tools\compiler\ti-cgt-c2000_22.6.0.LTS\lib\</path>
         <kind>archive</kind>
         <file>rts2800_fpu32_eabi.lib</file>
         <name>_lock.c.obj</name>
      </input_file>
      <input_file id="fl-3a">
         <path>C:\ti\ccs1210\ccs\tools\compiler\ti-cgt-c2000_22.6.0.LTS\lib\</path>
         <kind>archive</kind>
         <file>rts2800_fpu32_eabi.lib</file>
         <name>args_main.c.obj</name>
      </input_file>
      <input_file id="fl-3b">
         <path>C:\ti\ccs1210\ccs\tools\compiler\ti-cgt-c2000_22.6.0.LTS\lib\</path>
         <kind>archive</kind>
         <file>rts2800_fpu32_eabi.lib</file>
         <name>memset.c.obj</name>
      </input_file>
      <input_file id="fl-3c">
         <path>C:\ti\ccs1210\ccs\tools\compiler\ti-cgt-c2000_22.6.0.LTS\lib\</path>
         <kind>archive</kind>
         <file>rts2800_fpu32_eabi.lib</file>
         <name>strlen.c.obj</name>
      </input_file>
      <input_file id="fl-3d">
         <path>C:\ti\ccs1210\ccs\tools\compiler\ti-cgt-c2000_22.6.0.LTS\lib\</path>
         <kind>archive</kind>
         <file>rts2800_fpu32_eabi.lib</file>
         <name>_printfi.c.obj</name>
      </input_file>
      <input_file id="fl-3e">
         <path>C:\ti\ccs1210\ccs\tools\compiler\ti-cgt-c2000_22.6.0.LTS\lib\</path>
         <kind>archive</kind>
         <file>rts2800_fpu32_eabi.lib</file>
         <name>fd_cmp28.asm.obj</name>
      </input_file>
      <input_file id="fl-3f">
         <path>C:\ti\ccs1210\ccs\tools\compiler\ti-cgt-c2000_22.6.0.LTS\lib\</path>
         <kind>archive</kind>
         <file>rts2800_fpu32_eabi.lib</file>
         <name>fd_mpy28.asm.obj</name>
      </input_file>
      <input_file id="fl-40">
         <path>C:\ti\ccs1210\ccs\tools\compiler\ti-cgt-c2000_22.6.0.LTS\lib\</path>
         <kind>archive</kind>
         <file>rts2800_fpu32_eabi.lib</file>
         <name>fd_neg28.asm.obj</name>
      </input_file>
      <input_file id="fl-41">
         <path>C:\ti\ccs1210\ccs\tools\compiler\ti-cgt-c2000_22.6.0.LTS\lib\</path>
         <kind>archive</kind>
         <file>rts2800_fpu32_eabi.lib</file>
         <name>fd_sub28.asm.obj</name>
      </input_file>
      <input_file id="fl-42">
         <path>C:\ti\ccs1210\ccs\tools\compiler\ti-cgt-c2000_22.6.0.LTS\lib\</path>
         <kind>archive</kind>
         <file>rts2800_fpu32_eabi.lib</file>
         <name>fd_toi28.asm.obj</name>
      </input_file>
      <input_file id="fl-43">
         <path>C:\ti\ccs1210\ccs\tools\compiler\ti-cgt-c2000_22.6.0.LTS\lib\</path>
         <kind>archive</kind>
         <file>rts2800_fpu32_eabi.lib</file>
         <name>fd_tol28.asm.obj</name>
      </input_file>
      <input_file id="fl-44">
         <path>C:\ti\ccs1210\ccs\tools\compiler\ti-cgt-c2000_22.6.0.LTS\lib\</path>
         <kind>archive</kind>
         <file>rts2800_fpu32_eabi.lib</file>
         <name>ll_div28.asm.obj</name>
      </input_file>
      <input_file id="fl-45">
         <path>C:\ti\ccs1210\ccs\tools\compiler\ti-cgt-c2000_22.6.0.LTS\lib\</path>
         <kind>archive</kind>
         <file>rts2800_fpu32_eabi.lib</file>
         <name>i_tofd28.asm.obj</name>
      </input_file>
      <input_file id="fl-46">
         <path>C:\ti\ccs1210\ccs\tools\compiler\ti-cgt-c2000_22.6.0.LTS\lib\</path>
         <kind>archive</kind>
         <file>rts2800_fpu32_eabi.lib</file>
         <name>l_tofd28.asm.obj</name>
      </input_file>
      <input_file id="fl-47">
         <path>C:\ti\ccs1210\ccs\tools\compiler\ti-cgt-c2000_22.6.0.LTS\lib\</path>
         <kind>archive</kind>
         <file>rts2800_fpu32_eabi.lib</file>
         <name>fd_div28.asm.obj</name>
      </input_file>
      <input_file id="fl-48">
         <path>C:\ti\ccs1210\ccs\tools\compiler\ti-cgt-c2000_22.6.0.LTS\lib\</path>
         <kind>archive</kind>
         <file>rts2800_fpu32_eabi.lib</file>
         <name>cpy_tbl.c.obj</name>
      </input_file>
      <input_file id="fl-49">
         <path>C:\ti\ccs1210\ccs\tools\compiler\ti-cgt-c2000_22.6.0.LTS\lib\</path>
         <kind>archive</kind>
         <file>rts2800_fpu32_eabi.lib</file>
         <name>startup.c.obj</name>
      </input_file>
      <input_file id="fl-4a">
         <path>C:\ti\ccs1210\ccs\tools\compiler\ti-cgt-c2000_22.6.0.LTS\lib\</path>
         <kind>archive</kind>
         <file>rts2800_fpu32_eabi.lib</file>
         <name>_ltoa.c.obj</name>
      </input_file>
      <input_file id="fl-4b">
         <path>C:\ti\ccs1210\ccs\tools\compiler\ti-cgt-c2000_22.6.0.LTS\lib\</path>
         <kind>archive</kind>
         <file>rts2800_fpu32_eabi.lib</file>
         <name>atoi.c.obj</name>
      </input_file>
      <input_file id="fl-4c">
         <path>C:\ti\ccs1210\ccs\tools\compiler\ti-cgt-c2000_22.6.0.LTS\lib\</path>
         <kind>archive</kind>
         <file>rts2800_fpu32_eabi.lib</file>
         <name>ctype.c.obj</name>
      </input_file>
      <input_file id="fl-4d">
         <path>C:\ti\ccs1210\ccs\tools\compiler\ti-cgt-c2000_22.6.0.LTS\lib\</path>
         <kind>archive</kind>
         <file>rts2800_fpu32_eabi.lib</file>
         <name>memccpy.c.obj</name>
      </input_file>
      <input_file id="fl-4e">
         <path>C:\ti\ccs1210\ccs\tools\compiler\ti-cgt-c2000_22.6.0.LTS\lib\</path>
         <kind>archive</kind>
         <file>rts2800_fpu32_eabi.lib</file>
         <name>strchr.c.obj</name>
      </input_file>
      <input_file id="fl-4f">
         <path>C:\ti\ccs1210\ccs\tools\compiler\ti-cgt-c2000_22.6.0.LTS\lib\</path>
         <kind>archive</kind>
         <file>rts2800_fpu32_eabi.lib</file>
         <name>strcpy.c.obj</name>
      </input_file>
      <input_file id="fl-50">
         <path>C:\ti\ccs1210\ccs\tools\compiler\ti-cgt-c2000_22.6.0.LTS\lib\</path>
         <kind>archive</kind>
         <file>rts2800_fpu32_eabi.lib</file>
         <name>errno.c.obj</name>
      </input_file>
      <input_file id="fl-51">
         <path>C:\ti\ccs1210\ccs\tools\compiler\ti-cgt-c2000_22.6.0.LTS\lib\</path>
         <kind>archive</kind>
         <file>rts2800_fpu32_eabi.lib</file>
         <name>s_frexp.c.obj</name>
      </input_file>
      <input_file id="fl-52">
         <path>C:\ti\ccs1210\ccs\tools\compiler\ti-cgt-c2000_22.6.0.LTS\lib\</path>
         <kind>archive</kind>
         <file>rts2800_fpu32_eabi.lib</file>
         <name>s_scalbn.c.obj</name>
      </input_file>
      <input_file id="fl-53">
         <path>C:\ti\ccs1210\ccs\tools\compiler\ti-cgt-c2000_22.6.0.LTS\lib\</path>
         <kind>archive</kind>
         <file>rts2800_fpu32_eabi.lib</file>
         <name>s_copysign.c.obj</name>
      </input_file>
      <input_file id="fl-54">
         <path>C:\ti\ccs1210\ccs\tools\compiler\ti-cgt-c2000_22.6.0.LTS\lib\</path>
         <kind>archive</kind>
         <file>rts2800_fpu32_eabi.lib</file>
         <name>wcslen.c.obj</name>
      </input_file>
      <input_file id="fl-55">
         <path>C:\ti\ccs1210\ccs\tools\compiler\ti-cgt-c2000_22.6.0.LTS\lib\</path>
         <kind>archive</kind>
         <file>rts2800_fpu32_eabi.lib</file>
         <name>fd_add28.asm.obj</name>
      </input_file>
   </input_file_list>
   <object_component_list>
      <object_component id="oc-49f">
         <name>.cinit..data.load</name>
         <load_address>0x823f8</load_address>
         <run_address>0x823f8</run_address>
         <size>0xa</size>
      </object_component>
      <object_component id="oc-49c">
         <name>__TI_handler_table</name>
         <load_address>0x82402</load_address>
         <run_address>0x82402</run_address>
         <size>0x6</size>
      </object_component>
      <object_component id="oc-49e">
         <name>.cinit..bss.load</name>
         <load_address>0x82408</load_address>
         <run_address>0x82408</run_address>
         <size>0x4</size>
      </object_component>
      <object_component id="oc-4a0">
         <name>.cinit.GpioDataRegsFile.load</name>
         <load_address>0x8240c</load_address>
         <run_address>0x8240c</run_address>
         <size>0x4</size>
      </object_component>
      <object_component id="oc-4a5">
         <name>.cinit.MSGRAM_CPU1_TO_CPU2.load</name>
         <load_address>0x82410</load_address>
         <run_address>0x82410</run_address>
         <size>0x4</size>
      </object_component>
      <object_component id="oc-4a6">
         <name>.cinit.MSGRAM_CPU2_TO_CPU1.load</name>
         <load_address>0x82414</load_address>
         <run_address>0x82414</run_address>
         <size>0x4</size>
      </object_component>
      <object_component id="oc-4a1">
         <name>.cinit.PieCtrlRegsFile.load</name>
         <load_address>0x82418</load_address>
         <run_address>0x82418</run_address>
         <size>0x4</size>
      </object_component>
      <object_component id="oc-4a2">
         <name>.cinit.SciaRegsFile.load</name>
         <load_address>0x8241c</load_address>
         <run_address>0x8241c</run_address>
         <size>0x4</size>
      </object_component>
      <object_component id="oc-4a3">
         <name>.cinit.ScicRegsFile.load</name>
         <load_address>0x82420</load_address>
         <run_address>0x82420</run_address>
         <size>0x4</size>
      </object_component>
      <object_component id="oc-4a4">
         <name>.cinit.ScidRegsFile.load</name>
         <load_address>0x82424</load_address>
         <run_address>0x82424</run_address>
         <size>0x4</size>
      </object_component>
      <object_component id="oc-49d">
         <name>__TI_cinit_table</name>
         <load_address>0x82428</load_address>
         <run_address>0x82428</run_address>
         <size>0x24</size>
      </object_component>
      <object_component id="oc-29a">
         <name>.text</name>
         <load_address>0x804d8</load_address>
         <run_address>0x804d8</run_address>
         <size>0x6c2</size>
         <input_file_ref idref="fl-3d"/>
      </object_component>
      <object_component id="oc-1f4">
         <name>.text:__TI_printfi</name>
         <load_address>0x80b9a</load_address>
         <run_address>0x80b9a</run_address>
         <size>0x614</size>
         <input_file_ref idref="fl-3d"/>
      </object_component>
      <object_component id="oc-15a">
         <name>.text</name>
         <load_address>0x811ae</load_address>
         <run_address>0x811ae</run_address>
         <size>0x16b</size>
         <input_file_ref idref="fl-6"/>
      </object_component>
      <object_component id="oc-286">
         <name>.text</name>
         <load_address>0x81319</load_address>
         <run_address>0x81319</run_address>
         <size>0x107</size>
         <input_file_ref idref="fl-44"/>
      </object_component>
      <object_component id="oc-9a">
         <name>.text</name>
         <load_address>0x81420</load_address>
         <run_address>0x81420</run_address>
         <size>0x102</size>
         <input_file_ref idref="fl-2"/>
      </object_component>
      <object_component id="oc-36a">
         <name>.text</name>
         <load_address>0x81522</load_address>
         <run_address>0x81522</run_address>
         <size>0xa9</size>
         <input_file_ref idref="fl-52"/>
      </object_component>
      <object_component id="oc-3cb">
         <name>.text</name>
         <load_address>0x815cb</load_address>
         <run_address>0x815cb</run_address>
         <size>0x9c</size>
         <input_file_ref idref="fl-55"/>
      </object_component>
      <object_component id="oc-340">
         <name>.text</name>
         <load_address>0x81667</load_address>
         <run_address>0x81667</run_address>
         <size>0x8b</size>
         <input_file_ref idref="fl-47"/>
      </object_component>
      <object_component id="oc-345">
         <name>.text</name>
         <load_address>0x816f2</load_address>
         <run_address>0x816f2</run_address>
         <size>0x83</size>
         <input_file_ref idref="fl-3f"/>
      </object_component>
      <object_component id="oc-1b2">
         <name>.text:Interrupt_clearIFR</name>
         <load_address>0x81775</load_address>
         <run_address>0x81775</run_address>
         <size>0x7f</size>
         <input_file_ref idref="fl-1c"/>
      </object_component>
      <object_component id="oc-fc">
         <name>.text:I2C_initController</name>
         <load_address>0x817f4</load_address>
         <run_address>0x817f4</run_address>
         <size>0x64</size>
         <input_file_ref idref="fl-1b"/>
      </object_component>
      <object_component id="oc-e7">
         <name>.text:IPC_sendCommand</name>
         <load_address>0x81858</load_address>
         <run_address>0x81858</run_address>
         <size>0x5d</size>
         <input_file_ref idref="fl-1d"/>
      </object_component>
      <object_component id="oc-364">
         <name>.text</name>
         <load_address>0x818b5</load_address>
         <run_address>0x818b5</run_address>
         <size>0x5a</size>
         <input_file_ref idref="fl-51"/>
      </object_component>
      <object_component id="oc-11a">
         <name>.text:Interrupt_disable</name>
         <load_address>0x8190f</load_address>
         <run_address>0x8190f</run_address>
         <size>0x4e</size>
         <input_file_ref idref="fl-1c"/>
      </object_component>
      <object_component id="oc-ce">
         <name>.text:IPC_readCommand</name>
         <load_address>0x8195d</load_address>
         <run_address>0x8195d</run_address>
         <size>0x4a</size>
         <input_file_ref idref="fl-1d"/>
      </object_component>
      <object_component id="oc-102">
         <name>.text:SCI_clearInterruptStatus</name>
         <load_address>0x819a7</load_address>
         <run_address>0x819a7</run_address>
         <size>0x45</size>
         <input_file_ref idref="fl-1e"/>
      </object_component>
      <object_component id="oc-10e">
         <name>.text:SCI_enableInterrupt</name>
         <load_address>0x819ec</load_address>
         <run_address>0x819ec</run_address>
         <size>0x44</size>
         <input_file_ref idref="fl-1e"/>
      </object_component>
      <object_component id="oc-e1">
         <name>.text:SCI_writeCharArray</name>
         <load_address>0x81a30</load_address>
         <run_address>0x81a30</run_address>
         <size>0x41</size>
         <input_file_ref idref="fl-1e"/>
      </object_component>
      <object_component id="oc-108">
         <name>.text:SCI_setConfig</name>
         <load_address>0x81a71</load_address>
         <run_address>0x81a71</run_address>
         <size>0x3e</size>
         <input_file_ref idref="fl-1e"/>
      </object_component>
      <object_component id="oc-303">
         <name>.text:Interrupt_initModule</name>
         <load_address>0x81aaf</load_address>
         <run_address>0x81aaf</run_address>
         <size>0x3d</size>
         <input_file_ref idref="fl-1c"/>
      </object_component>
      <object_component id="oc-114">
         <name>.text:Interrupt_enable</name>
         <load_address>0x81aec</load_address>
         <run_address>0x81aec</run_address>
         <size>0x37</size>
         <input_file_ref idref="fl-1c"/>
      </object_component>
      <object_component id="oc-25c">
         <name>.text</name>
         <load_address>0x81b23</load_address>
         <run_address>0x81b23</run_address>
         <size>0x34</size>
         <input_file_ref idref="fl-4"/>
      </object_component>
      <object_component id="oc-d5">
         <name>.text</name>
         <load_address>0x81b57</load_address>
         <run_address>0x81b57</run_address>
         <size>0x32</size>
         <input_file_ref idref="fl-2a"/>
      </object_component>
      <object_component id="oc-27b">
         <name>.text</name>
         <load_address>0x81b89</load_address>
         <run_address>0x81b89</run_address>
         <size>0x31</size>
         <input_file_ref idref="fl-4b"/>
      </object_component>
      <object_component id="oc-34f">
         <name>.text</name>
         <load_address>0x81bba</load_address>
         <run_address>0x81bba</run_address>
         <size>0x30</size>
         <input_file_ref idref="fl-4a"/>
      </object_component>
      <object_component id="oc-7d">
         <name>.text:decompress:lzss</name>
         <load_address>0x81bea</load_address>
         <run_address>0x81bea</run_address>
         <size>0x2e</size>
         <input_file_ref idref="fl-37"/>
      </object_component>
      <object_component id="oc-22c">
         <name>.text:__TI_auto_init_nobinit_nopinit</name>
         <load_address>0x81c18</load_address>
         <run_address>0x81c18</run_address>
         <size>0x2b</size>
         <input_file_ref idref="fl-34"/>
      </object_component>
      <object_component id="oc-336">
         <name>.text</name>
         <load_address>0x81c43</load_address>
         <run_address>0x81c43</run_address>
         <size>0x2a</size>
         <input_file_ref idref="fl-3e"/>
      </object_component>
      <object_component id="oc-3c3">
         <name>.text</name>
         <load_address>0x81c6d</load_address>
         <run_address>0x81c6d</run_address>
         <size>0x2a</size>
         <input_file_ref idref="fl-31"/>
      </object_component>
      <object_component id="oc-1de">
         <name>.text</name>
         <load_address>0x81c97</load_address>
         <run_address>0x81c97</run_address>
         <size>0x29</size>
         <input_file_ref idref="fl-38"/>
      </object_component>
      <object_component id="oc-2b0">
         <name>.text:Flash_setBankPowerUpDelay</name>
         <load_address>0x81cc0</load_address>
         <run_address>0x81cc0</run_address>
         <size>0x26</size>
         <input_file_ref idref="fl-1a"/>
      </object_component>
      <object_component id="oc-3da">
         <name>.text</name>
         <load_address>0x81ce6</load_address>
         <run_address>0x81ce6</run_address>
         <size>0x24</size>
         <input_file_ref idref="fl-53"/>
      </object_component>
      <object_component id="oc-35f">
         <name>.text</name>
         <load_address>0x81d0a</load_address>
         <run_address>0x81d0a</run_address>
         <size>0x21</size>
         <input_file_ref idref="fl-42"/>
      </object_component>
      <object_component id="oc-160">
         <name>.text:SCI_isFIFOEnabled</name>
         <load_address>0x81d2b</load_address>
         <run_address>0x81d2b</run_address>
         <size>0x20</size>
         <input_file_ref idref="fl-1e"/>
      </object_component>
      <object_component id="oc-34a">
         <name>.text</name>
         <load_address>0x81d4b</load_address>
         <run_address>0x81d4b</run_address>
         <size>0x1f</size>
         <input_file_ref idref="fl-43"/>
      </object_component>
      <object_component id="oc-309">
         <name>.text:Interrupt_initVectorTable</name>
         <load_address>0x81d6a</load_address>
         <run_address>0x81d6a</run_address>
         <size>0x1e</size>
         <input_file_ref idref="fl-1c"/>
      </object_component>
      <object_component id="oc-281">
         <name>.text</name>
         <load_address>0x81d88</load_address>
         <run_address>0x81d88</run_address>
         <size>0x1e</size>
         <input_file_ref idref="fl-2f"/>
      </object_component>
      <object_component id="oc-370">
         <name>.text</name>
         <load_address>0x81da6</load_address>
         <run_address>0x81da6</run_address>
         <size>0x1d</size>
         <input_file_ref idref="fl-45"/>
      </object_component>
      <object_component id="oc-b4">
         <name>.text</name>
         <load_address>0x81dc3</load_address>
         <run_address>0x81dc3</run_address>
         <size>0x1d</size>
         <input_file_ref idref="fl-32"/>
      </object_component>
      <object_component id="oc-355">
         <name>.text</name>
         <load_address>0x81de0</load_address>
         <run_address>0x81de0</run_address>
         <size>0x1c</size>
         <input_file_ref idref="fl-46"/>
      </object_component>
      <object_component id="oc-153">
         <name>.text:SCI_isBaseValid</name>
         <load_address>0x81dfc</load_address>
         <run_address>0x81dfc</run_address>
         <size>0x1b</size>
         <input_file_ref idref="fl-1e"/>
      </object_component>
      <object_component id="oc-16c">
         <name>.text:SCI_isSpaceAvailableNonFIFO</name>
         <load_address>0x81e17</load_address>
         <run_address>0x81e17</run_address>
         <size>0x1a</size>
         <input_file_ref idref="fl-1e"/>
      </object_component>
      <object_component id="oc-196">
         <name>.text:SCI_disableModule</name>
         <load_address>0x81e31</load_address>
         <run_address>0x81e31</run_address>
         <size>0x18</size>
         <input_file_ref idref="fl-1e"/>
      </object_component>
      <object_component id="oc-18f">
         <name>.text:SCI_performSoftwareReset</name>
         <load_address>0x81e49</load_address>
         <run_address>0x81e49</run_address>
         <size>0x18</size>
         <input_file_ref idref="fl-1e"/>
      </object_component>
      <object_component id="oc-28b">
         <name>.text</name>
         <load_address>0x81e61</load_address>
         <run_address>0x81e61</run_address>
         <size>0x18</size>
         <input_file_ref idref="fl-2e"/>
      </object_component>
      <object_component id="oc-146">
         <name>.text</name>
         <load_address>0x81e79</load_address>
         <run_address>0x81e79</run_address>
         <size>0x17</size>
         <input_file_ref idref="fl-2c"/>
      </object_component>
      <object_component id="oc-166">
         <name>.text:SCI_getTxFIFOStatus</name>
         <load_address>0x81e90</load_address>
         <run_address>0x81e90</run_address>
         <size>0x14</size>
         <input_file_ref idref="fl-1e"/>
      </object_component>
      <object_component id="oc-186">
         <name>.text:I2C_isBaseValid</name>
         <load_address>0x81ea4</load_address>
         <run_address>0x81ea4</run_address>
         <size>0x13</size>
         <input_file_ref idref="fl-1b"/>
      </object_component>
      <object_component id="oc-19c">
         <name>.text:SCI_enableModule</name>
         <load_address>0x81eb7</load_address>
         <run_address>0x81eb7</run_address>
         <size>0x13</size>
         <input_file_ref idref="fl-1e"/>
      </object_component>
      <object_component id="oc-2a3">
         <name>.text:Flash_isCtrlBaseValid</name>
         <load_address>0x81eca</load_address>
         <run_address>0x81eca</run_address>
         <size>0x10</size>
         <input_file_ref idref="fl-1a"/>
      </object_component>
      <object_component id="oc-2aa">
         <name>.text:Flash_isECCBaseValid</name>
         <load_address>0x81eda</load_address>
         <run_address>0x81eda</run_address>
         <size>0x10</size>
         <input_file_ref idref="fl-1a"/>
      </object_component>
      <object_component id="oc-273">
         <name>.text</name>
         <load_address>0x81eea</load_address>
         <run_address>0x81eea</run_address>
         <size>0x10</size>
         <input_file_ref idref="fl-4d"/>
      </object_component>
      <object_component id="oc-392">
         <name>.text:Interrupt_defaultHandler</name>
         <load_address>0x81efa</load_address>
         <run_address>0x81efa</run_address>
         <size>0xe</size>
         <input_file_ref idref="fl-1c"/>
      </object_component>
      <object_component id="oc-35a">
         <name>.text</name>
         <load_address>0x81f08</load_address>
         <run_address>0x81f08</run_address>
         <size>0xe</size>
         <input_file_ref idref="fl-41"/>
      </object_component>
      <object_component id="oc-1a4">
         <name>.text:Interrupt_disableGlobal</name>
         <load_address>0x81f16</load_address>
         <run_address>0x81f16</run_address>
         <size>0xd</size>
         <input_file_ref idref="fl-1c"/>
      </object_component>
      <object_component id="oc-1aa">
         <name>.text:Interrupt_enableGlobal</name>
         <load_address>0x81f23</load_address>
         <run_address>0x81f23</run_address>
         <size>0xd</size>
         <input_file_ref idref="fl-1c"/>
      </object_component>
      <object_component id="oc-a5">
         <name>.text:retain</name>
         <load_address>0x81f30</load_address>
         <run_address>0x81f30</run_address>
         <size>0xd</size>
         <input_file_ref idref="fl-4"/>
      </object_component>
      <object_component id="oc-1d8">
         <name>.text</name>
         <load_address>0x81f3d</load_address>
         <run_address>0x81f3d</run_address>
         <size>0xc</size>
         <input_file_ref idref="fl-3a"/>
      </object_component>
      <object_component id="oc-375">
         <name>.text</name>
         <load_address>0x81f49</load_address>
         <run_address>0x81f49</run_address>
         <size>0xc</size>
         <input_file_ref idref="fl-4e"/>
      </object_component>
      <object_component id="oc-128">
         <name>.text</name>
         <load_address>0x81f55</load_address>
         <run_address>0x81f55</run_address>
         <size>0xb</size>
         <input_file_ref idref="fl-30"/>
      </object_component>
      <object_component id="oc-290">
         <name>.text</name>
         <load_address>0x81f60</load_address>
         <run_address>0x81f60</run_address>
         <size>0xb</size>
         <input_file_ref idref="fl-54"/>
      </object_component>
      <object_component id="oc-315">
         <name>.text</name>
         <load_address>0x81f6b</load_address>
         <run_address>0x81f6b</run_address>
         <size>0x9</size>
         <input_file_ref idref="fl-39"/>
      </object_component>
      <object_component id="oc-33b">
         <name>.text</name>
         <load_address>0x81f74</load_address>
         <run_address>0x81f74</run_address>
         <size>0x9</size>
         <input_file_ref idref="fl-40"/>
      </object_component>
      <object_component id="oc-c8">
         <name>.text</name>
         <load_address>0x81f7d</load_address>
         <run_address>0x81f7d</run_address>
         <size>0x8</size>
         <input_file_ref idref="fl-5"/>
      </object_component>
      <object_component id="oc-83">
         <name>.text:decompress:none</name>
         <load_address>0x81f85</load_address>
         <run_address>0x81f85</run_address>
         <size>0x8</size>
         <input_file_ref idref="fl-36"/>
      </object_component>
      <object_component id="oc-db">
         <name>.text</name>
         <load_address>0x81f8d</load_address>
         <run_address>0x81f8d</run_address>
         <size>0x8</size>
         <input_file_ref idref="fl-3c"/>
      </object_component>
      <object_component id="oc-13f">
         <name>.text</name>
         <load_address>0x81f95</load_address>
         <run_address>0x81f95</run_address>
         <size>0x7</size>
         <input_file_ref idref="fl-3b"/>
      </object_component>
      <object_component id="oc-c2">
         <name>.text:decompress:ZI</name>
         <load_address>0x81f9c</load_address>
         <run_address>0x81f9c</run_address>
         <size>0x6</size>
         <input_file_ref idref="fl-35"/>
      </object_component>
      <object_component id="oc-26d">
         <name>.text</name>
         <load_address>0x81fa2</load_address>
         <run_address>0x81fa2</run_address>
         <size>0x5</size>
         <input_file_ref idref="fl-4f"/>
      </object_component>
      <object_component id="oc-39e">
         <name>.text:Interrupt_illegalOperationHandler</name>
         <load_address>0x81fa7</load_address>
         <run_address>0x81fa7</run_address>
         <size>0x2</size>
         <input_file_ref idref="fl-1c"/>
      </object_component>
      <object_component id="oc-398">
         <name>.text:Interrupt_nmiHandler</name>
         <load_address>0x81fa9</load_address>
         <run_address>0x81fa9</run_address>
         <size>0x2</size>
         <input_file_ref idref="fl-1c"/>
      </object_component>
      <object_component id="oc-1d1">
         <name>.text</name>
         <load_address>0x81fab</load_address>
         <run_address>0x81fab</run_address>
         <size>0x2</size>
         <input_file_ref idref="fl-33"/>
      </object_component>
      <object_component id="oc-2ee">
         <name>.text</name>
         <load_address>0x81fad</load_address>
         <run_address>0x81fad</run_address>
         <size>0x1</size>
         <input_file_ref idref="fl-49"/>
      </object_component>
      <object_component id="oc-8a">
         <name>codestart</name>
         <load_address>0x80000</load_address>
         <run_address>0x80000</run_address>
         <size>0x2</size>
         <input_file_ref idref="fl-5"/>
      </object_component>
      <object_component id="oc-b1">
         <name>.stack</name>
         <uninitialized>true</uninitialized>
         <run_address>0xb000</run_address>
         <size>0x0</size>
         <input_file_ref idref="fl-2c"/>
      </object_component>
      <object_component id="oc-4a7">
         <name>.stack</name>
         <uninitialized>true</uninitialized>
         <run_address>0xb000</run_address>
         <size>0x0</size>
      </object_component>
      <object_component id="oc-125">
         <name>.bss</name>
         <uninitialized>true</uninitialized>
         <run_address>0xc000</run_address>
         <size>0x2f30</size>
         <input_file_ref idref="fl-7"/>
      </object_component>
      <object_component id="oc-f3">
         <name>.data</name>
         <load_address>0xef36</load_address>
         <run_address>0xef36</run_address>
         <size>0x6</size>
         <input_file_ref idref="fl-4"/>
      </object_component>
      <object_component id="oc-201">
         <name>.data</name>
         <load_address>0xef30</load_address>
         <run_address>0xef30</run_address>
         <size>0x6</size>
         <input_file_ref idref="fl-6"/>
      </object_component>
      <object_component id="oc-264">
         <name>.data</name>
         <load_address>0xef40</load_address>
         <run_address>0xef40</run_address>
         <size>0x6</size>
         <input_file_ref idref="fl-38"/>
      </object_component>
      <object_component id="oc-267">
         <name>.data:_lock</name>
         <load_address>0xef3c</load_address>
         <run_address>0xef3c</run_address>
         <size>0x2</size>
         <input_file_ref idref="fl-39"/>
      </object_component>
      <object_component id="oc-3a5">
         <name>.data:_unlock</name>
         <load_address>0xef3e</load_address>
         <run_address>0xef3e</run_address>
         <size>0x2</size>
         <input_file_ref idref="fl-39"/>
      </object_component>
      <object_component id="oc-296">
         <name>.data</name>
         <load_address>0xef46</load_address>
         <run_address>0xef46</run_address>
         <size>0x1</size>
         <input_file_ref idref="fl-50"/>
      </object_component>
      <object_component id="oc-328">
         <name>.const:.string:_ctypes_</name>
         <load_address>0x82000</load_address>
         <run_address>0x82000</run_address>
         <size>0x101</size>
         <input_file_ref idref="fl-4c"/>
      </object_component>
      <object_component id="oc-2a9">
         <name>.const:.string</name>
         <load_address>0x82102</load_address>
         <run_address>0x82102</run_address>
         <size>0xbf</size>
         <input_file_ref idref="fl-1a"/>
      </object_component>
      <object_component id="oc-159">
         <name>.const:.string</name>
         <load_address>0x821c2</load_address>
         <run_address>0x821c2</run_address>
         <size>0xbb</size>
         <input_file_ref idref="fl-1e"/>
      </object_component>
      <object_component id="oc-225">
         <name>.const:.string</name>
         <load_address>0x8227e</load_address>
         <run_address>0x8227e</run_address>
         <size>0x63</size>
         <input_file_ref idref="fl-1c"/>
      </object_component>
      <object_component id="oc-18c">
         <name>.const:.string</name>
         <load_address>0x822e2</load_address>
         <run_address>0x822e2</run_address>
         <size>0x5d</size>
         <input_file_ref idref="fl-1b"/>
      </object_component>
      <object_component id="oc-f0">
         <name>.const:IPC_Instance</name>
         <load_address>0x82340</load_address>
         <run_address>0x82340</run_address>
         <size>0x44</size>
         <input_file_ref idref="fl-1d"/>
      </object_component>
      <object_component id="oc-26c">
         <name>.const:.string</name>
         <load_address>0x82384</load_address>
         <run_address>0x82384</run_address>
         <size>0x26</size>
         <input_file_ref idref="fl-3d"/>
      </object_component>
      <object_component id="oc-335">
         <name>.const</name>
         <load_address>0x823aa</load_address>
         <run_address>0x823aa</run_address>
         <size>0x1c</size>
         <input_file_ref idref="fl-3d"/>
      </object_component>
      <object_component id="oc-3d7">
         <name>.const</name>
         <load_address>0x823c6</load_address>
         <run_address>0x823c6</run_address>
         <size>0x1c</size>
         <input_file_ref idref="fl-52"/>
      </object_component>
      <object_component id="oc-d4">
         <name>.const:.string</name>
         <load_address>0x823e2</load_address>
         <run_address>0x823e2</run_address>
         <size>0xb</size>
         <input_file_ref idref="fl-4"/>
      </object_component>
      <object_component id="oc-3d2">
         <name>.const</name>
         <load_address>0x823ee</load_address>
         <run_address>0x823ee</run_address>
         <size>0x8</size>
         <input_file_ref idref="fl-51"/>
      </object_component>
      <object_component id="oc-ab">
         <name>.TI.ramfunc:retain</name>
         <load_address>0x80008</load_address>
         <run_address>0x8000</run_address>
         <size>0x282</size>
         <input_file_ref idref="fl-7"/>
      </object_component>
      <object_component id="oc-99">
         <name>.TI.ramfunc:retain</name>
         <load_address>0x8028a</load_address>
         <run_address>0x8282</run_address>
         <size>0x123</size>
         <input_file_ref idref="fl-4"/>
      </object_component>
      <object_component id="oc-204">
         <name>.TI.ramfunc:Flash_initModule</name>
         <load_address>0x803ad</load_address>
         <run_address>0x83a5</run_address>
         <size>0x43</size>
         <input_file_ref idref="fl-1a"/>
      </object_component>
      <object_component id="oc-2b6">
         <name>.TI.ramfunc:Flash_setBankPowerMode</name>
         <load_address>0x803f0</load_address>
         <run_address>0x83e8</run_address>
         <size>0x2c</size>
         <input_file_ref idref="fl-1a"/>
      </object_component>
      <object_component id="oc-2ce">
         <name>.TI.ramfunc:Flash_setWaitstates</name>
         <load_address>0x8041c</load_address>
         <run_address>0x8414</run_address>
         <size>0x24</size>
         <input_file_ref idref="fl-1a"/>
      </object_component>
      <object_component id="oc-2bc">
         <name>.TI.ramfunc:Flash_setPumpPowerMode</name>
         <load_address>0x80440</load_address>
         <run_address>0x8438</run_address>
         <size>0x1d</size>
         <input_file_ref idref="fl-1a"/>
      </object_component>
      <object_component id="oc-2c2">
         <name>.TI.ramfunc:Flash_disableCache</name>
         <load_address>0x8045d</load_address>
         <run_address>0x8455</run_address>
         <size>0x18</size>
         <input_file_ref idref="fl-1a"/>
      </object_component>
      <object_component id="oc-2c8">
         <name>.TI.ramfunc:Flash_disablePrefetch</name>
         <load_address>0x80475</load_address>
         <run_address>0x846d</run_address>
         <size>0x18</size>
         <input_file_ref idref="fl-1a"/>
      </object_component>
      <object_component id="oc-2d4">
         <name>.TI.ramfunc:Flash_enableCache</name>
         <load_address>0x8048d</load_address>
         <run_address>0x8485</run_address>
         <size>0x17</size>
         <input_file_ref idref="fl-1a"/>
      </object_component>
      <object_component id="oc-2da">
         <name>.TI.ramfunc:Flash_enablePrefetch</name>
         <load_address>0x804a4</load_address>
         <run_address>0x849c</run_address>
         <size>0x17</size>
         <input_file_ref idref="fl-1a"/>
      </object_component>
      <object_component id="oc-2e0">
         <name>.TI.ramfunc:Flash_enableECC</name>
         <load_address>0x804bb</load_address>
         <run_address>0x84b3</run_address>
         <size>0x16</size>
         <input_file_ref idref="fl-1a"/>
      </object_component>
      <object_component id="oc-f6">
         <name>GpioDataRegsFile</name>
         <uninitialized>true</uninitialized>
         <run_address>0x7f00</run_address>
         <size>0x30</size>
         <input_file_ref idref="fl-9"/>
      </object_component>
      <object_component id="oc-f9">
         <name>PieCtrlRegsFile</name>
         <uninitialized>true</uninitialized>
         <run_address>0xce0</run_address>
         <size>0x1a</size>
         <input_file_ref idref="fl-9"/>
      </object_component>
      <object_component id="oc-ed">
         <name>SciaRegsFile</name>
         <uninitialized>true</uninitialized>
         <run_address>0x7200</run_address>
         <size>0x10</size>
         <input_file_ref idref="fl-9"/>
      </object_component>
      <object_component id="oc-130">
         <name>ScicRegsFile</name>
         <uninitialized>true</uninitialized>
         <run_address>0x7220</run_address>
         <size>0x10</size>
         <input_file_ref idref="fl-9"/>
      </object_component>
      <object_component id="oc-12d">
         <name>ScidRegsFile</name>
         <uninitialized>true</uninitialized>
         <run_address>0x7230</run_address>
         <size>0x10</size>
         <input_file_ref idref="fl-9"/>
      </object_component>
      <object_component id="oc-121">
         <name>.debug_types</name>
         <load_address>0x0</load_address>
         <run_address>0x0</run_address>
         <size>0xd6f</size>
         <input_file_ref idref="fl-2"/>
      </object_component>
      <object_component id="oc-123">
         <name>.debug_types</name>
         <load_address>0xd6f</load_address>
         <run_address>0xd6f</run_address>
         <size>0xac7a</size>
         <input_file_ref idref="fl-4"/>
      </object_component>
      <object_component id="oc-20b">
         <name>.debug_types</name>
         <load_address>0xb9e9</load_address>
         <run_address>0xb9e9</run_address>
         <size>0x8cd</size>
         <input_file_ref idref="fl-6"/>
      </object_component>
      <object_component id="oc-134">
         <name>.debug_types</name>
         <load_address>0xc2b6</load_address>
         <run_address>0xc2b6</run_address>
         <size>0x1cca</size>
         <input_file_ref idref="fl-7"/>
      </object_component>
      <object_component id="oc-177">
         <name>.debug_types</name>
         <load_address>0xdf80</load_address>
         <run_address>0xdf80</run_address>
         <size>0x29fee</size>
         <input_file_ref idref="fl-9"/>
      </object_component>
      <object_component id="oc-2e7">
         <name>.debug_types</name>
         <load_address>0x37f6e</load_address>
         <run_address>0x37f6e</run_address>
         <size>0x1d7</size>
         <input_file_ref idref="fl-1a"/>
      </object_component>
      <object_component id="oc-18e">
         <name>.debug_types</name>
         <load_address>0x0</load_address>
         <run_address>0x0</run_address>
         <size>0x0</size>
         <input_file_ref idref="fl-1b"/>
      </object_component>
      <object_component id="oc-1b1">
         <name>.debug_types</name>
         <load_address>0x0</load_address>
         <run_address>0x0</run_address>
         <size>0x0</size>
         <input_file_ref idref="fl-1c"/>
      </object_component>
      <object_component id="oc-14d">
         <name>.debug_types</name>
         <load_address>0x38145</load_address>
         <run_address>0x38145</run_address>
         <size>0x1e3</size>
         <input_file_ref idref="fl-1d"/>
      </object_component>
      <object_component id="oc-173">
         <name>.debug_types</name>
         <load_address>0x38328</load_address>
         <run_address>0x38328</run_address>
         <size>0x2f</size>
         <input_file_ref idref="fl-1e"/>
      </object_component>
      <object_component id="oc-150">
         <name>.debug_types</name>
         <load_address>0x38357</load_address>
         <run_address>0x38357</run_address>
         <size>0x1f3</size>
         <input_file_ref idref="fl-2a"/>
      </object_component>
      <object_component id="oc-139">
         <name>.debug_types</name>
         <load_address>0x3854a</load_address>
         <run_address>0x3854a</run_address>
         <size>0x89</size>
         <input_file_ref idref="fl-32"/>
      </object_component>
      <object_component id="oc-22b">
         <name>.debug_types</name>
         <load_address>0x0</load_address>
         <run_address>0x0</run_address>
         <size>0x0</size>
         <input_file_ref idref="fl-33"/>
      </object_component>
      <object_component id="oc-2f5">
         <name>.debug_types</name>
         <load_address>0x385d3</load_address>
         <run_address>0x385d3</run_address>
         <size>0x441</size>
         <input_file_ref idref="fl-34"/>
      </object_component>
      <object_component id="oc-13e">
         <name>.debug_types</name>
         <load_address>0x38a14</load_address>
         <run_address>0x38a14</run_address>
         <size>0x165</size>
         <input_file_ref idref="fl-35"/>
      </object_component>
      <object_component id="oc-bb">
         <name>.debug_types</name>
         <load_address>0x0</load_address>
         <run_address>0x0</run_address>
         <size>0x0</size>
         <input_file_ref idref="fl-36"/>
      </object_component>
      <object_component id="oc-b3">
         <name>.debug_types</name>
         <load_address>0x38b79</load_address>
         <run_address>0x38b79</run_address>
         <size>0x191</size>
         <input_file_ref idref="fl-37"/>
      </object_component>
      <object_component id="oc-26b">
         <name>.debug_types</name>
         <load_address>0x38d0a</load_address>
         <run_address>0x38d0a</run_address>
         <size>0x90</size>
         <input_file_ref idref="fl-38"/>
      </object_component>
      <object_component id="oc-31d">
         <name>.debug_types</name>
         <load_address>0x38d9a</load_address>
         <run_address>0x38d9a</run_address>
         <size>0x2f</size>
         <input_file_ref idref="fl-39"/>
      </object_component>
      <object_component id="oc-263">
         <name>.debug_types</name>
         <load_address>0x38dc9</load_address>
         <run_address>0x38dc9</run_address>
         <size>0xb6</size>
         <input_file_ref idref="fl-3a"/>
      </object_component>
      <object_component id="oc-1d0">
         <name>.debug_types</name>
         <load_address>0x0</load_address>
         <run_address>0x0</run_address>
         <size>0x0</size>
         <input_file_ref idref="fl-3b"/>
      </object_component>
      <object_component id="oc-152">
         <name>.debug_types</name>
         <load_address>0x0</load_address>
         <run_address>0x0</run_address>
         <size>0x0</size>
         <input_file_ref idref="fl-3c"/>
      </object_component>
      <object_component id="oc-27a">
         <name>.debug_types</name>
         <load_address>0x38e7f</load_address>
         <run_address>0x38e7f</run_address>
         <size>0x890</size>
         <input_file_ref idref="fl-3d"/>
      </object_component>
      <object_component id="oc-38b">
         <name>.debug_types</name>
         <load_address>0x0</load_address>
         <run_address>0x0</run_address>
         <size>0x0</size>
         <input_file_ref idref="fl-49"/>
      </object_component>
      <object_component id="oc-3c9">
         <name>.debug_types</name>
         <load_address>0x3970f</load_address>
         <run_address>0x3970f</run_address>
         <size>0x61</size>
         <input_file_ref idref="fl-4a"/>
      </object_component>
      <object_component id="oc-32c">
         <name>.debug_types</name>
         <load_address>0x39770</load_address>
         <run_address>0x39770</run_address>
         <size>0x34</size>
         <input_file_ref idref="fl-4b"/>
      </object_component>
      <object_component id="oc-3b4">
         <name>.debug_types</name>
         <load_address>0x0</load_address>
         <run_address>0x0</run_address>
         <size>0x0</size>
         <input_file_ref idref="fl-4c"/>
      </object_component>
      <object_component id="oc-324">
         <name>.debug_types</name>
         <load_address>0x0</load_address>
         <run_address>0x0</run_address>
         <size>0x0</size>
         <input_file_ref idref="fl-4d"/>
      </object_component>
      <object_component id="oc-3e4">
         <name>.debug_types</name>
         <load_address>0x0</load_address>
         <run_address>0x0</run_address>
         <size>0x0</size>
         <input_file_ref idref="fl-4e"/>
      </object_component>
      <object_component id="oc-322">
         <name>.debug_types</name>
         <load_address>0x397a4</load_address>
         <run_address>0x397a4</run_address>
         <size>0x34</size>
         <input_file_ref idref="fl-4f"/>
      </object_component>
      <object_component id="oc-334">
         <name>.debug_types</name>
         <load_address>0x0</load_address>
         <run_address>0x0</run_address>
         <size>0x0</size>
         <input_file_ref idref="fl-50"/>
      </object_component>
      <object_component id="oc-3d6">
         <name>.debug_types</name>
         <load_address>0x397d8</load_address>
         <run_address>0x397d8</run_address>
         <size>0x9b</size>
         <input_file_ref idref="fl-51"/>
      </object_component>
      <object_component id="oc-3e1">
         <name>.debug_types</name>
         <load_address>0x0</load_address>
         <run_address>0x0</run_address>
         <size>0x0</size>
         <input_file_ref idref="fl-52"/>
      </object_component>
      <object_component id="oc-400">
         <name>.debug_types</name>
         <load_address>0x0</load_address>
         <run_address>0x0</run_address>
         <size>0x0</size>
         <input_file_ref idref="fl-53"/>
      </object_component>
      <object_component id="oc-331">
         <name>.debug_types</name>
         <load_address>0x39873</load_address>
         <run_address>0x39873</run_address>
         <size>0x160</size>
         <input_file_ref idref="fl-54"/>
      </object_component>
      <object_component id="oc-9e">
         <name>.debug_info</name>
         <load_address>0x0</load_address>
         <run_address>0x0</run_address>
         <size>0x311</size>
         <input_file_ref idref="fl-2"/>
      </object_component>
      <object_component id="oc-f4">
         <name>.debug_info</name>
         <load_address>0x311</load_address>
         <run_address>0x311</run_address>
         <size>0x11e</size>
         <input_file_ref idref="fl-4"/>
      </object_component>
      <object_component id="oc-25e">
         <name>.debug_info</name>
         <load_address>0x42f</load_address>
         <run_address>0x42f</run_address>
         <size>0x159</size>
         <input_file_ref idref="fl-4"/>
      </object_component>
      <object_component id="oc-a3">
         <name>.debug_info</name>
         <load_address>0x588</load_address>
         <run_address>0x588</run_address>
         <size>0x2b2</size>
         <input_file_ref idref="fl-4"/>
      </object_component>
      <object_component id="oc-a6">
         <name>.debug_info</name>
         <load_address>0x83a</load_address>
         <run_address>0x83a</run_address>
         <size>0x12e</size>
         <input_file_ref idref="fl-4"/>
      </object_component>
      <object_component id="oc-8d">
         <name>.debug_info</name>
         <load_address>0x968</load_address>
         <run_address>0x968</run_address>
         <size>0x115</size>
         <input_file_ref idref="fl-5"/>
      </object_component>
      <object_component id="oc-ca">
         <name>.debug_info</name>
         <load_address>0xa7d</load_address>
         <run_address>0xa7d</run_address>
         <size>0x116</size>
         <input_file_ref idref="fl-5"/>
      </object_component>
      <object_component id="oc-202">
         <name>.debug_info</name>
         <load_address>0xb93</load_address>
         <run_address>0xb93</run_address>
         <size>0x160</size>
         <input_file_ref idref="fl-6"/>
      </object_component>
      <object_component id="oc-15e">
         <name>.debug_info</name>
         <load_address>0xcf3</load_address>
         <run_address>0xcf3</run_address>
         <size>0x549</size>
         <input_file_ref idref="fl-6"/>
      </object_component>
      <object_component id="oc-126">
         <name>.debug_info</name>
         <load_address>0x123c</load_address>
         <run_address>0x123c</run_address>
         <size>0x141</size>
         <input_file_ref idref="fl-7"/>
      </object_component>
      <object_component id="oc-ac">
         <name>.debug_info</name>
         <load_address>0x137d</load_address>
         <run_address>0x137d</run_address>
         <size>0x465</size>
         <input_file_ref idref="fl-7"/>
      </object_component>
      <object_component id="oc-ee">
         <name>.debug_info</name>
         <load_address>0x17e2</load_address>
         <run_address>0x17e2</run_address>
         <size>0x10c</size>
         <input_file_ref idref="fl-9"/>
      </object_component>
      <object_component id="oc-131">
         <name>.debug_info</name>
         <load_address>0x18ee</load_address>
         <run_address>0x18ee</run_address>
         <size>0x10c</size>
         <input_file_ref idref="fl-9"/>
      </object_component>
      <object_component id="oc-12e">
         <name>.debug_info</name>
         <load_address>0x19fa</load_address>
         <run_address>0x19fa</run_address>
         <size>0x10c</size>
         <input_file_ref idref="fl-9"/>
      </object_component>
      <object_component id="oc-fa">
         <name>.debug_info</name>
         <load_address>0x1b06</load_address>
         <run_address>0x1b06</run_address>
         <size>0x112</size>
         <input_file_ref idref="fl-9"/>
      </object_component>
      <object_component id="oc-f7">
         <name>.debug_info</name>
         <load_address>0x1c18</load_address>
         <run_address>0x1c18</run_address>
         <size>0x114</size>
         <input_file_ref idref="fl-9"/>
      </object_component>
      <object_component id="oc-2a4">
         <name>.debug_info</name>
         <load_address>0x1d2c</load_address>
         <run_address>0x1d2c</run_address>
         <size>0x21d</size>
         <input_file_ref idref="fl-1a"/>
      </object_component>
      <object_component id="oc-2ab">
         <name>.debug_info</name>
         <load_address>0x1f49</load_address>
         <run_address>0x1f49</run_address>
         <size>0x219</size>
         <input_file_ref idref="fl-1a"/>
      </object_component>
      <object_component id="oc-2cf">
         <name>.debug_info</name>
         <load_address>0x2162</load_address>
         <run_address>0x2162</run_address>
         <size>0x279</size>
         <input_file_ref idref="fl-1a"/>
      </object_component>
      <object_component id="oc-2b7">
         <name>.debug_info</name>
         <load_address>0x23db</load_address>
         <run_address>0x23db</run_address>
         <size>0x28f</size>
         <input_file_ref idref="fl-1a"/>
      </object_component>
      <object_component id="oc-2bd">
         <name>.debug_info</name>
         <load_address>0x266a</load_address>
         <run_address>0x266a</run_address>
         <size>0x26e</size>
         <input_file_ref idref="fl-1a"/>
      </object_component>
      <object_component id="oc-2db">
         <name>.debug_info</name>
         <load_address>0x28d8</load_address>
         <run_address>0x28d8</run_address>
         <size>0x23f</size>
         <input_file_ref idref="fl-1a"/>
      </object_component>
      <object_component id="oc-2c9">
         <name>.debug_info</name>
         <load_address>0x2b17</load_address>
         <run_address>0x2b17</run_address>
         <size>0x241</size>
         <input_file_ref idref="fl-1a"/>
      </object_component>
      <object_component id="oc-2d5">
         <name>.debug_info</name>
         <load_address>0x2d58</load_address>
         <run_address>0x2d58</run_address>
         <size>0x239</size>
         <input_file_ref idref="fl-1a"/>
      </object_component>
      <object_component id="oc-2c3">
         <name>.debug_info</name>
         <load_address>0x2f91</load_address>
         <run_address>0x2f91</run_address>
         <size>0x23b</size>
         <input_file_ref idref="fl-1a"/>
      </object_component>
      <object_component id="oc-2e1">
         <name>.debug_info</name>
         <load_address>0x31cc</load_address>
         <run_address>0x31cc</run_address>
         <size>0x232</size>
         <input_file_ref idref="fl-1a"/>
      </object_component>
      <object_component id="oc-2b4">
         <name>.debug_info</name>
         <load_address>0x33fe</load_address>
         <run_address>0x33fe</run_address>
         <size>0x27b</size>
         <input_file_ref idref="fl-1a"/>
      </object_component>
      <object_component id="oc-206">
         <name>.debug_info</name>
         <load_address>0x3679</load_address>
         <run_address>0x3679</run_address>
         <size>0x397</size>
         <input_file_ref idref="fl-1a"/>
      </object_component>
      <object_component id="oc-187">
         <name>.debug_info</name>
         <load_address>0x3a10</load_address>
         <run_address>0x3a10</run_address>
         <size>0x207</size>
         <input_file_ref idref="fl-1b"/>
      </object_component>
      <object_component id="oc-fd">
         <name>.debug_info</name>
         <load_address>0x3c17</load_address>
         <run_address>0x3c17</run_address>
         <size>0x2c9</size>
         <input_file_ref idref="fl-1b"/>
      </object_component>
      <object_component id="oc-1ad">
         <name>.debug_info</name>
         <load_address>0x3ee0</load_address>
         <run_address>0x3ee0</run_address>
         <size>0x1fe</size>
         <input_file_ref idref="fl-1c"/>
      </object_component>
      <object_component id="oc-1a7">
         <name>.debug_info</name>
         <load_address>0x40de</load_address>
         <run_address>0x40de</run_address>
         <size>0x202</size>
         <input_file_ref idref="fl-1c"/>
      </object_component>
      <object_component id="oc-394">
         <name>.debug_info</name>
         <load_address>0x42e0</load_address>
         <run_address>0x42e0</run_address>
         <size>0x21c</size>
         <input_file_ref idref="fl-1c"/>
      </object_component>
      <object_component id="oc-3a0">
         <name>.debug_info</name>
         <load_address>0x44fc</load_address>
         <run_address>0x44fc</run_address>
         <size>0x202</size>
         <input_file_ref idref="fl-1c"/>
      </object_component>
      <object_component id="oc-399">
         <name>.debug_info</name>
         <load_address>0x46fe</load_address>
         <run_address>0x46fe</run_address>
         <size>0x1e8</size>
         <input_file_ref idref="fl-1c"/>
      </object_component>
      <object_component id="oc-1b3">
         <name>.debug_info</name>
         <load_address>0x48e6</load_address>
         <run_address>0x48e6</run_address>
         <size>0x220</size>
         <input_file_ref idref="fl-1c"/>
      </object_component>
      <object_component id="oc-305">
         <name>.debug_info</name>
         <load_address>0x4b06</load_address>
         <run_address>0x4b06</run_address>
         <size>0x20f</size>
         <input_file_ref idref="fl-1c"/>
      </object_component>
      <object_component id="oc-30b">
         <name>.debug_info</name>
         <load_address>0x4d15</load_address>
         <run_address>0x4d15</run_address>
         <size>0x20a</size>
         <input_file_ref idref="fl-1c"/>
      </object_component>
      <object_component id="oc-116">
         <name>.debug_info</name>
         <load_address>0x4f1f</load_address>
         <run_address>0x4f1f</run_address>
         <size>0x2b2</size>
         <input_file_ref idref="fl-1c"/>
      </object_component>
      <object_component id="oc-11b">
         <name>.debug_info</name>
         <load_address>0x51d1</load_address>
         <run_address>0x51d1</run_address>
         <size>0x2e5</size>
         <input_file_ref idref="fl-1c"/>
      </object_component>
      <object_component id="oc-f1">
         <name>.debug_info</name>
         <load_address>0x54b6</load_address>
         <run_address>0x54b6</run_address>
         <size>0x16a</size>
         <input_file_ref idref="fl-1d"/>
      </object_component>
      <object_component id="oc-179">
         <name>.debug_info</name>
         <load_address>0x5620</load_address>
         <run_address>0x5620</run_address>
         <size>0x186</size>
         <input_file_ref idref="fl-1d"/>
      </object_component>
      <object_component id="oc-17c">
         <name>.debug_info</name>
         <load_address>0x57a6</load_address>
         <run_address>0x57a6</run_address>
         <size>0x186</size>
         <input_file_ref idref="fl-1d"/>
      </object_component>
      <object_component id="oc-ea">
         <name>.debug_info</name>
         <load_address>0x592c</load_address>
         <run_address>0x592c</run_address>
         <size>0x2a9</size>
         <input_file_ref idref="fl-1d"/>
      </object_component>
      <object_component id="oc-d2">
         <name>.debug_info</name>
         <load_address>0x5bd5</load_address>
         <run_address>0x5bd5</run_address>
         <size>0x2b3</size>
         <input_file_ref idref="fl-1d"/>
      </object_component>
      <object_component id="oc-154">
         <name>.debug_info</name>
         <load_address>0x5e88</load_address>
         <run_address>0x5e88</run_address>
         <size>0x205</size>
         <input_file_ref idref="fl-1e"/>
      </object_component>
      <object_component id="oc-19d">
         <name>.debug_info</name>
         <load_address>0x608d</load_address>
         <run_address>0x608d</run_address>
         <size>0x225</size>
         <input_file_ref idref="fl-1e"/>
      </object_component>
      <object_component id="oc-197">
         <name>.debug_info</name>
         <load_address>0x62b2</load_address>
         <run_address>0x62b2</run_address>
         <size>0x227</size>
         <input_file_ref idref="fl-1e"/>
      </object_component>
      <object_component id="oc-161">
         <name>.debug_info</name>
         <load_address>0x64d9</load_address>
         <run_address>0x64d9</run_address>
         <size>0x22f</size>
         <input_file_ref idref="fl-1e"/>
      </object_component>
      <object_component id="oc-16d">
         <name>.debug_info</name>
         <load_address>0x6708</load_address>
         <run_address>0x6708</run_address>
         <size>0x243</size>
         <input_file_ref idref="fl-1e"/>
      </object_component>
      <object_component id="oc-167">
         <name>.debug_info</name>
         <load_address>0x694b</load_address>
         <run_address>0x694b</run_address>
         <size>0x233</size>
         <input_file_ref idref="fl-1e"/>
      </object_component>
      <object_component id="oc-190">
         <name>.debug_info</name>
         <load_address>0x6b7e</load_address>
         <run_address>0x6b7e</run_address>
         <size>0x235</size>
         <input_file_ref idref="fl-1e"/>
      </object_component>
      <object_component id="oc-10a">
         <name>.debug_info</name>
         <load_address>0x6db3</load_address>
         <run_address>0x6db3</run_address>
         <size>0x2b5</size>
         <input_file_ref idref="fl-1e"/>
      </object_component>
      <object_component id="oc-e3">
         <name>.debug_info</name>
         <load_address>0x7068</load_address>
         <run_address>0x7068</run_address>
         <size>0x2ce</size>
         <input_file_ref idref="fl-1e"/>
      </object_component>
      <object_component id="oc-111">
         <name>.debug_info</name>
         <load_address>0x7336</load_address>
         <run_address>0x7336</run_address>
         <size>0x23e</size>
         <input_file_ref idref="fl-1e"/>
      </object_component>
      <object_component id="oc-105">
         <name>.debug_info</name>
         <load_address>0x7574</load_address>
         <run_address>0x7574</run_address>
         <size>0x268</size>
         <input_file_ref idref="fl-1e"/>
      </object_component>
      <object_component id="oc-d6">
         <name>.debug_info</name>
         <load_address>0x77dc</load_address>
         <run_address>0x77dc</run_address>
         <size>0x2c9</size>
         <input_file_ref idref="fl-2a"/>
      </object_component>
      <object_component id="oc-149">
         <name>.debug_info</name>
         <load_address>0x7aa5</load_address>
         <run_address>0x7aa5</run_address>
         <size>0x158</size>
         <input_file_ref idref="fl-2c"/>
      </object_component>
      <object_component id="oc-28d">
         <name>.debug_info</name>
         <load_address>0x7bfd</load_address>
         <run_address>0x7bfd</run_address>
         <size>0x1a5</size>
         <input_file_ref idref="fl-2e"/>
      </object_component>
      <object_component id="oc-282">
         <name>.debug_info</name>
         <load_address>0x7da2</load_address>
         <run_address>0x7da2</run_address>
         <size>0x16f</size>
         <input_file_ref idref="fl-2f"/>
      </object_component>
      <object_component id="oc-129">
         <name>.debug_info</name>
         <load_address>0x7f11</load_address>
         <run_address>0x7f11</run_address>
         <size>0x163</size>
         <input_file_ref idref="fl-30"/>
      </object_component>
      <object_component id="oc-3c5">
         <name>.debug_info</name>
         <load_address>0x8074</load_address>
         <run_address>0x8074</run_address>
         <size>0x1e1</size>
         <input_file_ref idref="fl-31"/>
      </object_component>
      <object_component id="oc-b7">
         <name>.debug_info</name>
         <load_address>0x8255</load_address>
         <run_address>0x8255</run_address>
         <size>0x19b</size>
         <input_file_ref idref="fl-32"/>
      </object_component>
      <object_component id="oc-1d2">
         <name>.debug_info</name>
         <load_address>0x83f0</load_address>
         <run_address>0x83f0</run_address>
         <size>0x14d</size>
         <input_file_ref idref="fl-33"/>
      </object_component>
      <object_component id="oc-22d">
         <name>.debug_info</name>
         <load_address>0x853d</load_address>
         <run_address>0x853d</run_address>
         <size>0x1bf</size>
         <input_file_ref idref="fl-34"/>
      </object_component>
      <object_component id="oc-c3">
         <name>.debug_info</name>
         <load_address>0x86fc</load_address>
         <run_address>0x86fc</run_address>
         <size>0x19f</size>
         <input_file_ref idref="fl-35"/>
      </object_component>
      <object_component id="oc-85">
         <name>.debug_info</name>
         <load_address>0x889b</load_address>
         <run_address>0x889b</run_address>
         <size>0x1b7</size>
         <input_file_ref idref="fl-36"/>
      </object_component>
      <object_component id="oc-81">
         <name>.debug_info</name>
         <load_address>0x8a52</load_address>
         <run_address>0x8a52</run_address>
         <size>0x20c</size>
         <input_file_ref idref="fl-37"/>
      </object_component>
      <object_component id="oc-265">
         <name>.debug_info</name>
         <load_address>0x8c5e</load_address>
         <run_address>0x8c5e</run_address>
         <size>0x19e</size>
         <input_file_ref idref="fl-38"/>
      </object_component>
      <object_component id="oc-1e2">
         <name>.debug_info</name>
         <load_address>0x8dfc</load_address>
         <run_address>0x8dfc</run_address>
         <size>0x1a9</size>
         <input_file_ref idref="fl-38"/>
      </object_component>
      <object_component id="oc-268">
         <name>.debug_info</name>
         <load_address>0x8fa5</load_address>
         <run_address>0x8fa5</run_address>
         <size>0x107</size>
         <input_file_ref idref="fl-39"/>
      </object_component>
      <object_component id="oc-3a6">
         <name>.debug_info</name>
         <load_address>0x90ac</load_address>
         <run_address>0x90ac</run_address>
         <size>0x10b</size>
         <input_file_ref idref="fl-39"/>
      </object_component>
      <object_component id="oc-317">
         <name>.debug_info</name>
         <load_address>0x91b7</load_address>
         <run_address>0x91b7</run_address>
         <size>0x203</size>
         <input_file_ref idref="fl-39"/>
      </object_component>
      <object_component id="oc-1d9">
         <name>.debug_info</name>
         <load_address>0x93ba</load_address>
         <run_address>0x93ba</run_address>
         <size>0x15d</size>
         <input_file_ref idref="fl-3a"/>
      </object_component>
      <object_component id="oc-140">
         <name>.debug_info</name>
         <load_address>0x9517</load_address>
         <run_address>0x9517</run_address>
         <size>0x208</size>
         <input_file_ref idref="fl-3b"/>
      </object_component>
      <object_component id="oc-de">
         <name>.debug_info</name>
         <load_address>0x971f</load_address>
         <run_address>0x971f</run_address>
         <size>0x1c7</size>
         <input_file_ref idref="fl-3c"/>
      </object_component>
      <object_component id="oc-1f5">
         <name>.debug_info</name>
         <load_address>0x98e6</load_address>
         <run_address>0x98e6</run_address>
         <size>0xd28</size>
         <input_file_ref idref="fl-3d"/>
      </object_component>
      <object_component id="oc-29b">
         <name>.debug_info</name>
         <load_address>0xa60e</load_address>
         <run_address>0xa60e</run_address>
         <size>0x137b</size>
         <input_file_ref idref="fl-3d"/>
      </object_component>
      <object_component id="oc-338">
         <name>.debug_info</name>
         <load_address>0xb989</load_address>
         <run_address>0xb989</run_address>
         <size>0x131</size>
         <input_file_ref idref="fl-3e"/>
      </object_component>
      <object_component id="oc-346">
         <name>.debug_info</name>
         <load_address>0xbaba</load_address>
         <run_address>0xbaba</run_address>
         <size>0x127</size>
         <input_file_ref idref="fl-3f"/>
      </object_component>
      <object_component id="oc-33d">
         <name>.debug_info</name>
         <load_address>0xbbe1</load_address>
         <run_address>0xbbe1</run_address>
         <size>0x127</size>
         <input_file_ref idref="fl-40"/>
      </object_component>
      <object_component id="oc-35c">
         <name>.debug_info</name>
         <load_address>0xbd08</load_address>
         <run_address>0xbd08</run_address>
         <size>0x13b</size>
         <input_file_ref idref="fl-41"/>
      </object_component>
      <object_component id="oc-360">
         <name>.debug_info</name>
         <load_address>0xbe43</load_address>
         <run_address>0xbe43</run_address>
         <size>0x127</size>
         <input_file_ref idref="fl-42"/>
      </object_component>
      <object_component id="oc-34d">
         <name>.debug_info</name>
         <load_address>0xbf6a</load_address>
         <run_address>0xbf6a</run_address>
         <size>0x127</size>
         <input_file_ref idref="fl-43"/>
      </object_component>
      <object_component id="oc-287">
         <name>.debug_info</name>
         <load_address>0xc091</load_address>
         <run_address>0xc091</run_address>
         <size>0x266</size>
         <input_file_ref idref="fl-44"/>
      </object_component>
      <object_component id="oc-373">
         <name>.debug_info</name>
         <load_address>0xc2f7</load_address>
         <run_address>0xc2f7</run_address>
         <size>0x12b</size>
         <input_file_ref idref="fl-45"/>
      </object_component>
      <object_component id="oc-358">
         <name>.debug_info</name>
         <load_address>0xc422</load_address>
         <run_address>0xc422</run_address>
         <size>0x12b</size>
         <input_file_ref idref="fl-46"/>
      </object_component>
      <object_component id="oc-341">
         <name>.debug_info</name>
         <load_address>0xc54d</load_address>
         <run_address>0xc54d</run_address>
         <size>0x127</size>
         <input_file_ref idref="fl-47"/>
      </object_component>
      <object_component id="oc-2f1">
         <name>.debug_info</name>
         <load_address>0xc674</load_address>
         <run_address>0xc674</run_address>
         <size>0x147</size>
         <input_file_ref idref="fl-49"/>
      </object_component>
      <object_component id="oc-350">
         <name>.debug_info</name>
         <load_address>0xc7bb</load_address>
         <run_address>0xc7bb</run_address>
         <size>0x1e0</size>
         <input_file_ref idref="fl-4a"/>
      </object_component>
      <object_component id="oc-27c">
         <name>.debug_info</name>
         <load_address>0xc99b</load_address>
         <run_address>0xc99b</run_address>
         <size>0x179</size>
         <input_file_ref idref="fl-4b"/>
      </object_component>
      <object_component id="oc-329">
         <name>.debug_info</name>
         <load_address>0xcb14</load_address>
         <run_address>0xcb14</run_address>
         <size>0x10c</size>
         <input_file_ref idref="fl-4c"/>
      </object_component>
      <object_component id="oc-275">
         <name>.debug_info</name>
         <load_address>0xcc20</load_address>
         <run_address>0xcc20</run_address>
         <size>0x1b3</size>
         <input_file_ref idref="fl-4d"/>
      </object_component>
      <object_component id="oc-376">
         <name>.debug_info</name>
         <load_address>0xcdd3</load_address>
         <run_address>0xcdd3</run_address>
         <size>0x1fc</size>
         <input_file_ref idref="fl-4e"/>
      </object_component>
      <object_component id="oc-26f">
         <name>.debug_info</name>
         <load_address>0xcfcf</load_address>
         <run_address>0xcfcf</run_address>
         <size>0x1e5</size>
         <input_file_ref idref="fl-4f"/>
      </object_component>
      <object_component id="oc-297">
         <name>.debug_info</name>
         <load_address>0xd1b4</load_address>
         <run_address>0xd1b4</run_address>
         <size>0x106</size>
         <input_file_ref idref="fl-50"/>
      </object_component>
      <object_component id="oc-3d3">
         <name>.debug_info</name>
         <load_address>0xd2ba</load_address>
         <run_address>0xd2ba</run_address>
         <size>0x109</size>
         <input_file_ref idref="fl-51"/>
      </object_component>
      <object_component id="oc-365">
         <name>.debug_info</name>
[...]
         <value>0xb100</value>
      </symbol>
      <symbol id="sm-12">
         <name>__TI_pprof_out_hndl</name>
         <value>0xffffffff</value>
      </symbol>
      <symbol id="sm-13">
         <name>__TI_prof_data_start</name>
         <value>0xffffffff</value>
      </symbol>
      <symbol id="sm-14">
         <name>__TI_prof_data_size</name>
         <value>0xffffffff</value>
      </symbol>
      <symbol id="sm-a2">
         <name>IPC_SYSCFG_init</name>
         <value>0x814f6</value>
         <object_component_ref idref="oc-9a"/>
      </symbol>
      <symbol id="sm-a3">
         <name>I2C_init</name>
         <value>0x81420</value>
         <object_component_ref idref="oc-9a"/>
      </symbol>
      <symbol id="sm-a4">
         <name>INTERRUPT_init</name>
         <value>0x814f7</value>
         <object_component_ref idref="oc-9a"/>
      </symbol>
      <symbol id="sm-a5">
         <name>SCI_init</name>
         <value>0x8147a</value>
         <object_component_ref idref="oc-9a"/>
      </symbol>
      <symbol id="sm-a6">
         <name>Board_init</name>
         <value>0x81519</value>
         <object_component_ref idref="oc-9a"/>
      </symbol>
      <symbol id="sm-a7">
         <name>myI2C0_init</name>
         <value>0x81420</value>
         <object_component_ref idref="oc-9a"/>
      </symbol>
      <symbol id="sm-a8">
         <name>debuggerSerial_init</name>
         <value>0x8147a</value>
         <object_component_ref idref="oc-9a"/>
      </symbol>
      <symbol id="sm-d9">
         <name>INT_debuggerSerial_TX_ISR</name>
         <value>0x81f30</value>
         <object_component_ref idref="oc-a5"/>
      </symbol>
      <symbol id="sm-da">
         <name>INT_debuggerSerial_RX_ISR</name>
         <value>0x82e2</value>
         <object_component_ref idref="oc-99"/>
      </symbol>
      <symbol id="sm-db">
         <name>dataValue</name>
         <value>0xef36</value>
         <object_component_ref idref="oc-f3"/>
      </symbol>
      <symbol id="sm-dc">
         <name>main</name>
         <value>0x81b23</value>
         <object_component_ref idref="oc-25c"/>
      </symbol>
      <symbol id="sm-dd">
         <name>ipc0_ISR</name>
         <value>0x8282</value>
         <object_component_ref idref="oc-99"/>
      </symbol>
      <symbol id="sm-de">
         <name>print_counter</name>
         <value>0xef38</value>
         <object_component_ref idref="oc-f3"/>
      </symbol>
      <symbol id="sm-ed">
         <name>code_start</name>
         <value>0x80000</value>
         <object_component_ref idref="oc-8a"/>
      </symbol>
      <symbol id="sm-102">
         <name>Device_enableAllPeripherals</name>
         <value>0x8122a</value>
         <object_component_ref idref="oc-15a"/>
      </symbol>
      <symbol id="sm-103">
         <name>Device_initGPIO</name>
         <value>0x8120c</value>
         <object_component_ref idref="oc-15a"/>
      </symbol>
      <symbol id="sm-104">
         <name>Example_Fail</name>
         <value>0xef34</value>
         <object_component_ref idref="oc-201"/>
      </symbol>
      <symbol id="sm-105">
         <name>Example_setResultFail</name>
         <value>0x811b6</value>
         <object_component_ref idref="oc-15a"/>
      </symbol>
      <symbol id="sm-106">
         <name>Device_init</name>
         <value>0x812f6</value>
         <object_component_ref idref="oc-15a"/>
      </symbol>
      <symbol id="sm-107">
         <name>Example_Result</name>
         <value>0xef30</value>
         <object_component_ref idref="oc-201"/>
      </symbol>
      <symbol id="sm-108">
         <name>Device_enableUnbondedGPIOPullups</name>
         <value>0x811ec</value>
         <object_component_ref idref="oc-15a"/>
      </symbol>
      <symbol id="sm-109">
         <name>__error__</name>
         <value>0x811ae</value>
         <object_component_ref idref="oc-15a"/>
      </symbol>
      <symbol id="sm-10a">
         <name>Example_setResultPass</name>
         <value>0x811b1</value>
         <object_component_ref idref="oc-15a"/>
      </symbol>
      <symbol id="sm-10b">
         <name>Device_enableUnbondedGPIOPullupsFor176Pin</name>
         <value>0x811bc</value>
         <object_component_ref idref="oc-15a"/>
      </symbol>
      <symbol id="sm-10c">
         <name>Example_done</name>
         <value>0x811bb</value>
         <object_component_ref idref="oc-15a"/>
      </symbol>
      <symbol id="sm-10d">
         <name>Example_PassCount</name>
         <value>0xef32</value>
         <object_component_ref idref="oc-201"/>
      </symbol>
      <symbol id="sm-10e">
         <name>Device_enableUnbondedGPIOPullupsFor100Pin</name>
         <value>0x811cf</value>
         <object_component_ref idref="oc-15a"/>
      </symbol>
      <symbol id="sm-135">
         <name>TXDINT_data_sent</name>
         <value>0x8000</value>
         <object_component_ref idref="oc-ab"/>
      </symbol>
      <symbol id="sm-136">
         <name>RXAINT_recv_ready</name>
         <value>0x8231</value>
         <object_component_ref idref="oc-ab"/>
      </symbol>
      <symbol id="sm-137">
         <name>RXCINT_recv_ready</name>
         <value>0x81e0</value>
         <object_component_ref idref="oc-ab"/>
      </symbol>
      <symbol id="sm-138">
         <name>RXDINT_recv_ready</name>
         <value>0x818f</value>
         <object_component_ref idref="oc-ab"/>
      </symbol>
      <symbol id="sm-139">
         <name>TXCINT_data_sent</name>
         <value>0x8085</value>
         <object_component_ref idref="oc-ab"/>
      </symbol>
      <symbol id="sm-13a">
         <name>TXAINT_data_sent</name>
         <value>0x810a</value>
         <object_component_ref idref="oc-ab"/>
      </symbol>
      <symbol id="sm-13b">
         <name>SerialA</name>
         <value>0xc000</value>
         <object_component_ref idref="oc-125"/>
      </symbol>
      <symbol id="sm-13c">
         <name>SerialC</name>
         <value>0xcfc0</value>
         <object_component_ref idref="oc-125"/>
      </symbol>
      <symbol id="sm-13d">
         <name>SerialD</name>
         <value>0xdf80</value>
         <object_component_ref idref="oc-125"/>
      </symbol>
      <symbol id="sm-15d">
         <name>ScicRegs</name>
         <value>0x7220</value>
         <object_component_ref idref="oc-130"/>
      </symbol>
      <symbol id="sm-15e">
         <name>ScidRegs</name>
         <value>0x7230</value>
         <object_component_ref idref="oc-12d"/>
      </symbol>
      <symbol id="sm-15f">
         <name>PieCtrlRegs</name>
         <value>0xce0</value>
         <object_component_ref idref="oc-f9"/>
      </symbol>
      <symbol id="sm-160">
         <name>GpioDataRegs</name>
         <value>0x7f00</value>
         <object_component_ref idref="oc-f6"/>
      </symbol>
      <symbol id="sm-161">
         <name>SciaRegs</name>
         <value>0x7200</value>
         <object_component_ref idref="oc-ed"/>
      </symbol>
      <symbol id="sm-1e2">
         <name>Flash_initModule</name>
         <value>0x83a5</value>
         <object_component_ref idref="oc-204"/>
      </symbol>
      <symbol id="sm-204">
         <name>I2C_initController</name>
         <value>0x817f4</value>
         <object_component_ref idref="oc-fc"/>
      </symbol>
      <symbol id="sm-280">
         <name>Interrupt_disable</name>
         <value>0x8190f</value>
         <object_component_ref idref="oc-11a"/>
      </symbol>
      <symbol id="sm-281">
         <name>Interrupt_initModule</name>
         <value>0x81aaf</value>
         <object_component_ref idref="oc-303"/>
      </symbol>
      <symbol id="sm-282">
         <name>Interrupt_enable</name>
         <value>0x81aec</value>
         <object_component_ref idref="oc-114"/>
      </symbol>
      <symbol id="sm-283">
         <name>Interrupt_initVectorTable</name>
         <value>0x81d6a</value>
         <object_component_ref idref="oc-309"/>
      </symbol>
      <symbol id="sm-2ad">
         <name>IPC_sendCommand</name>
         <value>0x81858</value>
         <object_component_ref idref="oc-e7"/>
      </symbol>
      <symbol id="sm-2ae">
         <name>IPC_CPU1_To_CPU2_GetBuffer</name>
         <value>0x400</value>
         <object_component_ref idref="oc-17b"/>
      </symbol>
      <symbol id="sm-2af">
         <name>IPC_CPU1_To_CPU2_PutBuffer</name>
         <value>0x40</value>
         <object_component_ref idref="oc-178"/>
      </symbol>
      <symbol id="sm-2b0">
         <name>IPC_Instance</name>
         <value>0x82340</value>
         <object_component_ref idref="oc-f0"/>
      </symbol>
      <symbol id="sm-2b1">
         <name>IPC_readCommand</name>
         <value>0x8195d</value>
         <object_component_ref idref="oc-ce"/>
      </symbol>
      <symbol id="sm-32f">
         <name>SCI_clearInterruptStatus</name>
         <value>0x819a7</value>
         <object_component_ref idref="oc-102"/>
      </symbol>
      <symbol id="sm-330">
         <name>SCI_writeCharArray</name>
         <value>0x81a30</value>
         <object_component_ref idref="oc-e1"/>
      </symbol>
      <symbol id="sm-331">
         <name>SCI_setConfig</name>
         <value>0x81a71</value>
         <object_component_ref idref="oc-108"/>
      </symbol>
      <symbol id="sm-332">
         <name>SCI_enableInterrupt</name>
         <value>0x819ec</value>
         <object_component_ref idref="oc-10e"/>
      </symbol>
      <symbol id="sm-341">
         <name>sprintf</name>
         <value>0x81b57</value>
         <object_component_ref idref="oc-d5"/>
      </symbol>
      <symbol id="sm-34c">
         <name>_c_int00</name>
         <value>0x81e79</value>
         <object_component_ref idref="oc-146"/>
      </symbol>
      <symbol id="sm-34d">
         <name>__stack</name>
         <value>0xb000</value>
         <object_component_ref idref="oc-b1"/>
      </symbol>
      <symbol id="sm-356">
         <name>__c28xabi_orll</name>
         <value>0x81e69</value>
         <object_component_ref idref="oc-28b"/>
      </symbol>
      <symbol id="sm-357">
         <name>__c28xabi_xorll</name>
         <value>0x81e71</value>
         <object_component_ref idref="oc-28b"/>
      </symbol>
      <symbol id="sm-358">
         <name>__c28xabi_andll</name>
         <value>0x81e61</value>
         <object_component_ref idref="oc-28b"/>
      </symbol>
      <symbol id="sm-362">
         <name>__c28xabi_cmpll</name>
         <value>0x81d88</value>
         <object_component_ref idref="oc-281"/>
      </symbol>
      <symbol id="sm-363">
         <name>__c28xabi_cmpull</name>
         <value>0x81d9a</value>
         <object_component_ref idref="oc-281"/>
      </symbol>
      <symbol id="sm-36b">
         <name>__c28xabi_modu</name>
         <value>0x81f5a</value>
         <object_component_ref idref="oc-128"/>
      </symbol>
      <symbol id="sm-36c">
         <name>__c28xabi_divu</name>
         <value>0x81f55</value>
         <object_component_ref idref="oc-128"/>
      </symbol>
      <symbol id="sm-374">
         <name>__c28xabi_divul</name>
         <value>0x81c8a</value>
         <object_component_ref idref="oc-3c3"/>
      </symbol>
      <symbol id="sm-375">
         <name>__c28xabi_modul</name>
         <value>0x81c91</value>
         <object_component_ref idref="oc-3c3"/>
      </symbol>
      <symbol id="sm-376">
         <name>__c28xabi_modl</name>
         <value>0x81c7c</value>
         <object_component_ref idref="oc-3c3"/>
      </symbol>
      <symbol id="sm-377">
         <name>__c28xabi_divl</name>
         <value>0x81c6d</value>
         <object_component_ref idref="oc-3c3"/>
      </symbol>
      <symbol id="sm-389">
         <name>memcpy</name>
         <value>0x81dc3</value>
         <object_component_ref idref="oc-b4"/>
      </symbol>
      <symbol id="sm-396">
         <name>_system_pre_init</name>
         <value>0x81fab</value>
         <object_component_ref idref="oc-1d1"/>
      </symbol>
      <symbol id="sm-3a5">
         <name>__TI_auto_init_nobinit_nopinit</name>
         <value>0x81c18</value>
         <object_component_ref idref="oc-22c"/>
      </symbol>
      <symbol id="sm-3b2">
         <name>__TI_zero_init</name>
         <value>0x81f9c</value>
         <object_component_ref idref="oc-c2"/>
      </symbol>
      <symbol id="sm-3bf">
         <name>__TI_decompress_none</name>
         <value>0x81f85</value>
         <object_component_ref idref="oc-83"/>
      </symbol>
      <symbol id="sm-3d3">
         <name>__TI_decompress_lzss</name>
         <value>0x81bea</value>
         <object_component_ref idref="oc-7d"/>
      </symbol>
      <symbol id="sm-3e9">
         <name>C$$EXIT</name>
         <value>0x81c97</value>
         <object_component_ref idref="oc-1de"/>
      </symbol>
      <symbol id="sm-3ea">
         <name>abort</name>
         <value>0x81c97</value>
         <object_component_ref idref="oc-1de"/>
      </symbol>
      <symbol id="sm-3eb">
         <name>exit</name>
         <value>0x81c99</value>
         <object_component_ref idref="oc-1de"/>
      </symbol>
      <symbol id="sm-3ec">
         <name>__TI_dtors_ptr</name>
         <value>0xef44</value>
         <object_component_ref idref="oc-264"/>
      </symbol>
      <symbol id="sm-3ed">
         <name>__TI_cleanup_ptr</name>
         <value>0xef42</value>
         <object_component_ref idref="oc-264"/>
      </symbol>
      <symbol id="sm-3ee">
         <name>__TI_enable_exit_profile_output</name>
         <value>0xef40</value>
         <object_component_ref idref="oc-264"/>
      </symbol>
      <symbol id="sm-405">
         <name>_nop</name>
         <value>0x81f73</value>
         <object_component_ref idref="oc-315"/>
      </symbol>
      <symbol id="sm-406">
         <name>_lock</name>
         <value>0xef3c</value>
         <object_component_ref idref="oc-267"/>
      </symbol>
      <symbol id="sm-407">
         <name>_unlock</name>
         <value>0xef3e</value>
         <object_component_ref idref="oc-3a5"/>
      </symbol>
      <symbol id="sm-408">
         <name>_register_lock</name>
         <value>0x81f6f</value>
         <object_component_ref idref="oc-315"/>
      </symbol>
      <symbol id="sm-409">
         <name>_register_unlock</name>
         <value>0x81f6b</value>
         <object_component_ref idref="oc-315"/>
      </symbol>
      <symbol id="sm-418">
         <name>_args_main</name>
         <value>0x81f3d</value>
         <object_component_ref idref="oc-1d8"/>
      </symbol>
      <symbol id="sm-427">
         <name>memset</name>
         <value>0x81f95</value>
         <object_component_ref idref="oc-13f"/>
      </symbol>
      <symbol id="sm-435">
         <name>strlen</name>
         <value>0x81f8d</value>
         <object_component_ref idref="oc-db"/>
      </symbol>
      <symbol id="sm-59d">
         <name>__TI_printfi</name>
         <value>0x81029</value>
         <object_component_ref idref="oc-1f4"/>
      </symbol>
      <symbol id="sm-5a9">
         <name>__c28xabi_cmpd</name>
         <value>0x81c43</value>
         <object_component_ref idref="oc-336"/>
      </symbol>
      <symbol id="sm-5b7">
         <name>__c28xabi_mpyd</name>
         <value>0x816f2</value>
         <object_component_ref idref="oc-345"/>
      </symbol>
      <symbol id="sm-5c0">
         <name>__c28xabi_negd</name>
         <value>0x81f74</value>
         <object_component_ref idref="oc-33b"/>
      </symbol>
      <symbol id="sm-5c8">
         <name>__c28xabi_subd</name>
         <value>0x81f08</value>
         <object_component_ref idref="oc-35a"/>
      </symbol>
      <symbol id="sm-5d3">
         <name>__c28xabi_dtoi</name>
         <value>0x81d0a</value>
         <object_component_ref idref="oc-35f"/>
      </symbol>
      <symbol id="sm-5de">
         <name>__c28xabi_dtol</name>
         <value>0x81d4b</value>
         <object_component_ref idref="oc-34a"/>
      </symbol>
      <symbol id="sm-605">
         <name>__c28xabi_modull</name>
         <value>0x813be</value>
         <object_component_ref idref="oc-286"/>
      </symbol>
      <symbol id="sm-606">
         <name>__c28xabi_divull</name>
         <value>0x8138f</value>
         <object_component_ref idref="oc-286"/>
      </symbol>
      <symbol id="sm-607">
         <name>__c28xabi_divll</name>
         <value>0x81319</value>
         <object_component_ref idref="oc-286"/>
      </symbol>
      <symbol id="sm-608">
         <name>__c28xabi_modll</name>
         <value>0x81355</value>
         <object_component_ref idref="oc-286"/>
      </symbol>
      <symbol id="sm-614">
         <name>__c28xabi_itod</name>
         <value>0x81da6</value>
         <object_component_ref idref="oc-370"/>
      </symbol>
      <symbol id="sm-620">
         <name>__c28xabi_ltod</name>
         <value>0x81de0</value>
         <object_component_ref idref="oc-355"/>
      </symbol>
      <symbol id="sm-633">
         <name>__c28xabi_divd</name>
         <value>0x81667</value>
         <object_component_ref idref="oc-340"/>
      </symbol>
      <symbol id="sm-641">
         <name>_system_post_cinit</name>
         <value>0x81fad</value>
         <object_component_ref idref="oc-2ee"/>
      </symbol>
      <symbol id="sm-650">
         <name>__TI_ltoa</name>
         <value>0x81bba</value>
         <object_component_ref idref="oc-34f"/>
      </symbol>
      <symbol id="sm-665">
         <name>atoi</name>
         <value>0x81b89</value>
         <object_component_ref idref="oc-27b"/>
      </symbol>
      <symbol id="sm-670">
         <name>_ctypes_</name>
         <value>0x82000</value>
         <object_component_ref idref="oc-328"/>
      </symbol>
      <symbol id="sm-680">
         <name>memccpy</name>
         <value>0x81eea</value>
         <object_component_ref idref="oc-273"/>
      </symbol>
      <symbol id="sm-690">
         <name>strchr</name>
         <value>0x81f49</value>
         <object_component_ref idref="oc-375"/>
      </symbol>
      <symbol id="sm-69e">
         <name>strcpy</name>
         <value>0x81fa2</value>
         <object_component_ref idref="oc-26d"/>
      </symbol>
      <symbol id="sm-6a9">
         <name>errno</name>
         <value>0xef46</value>
         <object_component_ref idref="oc-296"/>
      </symbol>
      <symbol id="sm-6c0">
         <name>frexpl</name>
         <value>0x818b5</value>
         <object_component_ref idref="oc-364"/>
      </symbol>
      <symbol id="sm-6c1">
         <name>frexp</name>
         <value>0x818b5</value>
         <object_component_ref idref="oc-364"/>
      </symbol>
      <symbol id="sm-6e3">
         <name>scalbn</name>
         <value>0x81522</value>
         <object_component_ref idref="oc-36a"/>
      </symbol>
      <symbol id="sm-6e4">
         <name>scalbnl</name>
         <value>0x81522</value>
         <object_component_ref idref="oc-36a"/>
      </symbol>
      <symbol id="sm-6e5">
         <name>ldexpl</name>
         <value>0x81522</value>
         <object_component_ref idref="oc-36a"/>
      </symbol>
      <symbol id="sm-6e6">
         <name>ldexp</name>
         <value>0x81522</value>
         <object_component_ref idref="oc-36a"/>
      </symbol>
      <symbol id="sm-6f4">
         <name>copysign</name>
         <value>0x81ce6</value>
         <object_component_ref idref="oc-3da"/>
      </symbol>
      <symbol id="sm-6f5">
         <name>copysignl</name>
         <value>0x81ce6</value>
         <object_component_ref idref="oc-3da"/>
      </symbol>
      <symbol id="sm-704">
         <name>wcslen</name>
         <value>0x81f60</value>
         <object_component_ref idref="oc-290"/>
      </symbol>
      <symbol id="sm-71b">
         <name>__c28xabi_addd</name>
         <value>0x815cb</value>
         <object_component_ref idref="oc-3cb"/>
      </symbol>
      <symbol id="sm-71d">
         <name>__c_args__</name>
         <value>0x0</value>
      </symbol>
   </symbol_table>
   <title>Link successful</title>
</link_info>
