******************************************************************************
             TMS320C2000 Linker PC v22.6.0                     
******************************************************************************
>> Linked Sun Sep  3 01:11:22 2023

OUTPUT FILE NAME:   <multicore_lp_f2837xd_core2.out>
ENTRY POINT SYMBOL: "code_start"  address: 00080000


MEMORY CONFIGURATION

         name            origin    length      used     unused   attr    fill
----------------------  --------  ---------  --------  --------  ----  --------
PAGE 0:
  RAMM0                 00000123   000002dd  00000000  000002dd  RWIX
  RAMLS05               00008000   00003000  00000000  00003000  RWIX
  BEGIN                 00080000   00000002  00000002  00000000  RWIX
  FLASHA                00080002   00001ffe  00001c17  000003e7  RWIX
  FLASHB                00082000   00002000  00000000  00002000  RWIX
  FLASHC                00084000   00002000  00000000  00002000  RWIX
  FLASHD                00086000   00002000  00000000  00002000  RWIX
  FLASHE                00088000   00008000  00000000  00008000  RWIX
  FLASHF                00090000   00008000  00000000  00008000  RWIX
  FLASHG                00098000   00008000  00000000  00008000  RWIX
  FLASHH                000a0000   00008000  00000000  00008000  RWIX
  FLASHI                000a8000   00008000  00000000  00008000  RWIX
  FLASHJ                000b0000   00008000  00000000  00008000  RWIX
  FLASHK                000b8000   00002000  00000000  00002000  RWIX
  FLASHL                000ba000   00002000  00000000  00002000  RWIX
  FLASHM                000bc000   00002000  00000000  00002000  RWIX
  FLASHN                000be000   00001ff0  00000000  00001ff0  RWIX
  RESET                 003fffc0   00000002  00000000  00000002  RWIX

PAGE 1:
  BOOT_RSVD             00000002   00000121  00000000  00000121  RWIX
  RAMM1                 00000400   000003f8  00000000  000003f8  RWIX
  ADCA_RESULT           00000b00   00000020  00000000  00000020  RWIX
  ADCB_RESULT           00000b20   00000020  00000000  00000020  RWIX
  ADCC_RESULT           00000b40   00000020  00000000  00000020  RWIX
  ADCD_RESULT           00000b60   00000020  00000000  00000020  RWIX
  CPU_TIMER0            00000c00   00000008  00000000  00000008  RWIX
  CPU_TIMER1            00000c08   00000008  00000000  00000008  RWIX
  CPU_TIMER2            00000c10   00000008  00000000  00000008  RWIX
  PIE_CTRL              00000ce0   00000020  0000001a  00000006  RWIX
  PIE_VECT              00000d00   00000200  00000000  00000200  RWIX
  DMA                   00001000   00000200  00000000  00000200  RWIX
  CLA1                  00001400   00000040  00000000  00000040  RWIX
  EPWM1                 00004000   00000100  00000000  00000100  RWIX
  EPWM2                 00004100   00000100  00000000  00000100  RWIX
  EPWM3                 00004200   00000100  00000000  00000100  RWIX
  EPWM4                 00004300   00000100  00000000  00000100  RWIX
  EPWM5                 00004400   00000100  00000000  00000100  RWIX
  EPWM6                 00004500   00000100  00000000  00000100  RWIX
  EPWM7                 00004600   00000100  00000000  00000100  RWIX
  EPWM8                 00004700   00000100  00000000  00000100  RWIX
  EPWM9                 00004800   00000100  00000000  00000100  RWIX
  EPWM10                00004900   00000100  00000000  00000100  RWIX
  EPWM11                00004a00   00000100  00000000  00000100  RWIX
  EPWM12                00004b00   00000100  00000000  00000100  RWIX
  ECAP1                 00005000   00000020  00000000  00000020  RWIX
  ECAP2                 00005020   00000020  00000000  00000020  RWIX
  ECAP3                 00005040   00000020  00000000  00000020  RWIX
  ECAP4                 00005060   00000020  00000000  00000020  RWIX
  ECAP5                 00005080   00000020  00000000  00000020  RWIX
  ECAP6                 000050a0   00000020  00000000  00000020  RWIX
  EQEP1                 00005100   00000040  00000000  00000040  RWIX
  EQEP2                 00005140   00000040  00000000  00000040  RWIX
  EQEP3                 00005180   00000040  00000000  00000040  RWIX
  DACA                  00005c00   00000010  00000000  00000010  RWIX
  DACB                  00005c10   00000010  00000000  00000010  RWIX
  DACC                  00005c20   00000010  00000000  00000010  RWIX
  CMPSS1                00005c80   00000020  00000000  00000020  RWIX
  CMPSS2                00005ca0   00000020  00000000  00000020  RWIX
  CMPSS3                00005cc0   00000020  00000000  00000020  RWIX
  CMPSS4                00005ce0   00000020  00000000  00000020  RWIX
  CMPSS5                00005d00   00000020  00000000  00000020  RWIX
  CMPSS6                00005d20   00000020  00000000  00000020  RWIX
  CMPSS7                00005d40   00000020  00000000  00000020  RWIX
  CMPSS8                00005d60   00000020  00000000  00000020  RWIX
  SDFM1                 00005e00   00000080  00000000  00000080  RWIX
  SDFM2                 00005e80   00000080  00000000  00000080  RWIX
  MCBSPA                00006000   00000040  00000000  00000040  RWIX
  MCBSPB                00006040   00000040  00000000  00000040  RWIX
  SPIA                  00006100   00000010  00000000  00000010  RWIX
  SPIB                  00006110   00000010  00000000  00000010  RWIX
  SPIC                  00006120   00000010  00000000  00000010  RWIX
  SPID                  00006130   00000010  00000000  00000010  RWIX
  WD                    00007000   00000040  00000000  00000040  RWIX
  NMIINTRUPT            00007060   00000010  00000000  00000010  RWIX
  XINT                  00007070   00000010  00000000  00000010  RWIX
  SCIA                  00007200   00000010  00000010  00000000  RWIX
  SCIB                  00007210   00000010  00000000  00000010  RWIX
  SCIC                  00007220   00000010  00000010  00000000  RWIX
  SCID                  00007230   00000010  00000010  00000000  RWIX
  I2CA                  00007300   00000040  00000000  00000040  RWIX
  I2CB                  00007340   00000040  00000000  00000040  RWIX
  ADCA                  00007400   00000080  00000000  00000080  RWIX
  ADCB                  00007480   00000080  00000000  00000080  RWIX
  ADCC                  00007500   00000080  00000000  00000080  RWIX
  ADCD                  00007580   00000080  00000000  00000080  RWIX
  DMACLASRCSEL          00007980   00000040  00000000  00000040  RWIX
  GPIOCTRL              00007c00   00000180  00000000  00000180  RWIX
  GPIODAT               00007f00   00000030  00000000  00000030  RWIX
  RAMD01                0000b000   00001000  00000100  00000f00  RWIX
  RAMGS015              0000c000   0000fff8  00002f41  0000d0b7  RWIX
  CPU2TOCPU1RAM         0003f800   00000400  00000000  00000400  RWIX
  CPU1TOCPU2RAM         0003fc00   00000400  00000000  00000400  RWIX
  EMIF1                 00047000   00000800  00000000  00000800  RWIX
  EMIF2                 00047800   00000800  00000000  00000800  RWIX
  CANA                  00048000   00000800  00000000  00000800  RWIX
  CANB                  0004a000   00000800  00000000  00000800  RWIX
  IPC                   00050000   00000024  00000000  00000024  RWIX
  FLASHPUMPSEMAPHORE    00050024   00000002  00000000  00000002  RWIX
  CLK_CFG               0005d200   00000100  00000032  000000ce  RWIX
  CPU_SYS               0005d300   00000100  00000000  00000100  RWIX
  DCSM_Z1               0005f000   00000030  00000000  00000030  RWIX
  DCSM_Z2               0005f040   00000030  00000000  00000030  RWIX
  DCSM_COMMON           0005f070   00000010  00000000  00000010  RWIX
  MEMCFG                0005f400   00000080  00000000  00000080  RWIX
  EMIF1CONFIG           0005f480   00000020  00000000  00000020  RWIX
  ACCESSPROTECTION      0005f4c0   00000040  00000000  00000040  RWIX
  MEMORYERROR           0005f500   00000040  00000000  00000040  RWIX
  FLASH0_CTRL           0005f800   00000300  00000000  00000300  RWIX
  FLASH0_ECC            0005fb00   00000040  00000000  00000040  RWIX


SECTION ALLOCATION MAP

 output                                  attributes/
section   page    origin      length       input sections
--------  ----  ----------  ----------   ----------------
codestart 
*          0    00080000    00000002     
                  00080000    00000002     F2837xD_CodeStartBranch.obj (codestart)

.cinit     0    00081be0    00000048     
                  00081be0    0000000b     (.cinit..data.load) [load image, compression = lzss]
                  00081beb    00000001     --HOLE-- [fill = 0]
                  00081bec    00000006     (__TI_handler_table)
                  00081bf2    00000004     (.cinit..bss.load) [load image, compression = zero_init]
                  00081bf6    00000004     (.cinit.ClkCfgRegsFile.load) [load image, compression = zero_init]
                  00081bfa    00000004     (.cinit.PieCtrlRegsFile.load) [load image, compression = zero_init]
                  00081bfe    00000004     (.cinit.SciaRegsFile.load) [load image, compression = zero_init]
                  00081c02    00000004     (.cinit.ScicRegsFile.load) [load image, compression = zero_init]
                  00081c06    00000004     (.cinit.ScidRegsFile.load) [load image, compression = zero_init]
                  00081c0a    00000002     --HOLE-- [fill = 0]
                  00081c0c    0000001c     (__TI_cinit_table)

.stack     1    0000b000    00000100     UNINITIALIZED
                  0000b000    00000100     --HOLE--

.reset     0    003fffc0    00000000     DSECT

.init_array 
*          0    00080008    00000000     UNINITIALIZED

.bss       1    0000c000    00002f30     UNINITIALIZED
                  0000c000    00002f30     F28379dSerial.obj (.bss)

.data      1    0000ef30    00000011     UNINITIALIZED
                  0000ef30    00000006     device.obj (.data)
                  0000ef36    00000006     rts2800_fpu32_eabi.lib : exit.c.obj (.data)
                  0000ef3c    00000002                            : _lock.c.obj (.data:_lock)
                  0000ef3e    00000002                            : _lock.c.obj (.data:_unlock)
                  0000ef40    00000001                            : errno.c.obj (.data)

.const     0    00081a70    0000016c     
                  00081a70    00000101     rts2800_fpu32_eabi.lib : ctype.c.obj (.const:.string:_ctypes_)
                  00081b71    00000001     --HOLE-- [fill = 0]
                  00081b72    00000026                            : _printfi.c.obj (.const:.string)
                  00081b98    0000001c                            : _printfi.c.obj (.const)
                  00081bb4    00000008                            : s_frexp.c.obj (.const)
                  00081bbc    00000004     --HOLE-- [fill = 0]
                  00081bc0    0000001c                            : s_scalbn.c.obj (.const)

.TI.ramfunc 
*          0    00008000    00000000     UNINITIALIZED

GETBUFFER 
*          0    0003f800    00000000     DSECT

GETWRITEIDX 
*          0    0003f800    00000000     DSECT

PUTREADIDX 
*          0    0003f800    00000000     DSECT

Cla1SoftIntRegsFile 
*          1    00000ce0    00000000     DSECT

PieCtrlRegsFile 
*          1    00000ce0    0000001a     UNINITIALIZED
                  00000ce0    0000001a     F2837xD_GlobalVariableDefs.obj (PieCtrlRegsFile)

SciaRegsFile 
*          1    00007200    00000010     UNINITIALIZED
                  00007200    00000010     F2837xD_GlobalVariableDefs.obj (SciaRegsFile)

ScicRegsFile 
*          1    00007220    00000010     UNINITIALIZED
                  00007220    00000010     F2837xD_GlobalVariableDefs.obj (ScicRegsFile)

ScidRegsFile 
*          1    00007230    00000010     UNINITIALIZED
                  00007230    00000010     F2837xD_GlobalVariableDefs.obj (ScidRegsFile)

ClkCfgRegsFile 
*          1    0005d200    00000032     UNINITIALIZED
                  0005d200    00000032     F2837xD_GlobalVariableDefs.obj (ClkCfgRegsFile)

.text      0    00080008    00001a63     
                  00080008    000006c2     rts2800_fpu32_eabi.lib : _printfi.c.obj (.text)
                  000806ca    00000614                            : _printfi.c.obj (.text:__TI_printfi)
                  00080cde    00000253     F28379dSerial.obj (.text)
                  00080f31    000001e6     F28379dSerial.obj (.text:retain)
                  00081117    0000018f     device.obj (.text)
                  000812a6    00000107     rts2800_fpu32_eabi.lib : ll_div28.asm.obj (.text)
                  000813ad    000000a9                            : s_scalbn.c.obj (.text)
                  00081456    0000009c                            : fd_add28.asm.obj (.text)
                  000814f2    0000008b                            : fd_div28.asm.obj (.text)
                  0008157d    00000083                            : fd_mpy28.asm.obj (.text)
                  00081600    0000005a                            : s_frexp.c.obj (.text)
                  0008165a    0000003d     driverlib_eabi.lib : interrupt.obj (.text:Interrupt_initModule)
                  00081697    00000031     rts2800_fpu32_eabi.lib : atoi.c.obj (.text)
                  000816c8    00000030                            : _ltoa.c.obj (.text)
                  000816f8    00000030                            : vsprintf.c.obj (.text)
                  00081728    0000002e                            : copy_decompress_lzss.c.obj (.text:decompress:lzss)
                  00081756    0000002d     F28379dSerial.obj (.text:buf_write_1)
                  00081783    0000002b     rts2800_fpu32_eabi.lib : autoinit.c.obj (.text:__TI_auto_init_nobinit_nopinit)
                  000817ae    0000002b     F28379dSerial.obj (.text:buf_remove)
                  000817d9    0000002a     rts2800_fpu32_eabi.lib : fd_cmp28.asm.obj (.text)
                  00081803    0000002a                            : l_div28.asm.obj (.text)
                  0008182d    00000029                            : exit.c.obj (.text)
                  00081856    00000025     F28379dSerial.obj (.text:buf_read_1)
                  0008187b    00000024     rts2800_fpu32_eabi.lib : s_copysign.c.obj (.text)
                  0008189f    00000021                            : fd_toi28.asm.obj (.text)
                  000818c0    0000001f                            : fd_tol28.asm.obj (.text)
                  000818df    0000001e     driverlib_eabi.lib : interrupt.obj (.text:Interrupt_initVectorTable)
                  000818fd    0000001e     rts2800_fpu32_eabi.lib : ll_cmp28.asm.obj (.text)
                  0008191b    0000001d                            : i_tofd28.asm.obj (.text)
                  00081938    0000001d                            : memcpy.c.obj (.text)
                  00081955    0000001c                            : l_tofd28.asm.obj (.text)
                  00081971    00000018                            : ll_aox28.asm.obj (.text)
                  00081989    00000017                            : boot28.asm.obj (.text)
                  000819a0    00000013     F28379dSerial.obj (.text:init_buffer)
                  000819b3    00000010     rts2800_fpu32_eabi.lib : memccpy.c.obj (.text)
                  000819c3    0000000e     driverlib_eabi.lib : interrupt.obj (.text:Interrupt_defaultHandler)
                  000819d1    0000000e     rts2800_fpu32_eabi.lib : fd_sub28.asm.obj (.text)
                  000819df    0000000d     driverlib_eabi.lib : interrupt.obj (.text:Interrupt_disableGlobal)
                  000819ec    0000000c     lab_main_cpu2.obj (.text)
                  000819f8    0000000c     rts2800_fpu32_eabi.lib : args_main.c.obj (.text)
                  00081a04    0000000c                            : strchr.c.obj (.text)
                  00081a10    0000000b                            : u_div28.asm.obj (.text)
                  00081a1b    0000000b                            : wcslen.c.obj (.text)
                  00081a26    00000009                            : _lock.c.obj (.text)
                  00081a2f    00000009                            : fd_neg28.asm.obj (.text)
                  00081a38    00000008     F2837xD_CodeStartBranch.obj (.text)
                  00081a40    00000008     rts2800_fpu32_eabi.lib : copy_decompress_none.c.obj (.text:decompress:none)
                  00081a48    00000008                            : strlen.c.obj (.text)
                  00081a50    00000007                            : memset.c.obj (.text)
                  00081a57    00000006                            : copy_zero_init.c.obj (.text:decompress:ZI)
                  00081a5d    00000005                            : strcpy.c.obj (.text)
                  00081a62    00000002     driverlib_eabi.lib : interrupt.obj (.text:Interrupt_illegalOperationHandler)
                  00081a64    00000002                        : interrupt.obj (.text:Interrupt_nmiHandler)
                  00081a66    00000002     board.obj (.text)
                  00081a68    00000002     rts2800_fpu32_eabi.lib : pre_init.c.obj (.text)
                  00081a6a    00000001                            : startup.c.obj (.text)

MODULE SUMMARY

       Module                           code   ro data   rw data
       ------                           ----   -------   -------
    .\
       lab_main_cpu2.obj                12     0         0      
    +--+--------------------------------+------+---------+---------+
       Total:                           12     0         0      
                                                                
    .\device\
       device.obj                       399    0         6      
       F2837xD_CodeStartBranch.obj      10     0         0      
    +--+--------------------------------+------+---------+---------+
       Total:                           409    0         6      
                                                                
    .\driver_files\
       F28379dSerial.obj                1225   0         12080  
       F2837xD_GlobalVariableDefs.obj   0      0         124    
    +--+--------------------------------+------+---------+---------+
       Total:                           1225   0         12204  
                                                                
    .\syscfg\
       board.obj                        2      0         0      
    +--+--------------------------------+------+---------+---------+
       Total:                           2      0         0      
                                                                
    C:\ti\c2000\C2000Ware_5_00_00_00\driverlib\f2837xd\driverlib\ccs\Debug\driverlib_eabi.lib
       interrupt.obj                    122    0         0      
    +--+--------------------------------+------+---------+---------+
       Total:                           122    0         0      
                                                                
    C:\ti\ccs1210\ccs\tools\compiler\ti-cgt-c2000_22.6.0.LTS\lib\rts2800_fpu32_eabi.lib
       _printfi.c.obj                   3286   66        0      
       ll_div28.asm.obj                 263    0         0      
       ctype.c.obj                      0      257       0      
       s_scalbn.c.obj                   169    28        0      
       fd_add28.asm.obj                 156    0         0      
       fd_div28.asm.obj                 139    0         0      
       fd_mpy28.asm.obj                 131    0         0      
       s_frexp.c.obj                    90     8         0      
       atoi.c.obj                       49     0         0      
       _ltoa.c.obj                      48     0         0      
       vsprintf.c.obj                   48     0         0      
       exit.c.obj                       41     0         6      
       copy_decompress_lzss.c.obj       46     0         0      
       autoinit.c.obj                   43     0         0      
       fd_cmp28.asm.obj                 42     0         0      
       l_div28.asm.obj                  42     0         0      
       s_copysign.c.obj                 36     0         0      
       fd_toi28.asm.obj                 33     0         0      
       fd_tol28.asm.obj                 31     0         0      
       ll_cmp28.asm.obj                 30     0         0      
       i_tofd28.asm.obj                 29     0         0      
       memcpy.c.obj                     29     0         0      
       l_tofd28.asm.obj                 28     0         0      
       ll_aox28.asm.obj                 24     0         0      
       boot28.asm.obj                   23     0         0      
       memccpy.c.obj                    16     0         0      
       fd_sub28.asm.obj                 14     0         0      
       _lock.c.obj                      9      0         4      
       args_main.c.obj                  12     0         0      
       strchr.c.obj                     12     0         0      
       u_div28.asm.obj                  11     0         0      
       wcslen.c.obj                     11     0         0      
       fd_neg28.asm.obj                 9      0         0      
       copy_decompress_none.c.obj       8      0         0      
       strlen.c.obj                     8      0         0      
       memset.c.obj                     7      0         0      
       copy_zero_init.c.obj             6      0         0      
       strcpy.c.obj                     5      0         0      
       pre_init.c.obj                   2      0         0      
       errno.c.obj                      0      0         1      
       startup.c.obj                    1      0         0      
    +--+--------------------------------+------+---------+---------+
       Total:                           4987   359       11     
                                                                
       Stack:                           0      0         256    
       Linker Generated:                0      69        0      
    +--+--------------------------------+------+---------+---------+
       Grand Total:                     6757   428       12477  


LINKER GENERATED COPY TABLES

__TI_cinit_table @ 00081c0c records: 7, size/record: 4, table size: 28
	.data: load addr=00081be0, load size=0000000b bytes, run addr=0000ef30, run size=00000011 bytes, compression=lzss
	.bss: load addr=00081bf2, load size=00000004 bytes, run addr=0000c000, run size=00002f30 bytes, compression=zero_init
	ClkCfgRegsFile: load addr=00081bf6, load size=00000004 bytes, run addr=0005d200, run size=00000032 bytes, compression=zero_init
	PieCtrlRegsFile: load addr=00081bfa, load size=00000004 bytes, run addr=00000ce0, run size=0000001a bytes, compression=zero_init
	SciaRegsFile: load addr=00081bfe, load size=00000004 bytes, run addr=00007200, run size=00000010 bytes, compression=zero_init
	ScicRegsFile: load addr=00081c02, load size=00000004 bytes, run addr=00007220, run size=00000010 bytes, compression=zero_init
	ScidRegsFile: load addr=00081c06, load size=00000004 bytes, run addr=00007230, run size=00000010 bytes, compression=zero_init


LINKER GENERATED HANDLER TABLE

__TI_handler_table @ 00081bec records: 3, size/record: 2, table size: 6
	index: 0, handler: __TI_zero_init
	index: 1, handler: __TI_decompress_lzss
	index: 2, handler: __TI_decompress_none


GLOBAL DATA SYMBOLS: SORTED BY DATA PAGE

address     data page           name
--------    ----------------    ----
00000ce0      33 (00000cc0)     PieCtrlRegs

00007200     1c8 (00007200)     SciaRegs
00007220     1c8 (00007200)     ScicRegs
00007230     1c8 (00007200)     ScidRegs

0000b000     2c0 (0000b000)     __stack

0000c000     300 (0000c000)     SerialA

0000cfc0     33f (0000cfc0)     SerialC

0000df80     37e (0000df80)     SerialD

0000ef30     3bc (0000ef00)     Example_Result
0000ef32     3bc (0000ef00)     Example_PassCount
0000ef34     3bc (0000ef00)     Example_Fail
0000ef36     3bc (0000ef00)     __TI_enable_exit_profile_output
0000ef38     3bc (0000ef00)     __TI_cleanup_ptr
0000ef3a     3bc (0000ef00)     __TI_dtors_ptr
0000ef3c     3bc (0000ef00)     _lock
0000ef3e     3bc (0000ef00)     _unlock

0000ef40     3bd (0000ef40)     errno

0005d200    1748 (0005d200)     ClkCfgRegs

00081a70    2069 (00081a40)     _ctypes_


GLOBAL SYMBOLS: SORTED ALPHABETICALLY BY Name 

page  address   name                                     
----  -------   ----                                     
0     00081a66  Board_init                               
0     0008182d  C$$EXIT                                  
1     0005d200  ClkCfgRegs                               
0     00081154  Device_enableAllPeripherals              
0     0008127e  Device_enableUnbondedGPIOPullups         
0     00081261  Device_enableUnbondedGPIOPullupsFor100Pin
0     0008124e  Device_enableUnbondedGPIOPullupsFor176Pin
0     0008114b  Device_init                              
0     0008122d  Device_initGPIO                          
1     0000ef34  Example_Fail                             
1     0000ef32  Example_PassCount                        
1     0000ef30  Example_Result                           
0     000812a5  Example_done                             
0     000812a0  Example_setResultFail                    
0     0008129b  Example_setResultPass                    
0     0008165a  Interrupt_initModule                     
0     000818df  Interrupt_initVectorTable                
1     00000ce0  PieCtrlRegs                              
0     00081072  RXAINT_recv_ready                        
0     000810a9  RXCINT_recv_ready                        
0     000810e0  RXDINT_recv_ready                        
0     00008000  RamfuncsLoadEnd                          
abs   00000000  RamfuncsLoadSize                         
0     00008000  RamfuncsLoadStart                        
0     00008000  RamfuncsRunEnd                           
abs   00000000  RamfuncsRunSize                          
0     00008000  RamfuncsRunStart                         
1     00007200  SciaRegs                                 
1     00007220  ScicRegs                                 
1     00007230  ScidRegs                                 
1     0000c000  SerialA                                  
1     0000cfc0  SerialC                                  
1     0000df80  SerialD                                  
0     00080f31  TXAINT_data_sent                         
0     00080f9c  TXCINT_data_sent                         
0     00081007  TXDINT_data_sent                         
0     00080f24  UART_printfLine                          
0     00080ece  UART_vprintfLine                         
0     00081c0c  __TI_CINIT_Base                          
0     00081c28  __TI_CINIT_Limit                         
0     00081c28  __TI_CINIT_Warm                          
0     00081bec  __TI_Handler_Table_Base                  
0     00081bf2  __TI_Handler_Table_Limit                 
1     0000b100  __TI_STACK_END                           
abs   00000100  __TI_STACK_SIZE                          
0     00081783  __TI_auto_init_nobinit_nopinit           
1     0000ef38  __TI_cleanup_ptr                         
0     00081728  __TI_decompress_lzss                     
0     00081a40  __TI_decompress_none                     
1     0000ef3a  __TI_dtors_ptr                           
1     0000ef36  __TI_enable_exit_profile_output          
0     000816c8  __TI_ltoa                                
abs   ffffffff  __TI_pprof_out_hndl                      
0     00080b59  __TI_printfi                             
abs   ffffffff  __TI_prof_data_size                      
abs   ffffffff  __TI_prof_data_start                     
0     00081a57  __TI_zero_init                           
0     00081456  __c28xabi_addd                           
0     00081971  __c28xabi_andll                          
0     000817d9  __c28xabi_cmpd                           
0     000818fd  __c28xabi_cmpll                          
0     0008190f  __c28xabi_cmpull                         
0     000814f2  __c28xabi_divd                           
0     00081803  __c28xabi_divl                           
0     000812a6  __c28xabi_divll                          
0     00081a10  __c28xabi_divu                           
0     00081820  __c28xabi_divul                          
0     0008131c  __c28xabi_divull                         
0     0008189f  __c28xabi_dtoi                           
0     000818c0  __c28xabi_dtol                           
0     0008191b  __c28xabi_itod                           
0     00081955  __c28xabi_ltod                           
0     00081812  __c28xabi_modl                           
0     000812e2  __c28xabi_modll                          
0     00081a15  __c28xabi_modu                           
0     00081827  __c28xabi_modul                          
0     0008134b  __c28xabi_modull                         
0     0008157d  __c28xabi_mpyd                           
0     00081a2f  __c28xabi_negd                           
0     00081979  __c28xabi_orll                           
0     000819d1  __c28xabi_subd                           
0     00081981  __c28xabi_xorll                          
n/a   UNDEFED   __c_args__                               
0     00081294  __error__                                
1     0000b000  __stack                                  
0     000819f8  _args_main                               
0     00081989  _c_int00                                 
0     00081a70  _ctypes_                                 
1     0000ef3c  _lock                                    
0     00081a2e  _nop                                     
0     00081a2a  _register_lock                           
0     00081a26  _register_unlock                         
0     00081a6a  _system_post_cinit                       
0     00081a68  _system_pre_init                         
1     0000ef3e  _unlock                                  
0     0008182d  abort                                    
0     00081697  atoi                                     
0     00081856  buf_read_1                               
0     000817ae  buf_remove                               
0     00081756  buf_write_1                              
0     00080000  code_start                               
0     0008187b  copysign                                 
0     0008187b  copysignl                                
1     0000ef40  errno                                    
0     0008182f  exit                                     
0     00081600  frexp                                    
0     00081600  frexpl                                   
0     000819a0  init_buffer                              
0     00080d1c  init_serial                              
0     000813ad  ldexp                                    
0     000813ad  ldexpl                                   
0     000819ec  main                                     
0     000819b3  memccpy                                  
0     00081938  memcpy                                   
0     00081a50  memset                                   
0     000813ad  scalbn                                   
0     000813ad  scalbnl                                  
0     00080eaa  serial_printf                            
0     00080e76  serial_send                              
0     00081a04  strchr                                   
0     00081a5d  strcpy                                   
0     00081a48  strlen                                   
0     00080e34  uninit_serial                            
0     000816f8  vsprintf                                 
0     00081a1b  wcslen                                   


GLOBAL SYMBOLS: SORTED BY Symbol Address 

page  address   name                                     
----  -------   ----                                     
0     00008000  RamfuncsLoadEnd                          
0     00008000  RamfuncsLoadStart                        
0     00008000  RamfuncsRunEnd                           
0     00008000  RamfuncsRunStart                         
0     00080000  code_start                               
0     00080b59  __TI_printfi                             
0     00080d1c  init_serial                              
0     00080e34  uninit_serial                            
0     00080e76  serial_send                              
0     00080eaa  serial_printf                            
0     00080ece  UART_vprintfLine                         
0     00080f24  UART_printfLine                          
0     00080f31  TXAINT_data_sent                         
0     00080f9c  TXCINT_data_sent                         
0     00081007  TXDINT_data_sent                         
0     00081072  RXAINT_recv_ready                        
0     000810a9  RXCINT_recv_ready                        
0     000810e0  RXDINT_recv_ready                        
0     0008114b  Device_init                              
0     00081154  Device_enableAllPeripherals              
0     0008122d  Device_initGPIO                          
0     0008124e  Device_enableUnbondedGPIOPullupsFor176Pin
0     00081261  Device_enableUnbondedGPIOPullupsFor100Pin
0     0008127e  Device_enableUnbondedGPIOPullups         
0     00081294  __error__                                
0     0008129b  Example_setResultPass                    
0     000812a0  Example_setResultFail                    
0     000812a5  Example_done                             
0     000812a6  __c28xabi_divll                          
0     000812e2  __c28xabi_modll                          
0     0008131c  __c28xabi_divull                         
0     0008134b  __c28xabi_modull                         
0     000813ad  ldexp                                    
0     000813ad  ldexpl                                   
0     000813ad  scalbn                                   
0     000813ad  scalbnl                                  
0     00081456  __c28xabi_addd                           
0     000814f2  __c28xabi_divd                           
0     0008157d  __c28xabi_mpyd                           
0     00081600  frexp                                    
0     00081600  frexpl                                   
0     0008165a  Interrupt_initModule                     
0     00081697  atoi                                     
0     000816c8  __TI_ltoa                                
0     000816f8  vsprintf                                 
0     00081728  __TI_decompress_lzss                     
0     00081756  buf_write_1                              
0     00081783  __TI_auto_init_nobinit_nopinit           
0     000817ae  buf_remove                               
0     000817d9  __c28xabi_cmpd                           
0     00081803  __c28xabi_divl                           
0     00081812  __c28xabi_modl                           
0     00081820  __c28xabi_divul                          
0     00081827  __c28xabi_modul                          
0     0008182d  C$$EXIT                                  
0     0008182d  abort                                    
0     0008182f  exit                                     
0     00081856  buf_read_1                               
0     0008187b  copysign                                 
0     0008187b  copysignl                                
0     0008189f  __c28xabi_dtoi                           
0     000818c0  __c28xabi_dtol                           
0     000818df  Interrupt_initVectorTable                
0     000818fd  __c28xabi_cmpll                          
0     0008190f  __c28xabi_cmpull                         
0     0008191b  __c28xabi_itod                           
0     00081938  memcpy                                   
0     00081955  __c28xabi_ltod                           
0     00081971  __c28xabi_andll                          
0     00081979  __c28xabi_orll                           
0     00081981  __c28xabi_xorll                          
0     00081989  _c_int00                                 
0     000819a0  init_buffer                              
0     000819b3  memccpy                                  
0     000819d1  __c28xabi_subd                           
0     000819ec  main                                     
0     000819f8  _args_main                               
0     00081a04  strchr                                   
0     00081a10  __c28xabi_divu                           
0     00081a15  __c28xabi_modu                           
0     00081a1b  wcslen                                   
0     00081a26  _register_unlock                         
0     00081a2a  _register_lock                           
0     00081a2e  _nop                                     
0     00081a2f  __c28xabi_negd                           
0     00081a40  __TI_decompress_none                     
0     00081a48  strlen                                   
0     00081a50  memset                                   
0     00081a57  __TI_zero_init                           
0     00081a5d  strcpy                                   
0     00081a66  Board_init                               
0     00081a68  _system_pre_init                         
0     00081a6a  _system_post_cinit                       
0     00081a70  _ctypes_                                 
0     00081bec  __TI_Handler_Table_Base                  
0     00081bf2  __TI_Handler_Table_Limit                 
0     00081c0c  __TI_CINIT_Base                          
0     00081c28  __TI_CINIT_Limit                         
0     00081c28  __TI_CINIT_Warm                          
1     00000ce0  PieCtrlRegs                              
1     00007200  SciaRegs                                 
1     00007220  ScicRegs                                 
1     00007230  ScidRegs                                 
1     0000b000  __stack                                  
1     0000b100  __TI_STACK_END                           
1     0000c000  SerialA                                  
1     0000cfc0  SerialC                                  
1     0000df80  SerialD                                  
1     0000ef30  Example_Result                           
1     0000ef32  Example_PassCount                        
1     0000ef34  Example_Fail                             
1     0000ef36  __TI_enable_exit_profile_output          
1     0000ef38  __TI_cleanup_ptr                         
1     0000ef3a  __TI_dtors_ptr                           
1     0000ef3c  _lock                                    
1     0000ef3e  _unlock                                  
1     0000ef40  errno                                    
1     0005d200  ClkCfgRegs                               
abs   00000000  RamfuncsLoadSize                         
abs   00000000  RamfuncsRunSize                          
abs   00000100  __TI_STACK_SIZE                          
abs   ffffffff  __TI_pprof_out_hndl                      
abs   ffffffff  __TI_prof_data_size                      
abs   ffffffff  __TI_prof_data_start                     
n/a   UNDEFED   __c_args__                               

[125 symbols]
