<?xml version="1.0" encoding="ISO-8859-1" ?>
<link_info>
   <banner>TMS320C2000 Linker PC v22.6.0.LTS</banner>
   <copyright>Copyright (c) 1996-2018 Texas Instruments Incorporated</copyright>
   <link_time>0x651cdd55</link_time>
   <link_errors>0x0</link_errors>
   <output_file>coecsl_foc_controller_core1.out</output_file>
   <entry_point>
      <name>code_start</name>
      <address>0x80000</address>
   </entry_point>
   <input_file_list>
      <input_file id="fl-2">
         <path>.\</path>
         <kind>object</kind>
         <file>cla_tasks.obj</file>
         <name>cla_tasks.obj</name>
      </input_file>
      <input_file id="fl-3">
         <path>.\</path>
         <kind>object</kind>
         <file>drv8323.obj</file>
         <name>drv8323.obj</name>
      </input_file>
      <input_file id="fl-4">
         <path>.\syscfg\</path>
         <kind>object</kind>
         <file>board.obj</file>
         <name>board.obj</name>
      </input_file>
      <input_file id="fl-5">
         <path>.\syscfg\</path>
         <kind>object</kind>
         <file>c2000ware_libraries.obj</file>
         <name>c2000ware_libraries.obj</name>
      </input_file>
      <input_file id="fl-6">
         <path>.\</path>
         <kind>object</kind>
         <file>main_cpu1.obj</file>
         <name>main_cpu1.obj</name>
      </input_file>
      <input_file id="fl-7">
         <path>.\device\</path>
         <kind>object</kind>
         <file>F2837xD_CodeStartBranch.obj</file>
         <name>F2837xD_CodeStartBranch.obj</name>
      </input_file>
      <input_file id="fl-8">
         <path>.\device\</path>
         <kind>object</kind>
         <file>device.obj</file>
         <name>device.obj</name>
      </input_file>
      <input_file id="fl-9">
         <path>.\driver_files\</path>
         <kind>object</kind>
         <file>F28379dSerial.obj</file>
         <name>F28379dSerial.obj</name>
      </input_file>
      <input_file id="fl-a">
         <path>.\driver_files\</path>
         <kind>object</kind>
         <file>F2837xD_Adc.obj</file>
         <name>F2837xD_Adc.obj</name>
      </input_file>
      <input_file id="fl-b">
         <path>.\driver_files\</path>
         <kind>object</kind>
         <file>F2837xD_EPwm.obj</file>
         <name>F2837xD_EPwm.obj</name>
      </input_file>
      <input_file id="fl-c">
         <path>.\driver_files\</path>
         <kind>object</kind>
         <file>F2837xD_GlobalVariableDefs.obj</file>
         <name>F2837xD_GlobalVariableDefs.obj</name>
      </input_file>
      <input_file id="fl-d">
         <path>.\driver_files\</path>
         <kind>object</kind>
         <file>F2837xD_Gpio.obj</file>
         <name>F2837xD_Gpio.obj</name>
      </input_file>
      <input_file id="fl-e">
         <path>.\driver_files\</path>
         <kind>object</kind>
         <file>F2837xD_Ipc.obj</file>
         <name>F2837xD_Ipc.obj</name>
      </input_file>
      <input_file id="fl-f">
         <path>.\driver_files\</path>
         <kind>object</kind>
         <file>F2837xD_Ipc_Driver_Util.obj</file>
         <name>F2837xD_Ipc_Driver_Util.obj</name>
      </input_file>
      <input_file id="fl-10">
         <path>.\driver_files\</path>
         <kind>object</kind>
         <file>F2837xD_PieCtrl.obj</file>
         <name>F2837xD_PieCtrl.obj</name>
      </input_file>
      <input_file id="fl-11">
         <path>.\driver_files\</path>
         <kind>object</kind>
         <file>F2837xD_PieVect.obj</file>
         <name>F2837xD_PieVect.obj</name>
      </input_file>
      <input_file id="fl-12">
         <path>.\driver_files\</path>
         <kind>object</kind>
         <file>F2837xD_Spi.obj</file>
         <name>F2837xD_Spi.obj</name>
      </input_file>
      <input_file id="fl-13">
         <path>.\driver_files\</path>
         <kind>object</kind>
         <file>F2837xD_SysCtrl.obj</file>
         <name>F2837xD_SysCtrl.obj</name>
      </input_file>
      <input_file id="fl-14">
         <path>.\driver_files\</path>
         <kind>object</kind>
         <file>F2837xD_usDelay.obj</file>
         <name>F2837xD_usDelay.obj</name>
      </input_file>
      <input_file id="fl-1a">
         <kind>object</kind>
         <file>&lt;internal&gt;</file>
         <name>&lt;internal&gt;</name>
      </input_file>
      <input_file id="fl-1e">
         <path>C:\ti\c2000\C2000Ware_5_00_00_00\driverlib\f2837xd\driverlib\ccs\Debug\</path>
         <kind>archive</kind>
         <file>driverlib_eabi.lib</file>
         <name>adc.obj</name>
      </input_file>
      <input_file id="fl-1f">
         <path>C:\ti\c2000\C2000Ware_5_00_00_00\driverlib\f2837xd\driverlib\ccs\Debug\</path>
         <kind>archive</kind>
         <file>driverlib_eabi.lib</file>
         <name>cla.obj</name>
      </input_file>
      <input_file id="fl-20">
         <path>C:\ti\c2000\C2000Ware_5_00_00_00\driverlib\f2837xd\driverlib\ccs\Debug\</path>
         <kind>archive</kind>
         <file>driverlib_eabi.lib</file>
         <name>flash.obj</name>
      </input_file>
      <input_file id="fl-21">
         <path>C:\ti\c2000\C2000Ware_5_00_00_00\driverlib\f2837xd\driverlib\ccs\Debug\</path>
         <kind>archive</kind>
         <file>driverlib_eabi.lib</file>
         <name>gpio.obj</name>
      </input_file>
      <input_file id="fl-22">
         <path>C:\ti\c2000\C2000Ware_5_00_00_00\driverlib\f2837xd\driverlib\ccs\Debug\</path>
         <kind>archive</kind>
         <file>driverlib_eabi.lib</file>
         <name>interrupt.obj</name>
      </input_file>
      <input_file id="fl-23">
         <path>C:\ti\c2000\C2000Ware_5_00_00_00\driverlib\f2837xd\driverlib\ccs\Debug\</path>
         <kind>archive</kind>
         <file>driverlib_eabi.lib</file>
         <name>ipc.obj</name>
      </input_file>
      <input_file id="fl-24">
         <path>C:\ti\c2000\C2000Ware_5_00_00_00\driverlib\f2837xd\driverlib\ccs\Debug\</path>
         <kind>archive</kind>
         <file>driverlib_eabi.lib</file>
         <name>memcfg.obj</name>
      </input_file>
      <input_file id="fl-25">
         <path>C:\ti\c2000\C2000Ware_5_00_00_00\driverlib\f2837xd\driverlib\ccs\Debug\</path>
         <kind>archive</kind>
         <file>driverlib_eabi.lib</file>
         <name>spi.obj</name>
      </input_file>
      <input_file id="fl-26">
         <path>C:\ti\c2000\C2000Ware_5_00_00_00\driverlib\f2837xd\driverlib\ccs\Debug\</path>
         <kind>archive</kind>
         <file>driverlib_eabi.lib</file>
         <name>sysctl.obj</name>
      </input_file>
      <input_file id="fl-32">
         <path>C:\ti\ccs1210\ccs\tools\compiler\ti-cgt-c2000_22.6.0.LTS\lib\</path>
         <kind>archive</kind>
         <file>rts2800_fpu32_eabi.lib</file>
         <name>vsprintf.c.obj</name>
      </input_file>
      <input_file id="fl-33">
         <path>C:\ti\ccs1210\ccs\tools\compiler\ti-cgt-c2000_22.6.0.LTS\lib\</path>
         <kind>archive</kind>
         <file>rts2800_fpu32_eabi.lib</file>
         <name>boot28.asm.obj</name>
      </input_file>
      <input_file id="fl-34">
         <path>C:\ti\ccs1210\ccs\tools\compiler\ti-cgt-c2000_22.6.0.LTS\lib\</path>
         <kind>archive</kind>
         <file>rts2800_fpu32_eabi.lib</file>
         <name>fs_div28.asm.obj</name>
      </input_file>
      <input_file id="fl-35">
         <path>C:\ti\ccs1210\ccs\tools\compiler\ti-cgt-c2000_22.6.0.LTS\lib\</path>
         <kind>archive</kind>
         <file>rts2800_fpu32_eabi.lib</file>
         <name>ll_aox28.asm.obj</name>
      </input_file>
      <input_file id="fl-36">
         <path>C:\ti\ccs1210\ccs\tools\compiler\ti-cgt-c2000_22.6.0.LTS\lib\</path>
         <kind>archive</kind>
         <file>rts2800_fpu32_eabi.lib</file>
         <name>ll_cmp28.asm.obj</name>
      </input_file>
      <input_file id="fl-37">
         <path>C:\ti\ccs1210\ccs\tools\compiler\ti-cgt-c2000_22.6.0.LTS\lib\</path>
         <kind>archive</kind>
         <file>rts2800_fpu32_eabi.lib</file>
         <name>memcpy.c.obj</name>
      </input_file>
      <input_file id="fl-38">
         <path>C:\ti\ccs1210\ccs\tools\compiler\ti-cgt-c2000_22.6.0.LTS\lib\</path>
         <kind>archive</kind>
         <file>rts2800_fpu32_eabi.lib</file>
         <name>pre_init.c.obj</name>
      </input_file>
      <input_file id="fl-39">
         <path>C:\ti\ccs1210\ccs\tools\compiler\ti-cgt-c2000_22.6.0.LTS\lib\</path>
         <kind>archive</kind>
         <file>rts2800_fpu32_eabi.lib</file>
         <name>autoinit.c.obj</name>
      </input_file>
      <input_file id="fl-3a">
         <path>C:\ti\ccs1210\ccs\tools\compiler\ti-cgt-c2000_22.6.0.LTS\lib\</path>
         <kind>archive</kind>
         <file>rts2800_fpu32_eabi.lib</file>
         <name>copy_zero_init.c.obj</name>
      </input_file>
      <input_file id="fl-3b">
         <path>C:\ti\ccs1210\ccs\tools\compiler\ti-cgt-c2000_22.6.0.LTS\lib\</path>
         <kind>archive</kind>
         <file>rts2800_fpu32_eabi.lib</file>
         <name>copy_decompress_none.c.obj</name>
      </input_file>
      <input_file id="fl-3c">
         <path>C:\ti\ccs1210\ccs\tools\compiler\ti-cgt-c2000_22.6.0.LTS\lib\</path>
         <kind>archive</kind>
         <file>rts2800_fpu32_eabi.lib</file>
         <name>copy_decompress_lzss.c.obj</name>
      </input_file>
      <input_file id="fl-3d">
         <path>C:\ti\ccs1210\ccs\tools\compiler\ti-cgt-c2000_22.6.0.LTS\lib\</path>
         <kind>archive</kind>
         <file>rts2800_fpu32_eabi.lib</file>
         <name>exit.c.obj</name>
      </input_file>
      <input_file id="fl-3e">
         <path>C:\ti\ccs1210\ccs\tools\compiler\ti-cgt-c2000_22.6.0.LTS\lib\</path>
         <kind>archive</kind>
         <file>rts2800_fpu32_eabi.lib</file>
         <name>_lock.c.obj</name>
      </input_file>
      <input_file id="fl-3f">
         <path>C:\ti\ccs1210\ccs\tools\compiler\ti-cgt-c2000_22.6.0.LTS\lib\</path>
         <kind>archive</kind>
         <file>rts2800_fpu32_eabi.lib</file>
         <name>args_main.c.obj</name>
      </input_file>
      <input_file id="fl-40">
         <path>C:\ti\ccs1210\ccs\tools\compiler\ti-cgt-c2000_22.6.0.LTS\lib\</path>
         <kind>archive</kind>
         <file>rts2800_fpu32_eabi.lib</file>
         <name>memset.c.obj</name>
      </input_file>
      <input_file id="fl-41">
         <path>C:\ti\ccs1210\ccs\tools\compiler\ti-cgt-c2000_22.6.0.LTS\lib\</path>
         <kind>archive</kind>
         <file>rts2800_fpu32_eabi.lib</file>
         <name>strlen.c.obj</name>
      </input_file>
      <input_file id="fl-42">
         <path>C:\ti\ccs1210\ccs\tools\compiler\ti-cgt-c2000_22.6.0.LTS\lib\</path>
         <kind>archive</kind>
         <file>rts2800_fpu32_eabi.lib</file>
         <name>_printfi.c.obj</name>
      </input_file>
      <input_file id="fl-43">
         <path>C:\ti\ccs1210\ccs\tools\compiler\ti-cgt-c2000_22.6.0.LTS\lib\</path>
         <kind>archive</kind>
         <file>rts2800_fpu32_eabi.lib</file>
         <name>fd_cmp28.asm.obj</name>
      </input_file>
      <input_file id="fl-44">
         <path>C:\ti\ccs1210\ccs\tools\compiler\ti-cgt-c2000_22.6.0.LTS\lib\</path>
         <kind>archive</kind>
         <file>rts2800_fpu32_eabi.lib</file>
         <name>fd_mpy28.asm.obj</name>
      </input_file>
      <input_file id="fl-45">
         <path>C:\ti\ccs1210\ccs\tools\compiler\ti-cgt-c2000_22.6.0.LTS\lib\</path>
         <kind>archive</kind>
         <file>rts2800_fpu32_eabi.lib</file>
         <name>fd_neg28.asm.obj</name>
      </input_file>
      <input_file id="fl-46">
         <path>C:\ti\ccs1210\ccs\tools\compiler\ti-cgt-c2000_22.6.0.LTS\lib\</path>
         <kind>archive</kind>
         <file>rts2800_fpu32_eabi.lib</file>
         <name>fd_sub28.asm.obj</name>
      </input_file>
      <input_file id="fl-47">
         <path>C:\ti\ccs1210\ccs\tools\compiler\ti-cgt-c2000_22.6.0.LTS\lib\</path>
         <kind>archive</kind>
         <file>rts2800_fpu32_eabi.lib</file>
         <name>fd_toi28.asm.obj</name>
      </input_file>
      <input_file id="fl-48">
         <path>C:\ti\ccs1210\ccs\tools\compiler\ti-cgt-c2000_22.6.0.LTS\lib\</path>
         <kind>archive</kind>
         <file>rts2800_fpu32_eabi.lib</file>
         <name>fd_tol28.asm.obj</name>
      </input_file>
      <input_file id="fl-49">
         <path>C:\ti\ccs1210\ccs\tools\compiler\ti-cgt-c2000_22.6.0.LTS\lib\</path>
         <kind>archive</kind>
         <file>rts2800_fpu32_eabi.lib</file>
         <name>ll_div28.asm.obj</name>
      </input_file>
      <input_file id="fl-4a">
         <path>C:\ti\ccs1210\ccs\tools\compiler\ti-cgt-c2000_22.6.0.LTS\lib\</path>
         <kind>archive</kind>
         <file>rts2800_fpu32_eabi.lib</file>
         <name>i_tofd28.asm.obj</name>
      </input_file>
      <input_file id="fl-4b">
         <path>C:\ti\ccs1210\ccs\tools\compiler\ti-cgt-c2000_22.6.0.LTS\lib\</path>
         <kind>archive</kind>
         <file>rts2800_fpu32_eabi.lib</file>
         <name>l_tofd28.asm.obj</name>
      </input_file>
      <input_file id="fl-4c">
         <path>C:\ti\ccs1210\ccs\tools\compiler\ti-cgt-c2000_22.6.0.LTS\lib\</path>
         <kind>archive</kind>
         <file>rts2800_fpu32_eabi.lib</file>
         <name>fd_div28.asm.obj</name>
      </input_file>
      <input_file id="fl-4d">
         <path>C:\ti\ccs1210\ccs\tools\compiler\ti-cgt-c2000_22.6.0.LTS\lib\</path>
         <kind>archive</kind>
         <file>rts2800_fpu32_eabi.lib</file>
         <name>cpy_tbl.c.obj</name>
      </input_file>
      <input_file id="fl-4e">
         <path>C:\ti\ccs1210\ccs\tools\compiler\ti-cgt-c2000_22.6.0.LTS\lib\</path>
         <kind>archive</kind>
         <file>rts2800_fpu32_eabi.lib</file>
         <name>startup.c.obj</name>
      </input_file>
      <input_file id="fl-4f">
         <path>C:\ti\ccs1210\ccs\tools\compiler\ti-cgt-c2000_22.6.0.LTS\lib\</path>
         <kind>archive</kind>
         <file>rts2800_fpu32_eabi.lib</file>
         <name>_ltoa.c.obj</name>
      </input_file>
      <input_file id="fl-50">
         <path>C:\ti\ccs1210\ccs\tools\compiler\ti-cgt-c2000_22.6.0.LTS\lib\</path>
         <kind>archive</kind>
         <file>rts2800_fpu32_eabi.lib</file>
         <name>atoi.c.obj</name>
      </input_file>
      <input_file id="fl-51">
         <path>C:\ti\ccs1210\ccs\tools\compiler\ti-cgt-c2000_22.6.0.LTS\lib\</path>
         <kind>archive</kind>
         <file>rts2800_fpu32_eabi.lib</file>
         <name>ctype.c.obj</name>
      </input_file>
      <input_file id="fl-52">
         <path>C:\ti\ccs1210\ccs\tools\compiler\ti-cgt-c2000_22.6.0.LTS\lib\</path>
         <kind>archive</kind>
         <file>rts2800_fpu32_eabi.lib</file>
         <name>memccpy.c.obj</name>
      </input_file>
      <input_file id="fl-53">
         <path>C:\ti\ccs1210\ccs\tools\compiler\ti-cgt-c2000_22.6.0.LTS\lib\</path>
         <kind>archive</kind>
         <file>rts2800_fpu32_eabi.lib</file>
         <name>strchr.c.obj</name>
      </input_file>
      <input_file id="fl-54">
         <path>C:\ti\ccs1210\ccs\tools\compiler\ti-cgt-c2000_22.6.0.LTS\lib\</path>
         <kind>archive</kind>
         <file>rts2800_fpu32_eabi.lib</file>
         <name>strcpy.c.obj</name>
      </input_file>
      <input_file id="fl-55">
         <path>C:\ti\ccs1210\ccs\tools\compiler\ti-cgt-c2000_22.6.0.LTS\lib\</path>
         <kind>archive</kind>
         <file>rts2800_fpu32_eabi.lib</file>
         <name>errno.c.obj</name>
      </input_file>
      <input_file id="fl-56">
         <path>C:\ti\ccs1210\ccs\tools\compiler\ti-cgt-c2000_22.6.0.LTS\lib\</path>
         <kind>archive</kind>
         <file>rts2800_fpu32_eabi.lib</file>
         <name>s_frexp.c.obj</name>
      </input_file>
      <input_file id="fl-57">
         <path>C:\ti\ccs1210\ccs\tools\compiler\ti-cgt-c2000_22.6.0.LTS\lib\</path>
         <kind>archive</kind>
         <file>rts2800_fpu32_eabi.lib</file>
         <name>s_scalbn.c.obj</name>
      </input_file>
      <input_file id="fl-58">
         <path>C:\ti\ccs1210\ccs\tools\compiler\ti-cgt-c2000_22.6.0.LTS\lib\</path>
         <kind>archive</kind>
         <file>rts2800_fpu32_eabi.lib</file>
         <name>s_copysign.c.obj</name>
      </input_file>
      <input_file id="fl-59">
         <path>C:\ti\ccs1210\ccs\tools\compiler\ti-cgt-c2000_22.6.0.LTS\lib\</path>
         <kind>archive</kind>
         <file>rts2800_fpu32_eabi.lib</file>
         <name>wcslen.c.obj</name>
      </input_file>
      <input_file id="fl-5a">
         <path>C:\ti\ccs1210\ccs\tools\compiler\ti-cgt-c2000_22.6.0.LTS\lib\</path>
         <kind>archive</kind>
         <file>rts2800_fpu32_eabi.lib</file>
         <name>fd_add28.asm.obj</name>
      </input_file>
      <input_file id="fl-5b">
         <path>C:\ti\ccs1210\ccs\tools\compiler\ti-cgt-c2000_22.6.0.LTS\lib\</path>
         <kind>archive</kind>
         <file>rts2800_fpu32_eabi.lib</file>
         <name>l_div28.asm.obj</name>
      </input_file>
   </input_file_list>
   <object_component_list>
      <object_component id="oc-4f4">
         <name>.cinit..data.load</name>
         <load_address>0x82690</load_address>
         <run_address>0x82690</run_address>
         <size>0x14</size>
      </object_component>
      <object_component id="oc-4f5">
         <name>.cinit.CLADataLS2.load</name>
         <load_address>0x826a4</load_address>
         <run_address>0x826a4</run_address>
         <size>0x7</size>
      </object_component>
      <object_component id="oc-4f1">
         <name>__TI_handler_table</name>
         <load_address>0x826ac</load_address>
         <run_address>0x826ac</run_address>
         <size>0x6</size>
      </object_component>
      <object_component id="oc-4f6">
         <name>.cinit.Cla1ToCpuMsgRAM.load</name>
         <load_address>0x826b2</load_address>
         <run_address>0x826b2</run_address>
         <size>0x5</size>
      </object_component>
      <object_component id="oc-4f3">
         <name>.cinit..bss.load</name>
         <load_address>0x826b8</load_address>
         <run_address>0x826b8</run_address>
         <size>0x4</size>
      </object_component>
      <object_component id="oc-4f7">
         <name>.cinit.AdcaResultFile.load</name>
         <load_address>0x826bc</load_address>
         <run_address>0x826bc</run_address>
         <size>0x4</size>
      </object_component>
      <object_component id="oc-4f8">
         <name>.cinit.AdcbResultFile.load</name>
         <load_address>0x826c0</load_address>
         <run_address>0x826c0</run_address>
         <size>0x4</size>
      </object_component>
      <object_component id="oc-4f9">
         <name>.cinit.AdccResultFile.load</name>
         <load_address>0x826c4</load_address>
         <run_address>0x826c4</run_address>
         <size>0x4</size>
      </object_component>
      <object_component id="oc-4fa">
         <name>.cinit.AdcdRegsFile.load</name>
         <load_address>0x826c8</load_address>
         <run_address>0x826c8</run_address>
         <size>0x4</size>
      </object_component>
      <object_component id="oc-508">
         <name>.cinit.DevCfgRegsFile.load</name>
         <load_address>0x826cc</load_address>
         <run_address>0x826cc</run_address>
         <size>0x4</size>
      </object_component>
      <object_component id="oc-4fb">
         <name>.cinit.EPwm1RegsFile.load</name>
         <load_address>0x826d0</load_address>
         <run_address>0x826d0</run_address>
         <size>0x4</size>
      </object_component>
      <object_component id="oc-4fc">
         <name>.cinit.EPwm2RegsFile.load</name>
         <load_address>0x826d4</load_address>
         <run_address>0x826d4</run_address>
         <size>0x4</size>
      </object_component>
      <object_component id="oc-4fd">
         <name>.cinit.EPwm3RegsFile.load</name>
         <load_address>0x826d8</load_address>
         <run_address>0x826d8</run_address>
         <size>0x4</size>
      </object_component>
      <object_component id="oc-4fe">
         <name>.cinit.GpioCtrlRegsFile.load</name>
         <load_address>0x826dc</load_address>
         <run_address>0x826dc</run_address>
         <size>0x4</size>
      </object_component>
      <object_component id="oc-4ff">
         <name>.cinit.GpioDataRegsFile.load</name>
         <load_address>0x826e0</load_address>
         <run_address>0x826e0</run_address>
         <size>0x4</size>
      </object_component>
      <object_component id="oc-500">
         <name>.cinit.InputXbarRegsFile.load</name>
         <load_address>0x826e4</load_address>
         <run_address>0x826e4</run_address>
         <size>0x4</size>
      </object_component>
      <object_component id="oc-509">
         <name>.cinit.MSGRAM_CPU1_TO_CPU2.load</name>
         <load_address>0x826e8</load_address>
         <run_address>0x826e8</run_address>
         <size>0x4</size>
      </object_component>
      <object_component id="oc-50a">
         <name>.cinit.MSGRAM_CPU2_TO_CPU1.load</name>
         <load_address>0x826ec</load_address>
         <run_address>0x826ec</run_address>
         <size>0x4</size>
      </object_component>
      <object_component id="oc-501">
         <name>.cinit.MemCfgRegsFile.load</name>
         <load_address>0x826f0</load_address>
         <run_address>0x826f0</run_address>
         <size>0x4</size>
      </object_component>
      <object_component id="oc-502">
         <name>.cinit.PieCtrlRegsFile.load</name>
         <load_address>0x826f4</load_address>
         <run_address>0x826f4</run_address>
         <size>0x4</size>
      </object_component>
      <object_component id="oc-503">
         <name>.cinit.SciaRegsFile.load</name>
         <load_address>0x826f8</load_address>
         <run_address>0x826f8</run_address>
         <size>0x4</size>
      </object_component>
      <object_component id="oc-504">
         <name>.cinit.ScicRegsFile.load</name>
         <load_address>0x826fc</load_address>
         <run_address>0x826fc</run_address>
         <size>0x4</size>
      </object_component>
      <object_component id="oc-505">
         <name>.cinit.ScidRegsFile.load</name>
         <load_address>0x82700</load_address>
         <run_address>0x82700</run_address>
         <size>0x4</size>
      </object_component>
      <object_component id="oc-506">
         <name>.cinit.SpiaRegsFile.load</name>
         <load_address>0x82704</load_address>
         <run_address>0x82704</run_address>
         <size>0x4</size>
      </object_component>
      <object_component id="oc-507">
         <name>.cinit.SpibRegsFile.load</name>
         <load_address>0x82708</load_address>
         <run_address>0x82708</run_address>
         <size>0x4</size>
      </object_component>
      <object_component id="oc-4f2">
         <name>__TI_cinit_table</name>
         <load_address>0x8270c</load_address>
         <run_address>0x8270c</run_address>
         <size>0x60</size>
      </object_component>
      <object_component id="oc-b3">
         <name>.text</name>
         <load_address>0x807a0</load_address>
         <run_address>0x807a0</run_address>
         <size>0x7f5</size>
         <input_file_ref idref="fl-4"/>
      </object_component>
      <object_component id="oc-200">
         <name>.text</name>
         <load_address>0x80f95</load_address>
         <run_address>0x80f95</run_address>
         <size>0x339</size>
         <input_file_ref idref="fl-8"/>
      </object_component>
      <object_component id="oc-392">
         <name>.text</name>
         <load_address>0x812ce</load_address>
         <run_address>0x812ce</run_address>
         <size>0x218</size>
         <input_file_ref idref="fl-d"/>
      </object_component>
      <object_component id="oc-29a">
         <name>.text:SysCtl_setClock</name>
         <load_address>0x814e6</load_address>
         <run_address>0x814e6</run_address>
         <size>0x206</size>
         <input_file_ref idref="fl-26"/>
      </object_component>
      <object_component id="oc-f0">
         <name>.text</name>
         <load_address>0x816ec</load_address>
         <run_address>0x816ec</run_address>
         <size>0x150</size>
         <input_file_ref idref="fl-3"/>
      </object_component>
      <object_component id="oc-2f6">
         <name>.text</name>
         <load_address>0x8183c</load_address>
         <run_address>0x8183c</run_address>
         <size>0x10d</size>
         <input_file_ref idref="fl-6"/>
      </object_component>
      <object_component id="oc-18c">
         <name>.text:MemCfg_setProtection</name>
         <load_address>0x81949</load_address>
         <run_address>0x81949</run_address>
         <size>0x8b</size>
         <input_file_ref idref="fl-24"/>
      </object_component>
      <object_component id="oc-3bf">
         <name>.text:SysCtl_selectXTAL</name>
         <load_address>0x819d4</load_address>
         <run_address>0x819d4</run_address>
         <size>0x8a</size>
         <input_file_ref idref="fl-26"/>
      </object_component>
      <object_component id="oc-362">
         <name>.text</name>
         <load_address>0x81a5e</load_address>
         <run_address>0x81a5e</run_address>
         <size>0x88</size>
         <input_file_ref idref="fl-34"/>
      </object_component>
      <object_component id="oc-220">
         <name>.text:ADC_setINLTrim</name>
         <load_address>0x81ae6</load_address>
         <run_address>0x81ae6</run_address>
         <size>0x6f</size>
         <input_file_ref idref="fl-1e"/>
      </object_component>
      <object_component id="oc-294">
         <name>.text:SysCtl_getDeviceParametric</name>
         <load_address>0x81b55</load_address>
         <run_address>0x81b55</run_address>
         <size>0x68</size>
         <input_file_ref idref="fl-26"/>
      </object_component>
      <object_component id="oc-226">
         <name>.text:ADC_setOffsetTrim</name>
         <load_address>0x81bbd</load_address>
         <run_address>0x81bbd</run_address>
         <size>0x60</size>
         <input_file_ref idref="fl-1e"/>
      </object_component>
      <object_component id="oc-104">
         <name>.text:IPC_sendCommand</name>
         <load_address>0x81c1d</load_address>
         <run_address>0x81c1d</run_address>
         <size>0x5d</size>
         <input_file_ref idref="fl-23"/>
      </object_component>
      <object_component id="oc-12b">
         <name>.text:SPI_setConfig</name>
         <load_address>0x81c7a</load_address>
         <run_address>0x81c7a</run_address>
         <size>0x5c</size>
         <input_file_ref idref="fl-25"/>
      </object_component>
      <object_component id="oc-174">
         <name>.text:GPIO_setPadConfig</name>
         <load_address>0x81cd6</load_address>
         <run_address>0x81cd6</run_address>
         <size>0x52</size>
         <input_file_ref idref="fl-21"/>
      </object_component>
      <object_component id="oc-e7">
         <name>.text:IPC_readCommand</name>
         <load_address>0x81d28</load_address>
         <run_address>0x81d28</run_address>
         <size>0x4a</size>
         <input_file_ref idref="fl-23"/>
      </object_component>
      <object_component id="oc-356">
         <name>.text:SysCtl_selectOscSource</name>
         <load_address>0x81d72</load_address>
         <run_address>0x81d72</run_address>
         <size>0x48</size>
         <input_file_ref idref="fl-26"/>
      </object_component>
      <object_component id="oc-386">
         <name>.text:Interrupt_initModule</name>
         <load_address>0x81dba</load_address>
         <run_address>0x81dba</run_address>
         <size>0x3d</size>
         <input_file_ref idref="fl-22"/>
      </object_component>
      <object_component id="oc-19e">
         <name>.text:GPIO_setControllerCore</name>
         <load_address>0x81df7</load_address>
         <run_address>0x81df7</run_address>
         <size>0x37</size>
         <input_file_ref idref="fl-21"/>
      </object_component>
      <object_component id="oc-16e">
         <name>.text:GPIO_setPinConfig</name>
         <load_address>0x81e2e</load_address>
         <run_address>0x81e2e</run_address>
         <size>0x37</size>
         <input_file_ref idref="fl-21"/>
      </object_component>
      <object_component id="oc-17a">
         <name>.text:GPIO_setQualificationMode</name>
         <load_address>0x81e65</load_address>
         <run_address>0x81e65</run_address>
         <size>0x37</size>
         <input_file_ref idref="fl-21"/>
      </object_component>
      <object_component id="oc-192">
         <name>.text:Interrupt_enable</name>
         <load_address>0x81e9c</load_address>
         <run_address>0x81e9c</run_address>
         <size>0x37</size>
         <input_file_ref idref="fl-22"/>
      </object_component>
      <object_component id="oc-180">
         <name>.text:MemCfg_setLSRAMControllerSel</name>
         <load_address>0x81ed3</load_address>
         <run_address>0x81ed3</run_address>
         <size>0x37</size>
         <input_file_ref idref="fl-24"/>
      </object_component>
      <object_component id="oc-198">
         <name>.text:GPIO_setDirectionMode</name>
         <load_address>0x81f0a</load_address>
         <run_address>0x81f0a</run_address>
         <size>0x31</size>
         <input_file_ref idref="fl-21"/>
      </object_component>
      <object_component id="oc-167">
         <name>.text:ADC_setMode</name>
         <load_address>0x81f3b</load_address>
         <run_address>0x81f3b</run_address>
         <size>0x2f</size>
         <input_file_ref idref="fl-1e"/>
      </object_component>
      <object_component id="oc-92">
         <name>.text:decompress:lzss</name>
         <load_address>0x81f6a</load_address>
         <run_address>0x81f6a</run_address>
         <size>0x2e</size>
         <input_file_ref idref="fl-3c"/>
      </object_component>
      <object_component id="oc-2c6">
         <name>.text:__TI_auto_init_nobinit_nopinit</name>
         <load_address>0x81f98</load_address>
         <run_address>0x81f98</run_address>
         <size>0x2b</size>
         <input_file_ref idref="fl-39"/>
      </object_component>
      <object_component id="oc-274">
         <name>.text</name>
         <load_address>0x81fc3</load_address>
         <run_address>0x81fc3</run_address>
         <size>0x29</size>
         <input_file_ref idref="fl-3d"/>
      </object_component>
      <object_component id="oc-3fc">
         <name>.text:CPUTimer_stopTimer</name>
         <load_address>0x81fec</load_address>
         <run_address>0x81fec</run_address>
         <size>0x14</size>
         <input_file_ref idref="fl-26"/>
      </object_component>
      <object_component id="oc-137">
         <name>.text:CLA_setTriggerSource</name>
         <load_address>0x82000</load_address>
         <run_address>0x82000</run_address>
         <size>0x26</size>
         <input_file_ref idref="fl-1f"/>
      </object_component>
      <object_component id="oc-315">
         <name>.text:Flash_setBankPowerUpDelay</name>
         <load_address>0x82026</load_address>
         <run_address>0x82026</run_address>
         <size>0x26</size>
         <input_file_ref idref="fl-20"/>
      </object_component>
      <object_component id="oc-186">
         <name>.text:MemCfg_setGSRAMControllerSel</name>
         <load_address>0x8204c</load_address>
         <run_address>0x8204c</run_address>
         <size>0x26</size>
         <input_file_ref idref="fl-24"/>
      </object_component>
      <object_component id="oc-408">
         <name>.text:CPUTimer_selectClockSource</name>
         <load_address>0x82072</load_address>
         <run_address>0x82072</run_address>
         <size>0x21</size>
         <input_file_ref idref="fl-26"/>
      </object_component>
      <object_component id="oc-445">
         <name>.text:CPUTimer_getTimerOverflowStatus</name>
         <load_address>0x82093</load_address>
         <run_address>0x82093</run_address>
         <size>0x1f</size>
         <input_file_ref idref="fl-26"/>
      </object_component>
      <object_component id="oc-38c">
         <name>.text:Interrupt_initVectorTable</name>
         <load_address>0x820b2</load_address>
         <run_address>0x820b2</run_address>
         <size>0x1e</size>
         <input_file_ref idref="fl-22"/>
      </object_component>
      <object_component id="oc-ff">
         <name>.text</name>
         <load_address>0x820d0</load_address>
         <run_address>0x820d0</run_address>
         <size>0x1e</size>
         <input_file_ref idref="fl-36"/>
      </object_component>
      <object_component id="oc-cd">
         <name>.text</name>
         <load_address>0x820ee</load_address>
         <run_address>0x820ee</run_address>
         <size>0x1d</size>
         <input_file_ref idref="fl-37"/>
      </object_component>
      <object_component id="oc-219">
         <name>.text:ADC_isBaseValid</name>
         <load_address>0x8210b</load_address>
         <run_address>0x8210b</run_address>
         <size>0x1b</size>
         <input_file_ref idref="fl-1e"/>
      </object_component>
      <object_component id="oc-414">
         <name>.text:CPUTimer_startTimer</name>
         <load_address>0x82126</load_address>
         <run_address>0x82126</run_address>
         <size>0x1a</size>
         <input_file_ref idref="fl-26"/>
      </object_component>
      <object_component id="oc-be">
         <name>.text:retain</name>
         <load_address>0x82140</load_address>
         <run_address>0x82140</run_address>
         <size>0x19</size>
         <input_file_ref idref="fl-6"/>
      </object_component>
      <object_component id="oc-439">
         <name>.text:CPUTimer_isBaseValid</name>
         <load_address>0x82159</load_address>
         <run_address>0x82159</run_address>
         <size>0x17</size>
         <input_file_ref idref="fl-26"/>
      </object_component>
      <object_component id="oc-1f9">
         <name>.text:SPI_isBaseValid</name>
         <load_address>0x82170</load_address>
         <run_address>0x82170</run_address>
         <size>0x17</size>
         <input_file_ref idref="fl-25"/>
      </object_component>
      <object_component id="oc-1c8">
         <name>.text</name>
         <load_address>0x82187</load_address>
         <run_address>0x82187</run_address>
         <size>0x17</size>
         <input_file_ref idref="fl-33"/>
      </object_component>
      <object_component id="oc-40e">
         <name>.text:CPUTimer_clearOverflowFlag</name>
         <load_address>0x8219e</load_address>
         <run_address>0x8219e</run_address>
         <size>0x12</size>
         <input_file_ref idref="fl-26"/>
      </object_component>
      <object_component id="oc-3f6">
         <name>.text:CPUTimer_disableInterrupt</name>
         <load_address>0x821b0</load_address>
         <run_address>0x821b0</run_address>
         <size>0x12</size>
         <input_file_ref idref="fl-26"/>
      </object_component>
      <object_component id="oc-402">
         <name>.text:CPUTimer_setPeriod</name>
         <load_address>0x821c2</load_address>
         <run_address>0x821c2</run_address>
         <size>0x11</size>
         <input_file_ref idref="fl-26"/>
      </object_component>
      <object_component id="oc-308">
         <name>.text:Flash_isCtrlBaseValid</name>
         <load_address>0x821d3</load_address>
         <run_address>0x821d3</run_address>
         <size>0x10</size>
         <input_file_ref idref="fl-20"/>
      </object_component>
      <object_component id="oc-30f">
         <name>.text:Flash_isECCBaseValid</name>
         <load_address>0x821e3</load_address>
         <run_address>0x821e3</run_address>
         <size>0x10</size>
         <input_file_ref idref="fl-20"/>
      </object_component>
      <object_component id="oc-41a">
         <name>.text:SysCtl_pollCpuTimer</name>
         <load_address>0x821f3</load_address>
         <run_address>0x821f3</run_address>
         <size>0xf</size>
         <input_file_ref idref="fl-26"/>
      </object_component>
      <object_component id="oc-230">
         <name>.text:GPIO_isPinValid</name>
         <load_address>0x82202</load_address>
         <run_address>0x82202</run_address>
         <size>0xe</size>
         <input_file_ref idref="fl-21"/>
      </object_component>
      <object_component id="oc-3d2">
         <name>.text:Interrupt_defaultHandler</name>
         <load_address>0x82210</load_address>
         <run_address>0x82210</run_address>
         <size>0xe</size>
         <input_file_ref idref="fl-22"/>
      </object_component>
      <object_component id="oc-23e">
         <name>.text:Interrupt_disableGlobal</name>
         <load_address>0x8221e</load_address>
         <run_address>0x8221e</run_address>
         <size>0xd</size>
         <input_file_ref idref="fl-22"/>
      </object_component>
      <object_component id="oc-244">
         <name>.text:Interrupt_enableGlobal</name>
         <load_address>0x8222b</load_address>
         <run_address>0x8222b</run_address>
         <size>0xd</size>
         <input_file_ref idref="fl-22"/>
      </object_component>
      <object_component id="oc-26e">
         <name>.text</name>
         <load_address>0x82238</load_address>
         <run_address>0x82238</run_address>
         <size>0xc</size>
         <input_file_ref idref="fl-3f"/>
      </object_component>
      <object_component id="oc-350">
         <name>.text:SysCtl_isMCDClockFailureDetected</name>
         <load_address>0x82244</load_address>
         <run_address>0x82244</run_address>
         <size>0xb</size>
         <input_file_ref idref="fl-26"/>
      </object_component>
      <object_component id="oc-35c">
         <name>.text:SysCtl_serviceWatchdog</name>
         <load_address>0x8224f</load_address>
         <run_address>0x8224f</run_address>
         <size>0x9</size>
         <input_file_ref idref="fl-26"/>
      </object_component>
      <object_component id="oc-3a1">
         <name>.text</name>
         <load_address>0x82258</load_address>
         <run_address>0x82258</run_address>
         <size>0x9</size>
         <input_file_ref idref="fl-3e"/>
      </object_component>
      <object_component id="oc-e1">
         <name>.text</name>
         <load_address>0x82261</load_address>
         <run_address>0x82261</run_address>
         <size>0x8</size>
         <input_file_ref idref="fl-7"/>
      </object_component>
      <object_component id="oc-98">
         <name>.text:decompress:none</name>
         <load_address>0x82269</load_address>
         <run_address>0x82269</run_address>
         <size>0x8</size>
         <input_file_ref idref="fl-3b"/>
      </object_component>
      <object_component id="oc-420">
         <name>.text:SysCtl_resetMCD</name>
         <load_address>0x82271</load_address>
         <run_address>0x82271</run_address>
         <size>0x7</size>
         <input_file_ref idref="fl-26"/>
      </object_component>
      <object_component id="oc-1c1">
         <name>.text</name>
         <load_address>0x82278</load_address>
         <run_address>0x82278</run_address>
         <size>0x7</size>
         <input_file_ref idref="fl-40"/>
      </object_component>
      <object_component id="oc-db">
         <name>.text:decompress:ZI</name>
         <load_address>0x8227f</load_address>
         <run_address>0x8227f</run_address>
         <size>0x6</size>
         <input_file_ref idref="fl-3a"/>
      </object_component>
      <object_component id="oc-3de">
         <name>.text:Interrupt_illegalOperationHandler</name>
         <load_address>0x82285</load_address>
         <run_address>0x82285</run_address>
         <size>0x2</size>
         <input_file_ref idref="fl-22"/>
      </object_component>
      <object_component id="oc-3d8">
         <name>.text:Interrupt_nmiHandler</name>
         <load_address>0x82287</load_address>
         <run_address>0x82287</run_address>
         <size>0x2</size>
         <input_file_ref idref="fl-22"/>
      </object_component>
      <object_component id="oc-267">
         <name>.text</name>
         <load_address>0x82289</load_address>
         <run_address>0x82289</run_address>
         <size>0x2</size>
         <input_file_ref idref="fl-38"/>
      </object_component>
      <object_component id="oc-36e">
         <name>.text</name>
         <load_address>0x8228b</load_address>
         <run_address>0x8228b</run_address>
         <size>0x1</size>
         <input_file_ref idref="fl-4e"/>
      </object_component>
      <object_component id="oc-9f">
         <name>codestart</name>
         <load_address>0x80000</load_address>
         <run_address>0x80000</run_address>
         <size>0x2</size>
         <input_file_ref idref="fl-7"/>
      </object_component>
      <object_component id="oc-ca">
         <name>.stack</name>
         <uninitialized>true</uninitialized>
         <run_address>0xb000</run_address>
         <size>0x0</size>
         <input_file_ref idref="fl-33"/>
      </object_component>
      <object_component id="oc-50b">
         <name>.stack</name>
         <uninitialized>true</uninitialized>
         <run_address>0xb000</run_address>
         <size>0x0</size>
      </object_component>
      <object_component id="oc-ed">
         <name>.bss</name>
         <uninitialized>true</uninitialized>
         <run_address>0xef30</run_address>
         <size>0xb</size>
         <input_file_ref idref="fl-6"/>
      </object_component>
      <object_component id="oc-1a9">
         <name>.bss</name>
         <uninitialized>true</uninitialized>
         <run_address>0xc000</run_address>
         <size>0x2f30</size>
         <input_file_ref idref="fl-9"/>
      </object_component>
      <object_component id="oc-10d">
         <name>.data</name>
         <load_address>0xef40</load_address>
         <run_address>0xef40</run_address>
         <size>0x14</size>
         <input_file_ref idref="fl-6"/>
      </object_component>
      <object_component id="oc-28b">
         <name>.data</name>
         <load_address>0xef54</load_address>
         <run_address>0xef54</run_address>
         <size>0x6</size>
         <input_file_ref idref="fl-8"/>
      </object_component>
      <object_component id="oc-2fe">
         <name>.data</name>
         <load_address>0xef5a</load_address>
         <run_address>0xef5a</run_address>
         <size>0x6</size>
         <input_file_ref idref="fl-3d"/>
      </object_component>
      <object_component id="oc-301">
         <name>.data:_lock</name>
         <load_address>0xef3c</load_address>
         <run_address>0xef3c</run_address>
         <size>0x2</size>
         <input_file_ref idref="fl-3e"/>
      </object_component>
      <object_component id="oc-3ef">
         <name>.data:_unlock</name>
         <load_address>0xef3e</load_address>
         <run_address>0xef3e</run_address>
         <size>0x2</size>
         <input_file_ref idref="fl-3e"/>
      </object_component>
      <object_component id="oc-34f">
         <name>.const:.string</name>
         <load_address>0x82290</load_address>
         <run_address>0x82290</run_address>
         <size>0xc2</size>
         <input_file_ref idref="fl-26"/>
      </object_component>
      <object_component id="oc-30e">
         <name>.const:.string</name>
         <load_address>0x82352</load_address>
         <run_address>0x82352</run_address>
         <size>0xbf</size>
         <input_file_ref idref="fl-20"/>
      </object_component>
      <object_component id="oc-236">
         <name>.const:.string</name>
         <load_address>0x82412</load_address>
         <run_address>0x82412</run_address>
         <size>0xbc</size>
         <input_file_ref idref="fl-21"/>
      </object_component>
      <object_component id="oc-1ff">
         <name>.const:.string</name>
         <load_address>0x824ce</load_address>
         <run_address>0x824ce</run_address>
         <size>0xbb</size>
         <input_file_ref idref="fl-25"/>
      </object_component>
      <object_component id="oc-239">
         <name>.const:.string</name>
         <load_address>0x8258a</load_address>
         <run_address>0x8258a</run_address>
         <size>0x60</size>
         <input_file_ref idref="fl-24"/>
      </object_component>
      <object_component id="oc-21f">
         <name>.const:.string</name>
         <load_address>0x825ea</load_address>
         <run_address>0x825ea</run_address>
         <size>0x5d</size>
         <input_file_ref idref="fl-1e"/>
      </object_component>
      <object_component id="oc-10a">
         <name>.const:IPC_Instance</name>
         <load_address>0x82648</load_address>
         <run_address>0x82648</run_address>
         <size>0x44</size>
         <input_file_ref idref="fl-23"/>
      </object_component>
      <object_component id="oc-131">
         <name>Cla1Prog:Cla1Task1</name>
         <load_address>0x80724</load_address>
         <run_address>0x9800</run_address>
         <size>0x42</size>
         <input_file_ref idref="fl-2"/>
      </object_component>
      <object_component id="oc-13d">
         <name>Cla1Prog:Cla1Task2</name>
         <load_address>0x80766</load_address>
         <run_address>0x9842</run_address>
         <size>0x8</size>
         <input_file_ref idref="fl-2"/>
      </object_component>
      <object_component id="oc-143">
         <name>Cla1Prog:Cla1Task3</name>
         <load_address>0x8076e</load_address>
         <run_address>0x984a</run_address>
         <size>0x8</size>
         <input_file_ref idref="fl-2"/>
      </object_component>
      <object_component id="oc-149">
         <name>Cla1Prog:Cla1Task4</name>
         <load_address>0x80776</load_address>
         <run_address>0x9852</run_address>
         <size>0x8</size>
         <input_file_ref idref="fl-2"/>
      </object_component>
      <object_component id="oc-14f">
         <name>Cla1Prog:Cla1Task5</name>
         <load_address>0x8077e</load_address>
         <run_address>0x985a</run_address>
         <size>0x8</size>
         <input_file_ref idref="fl-2"/>
      </object_component>
      <object_component id="oc-155">
         <name>Cla1Prog:Cla1Task6</name>
         <load_address>0x80786</load_address>
         <run_address>0x9862</run_address>
         <size>0x8</size>
         <input_file_ref idref="fl-2"/>
      </object_component>
      <object_component id="oc-15b">
         <name>Cla1Prog:Cla1Task7</name>
         <load_address>0x8078e</load_address>
         <run_address>0x986a</run_address>
         <size>0x8</size>
         <input_file_ref idref="fl-2"/>
      </object_component>
      <object_component id="oc-161">
         <name>Cla1Prog:Cla1Task8</name>
         <load_address>0x80796</load_address>
         <run_address>0x9872</run_address>
         <size>0x8</size>
         <input_file_ref idref="fl-2"/>
      </object_component>
      <object_component id="oc-116">
         <name>CLADataLS2</name>
         <load_address>0x9100</load_address>
         <run_address>0x9100</run_address>
         <size>0x3</size>
         <input_file_ref idref="fl-6"/>
      </object_component>
      <object_component id="oc-20b">
         <name>Cla1ToCpuMsgRAM</name>
         <load_address>0x1480</load_address>
         <run_address>0x1480</run_address>
         <size>0x1</size>
         <input_file_ref idref="fl-6"/>
      </object_component>
      <object_component id="oc-c4">
         <name>.TI.ramfunc:retain</name>
         <load_address>0x80008</load_address>
         <run_address>0x8000</run_address>
         <size>0x2f1</size>
         <input_file_ref idref="fl-9"/>
      </object_component>
      <object_component id="oc-b2">
         <name>.TI.ramfunc:retain</name>
         <load_address>0x802f9</load_address>
         <run_address>0x82f1</run_address>
         <size>0x289</size>
         <input_file_ref idref="fl-6"/>
      </object_component>
      <object_component id="oc-f9">
         <name>.TI.ramfunc</name>
         <load_address>0x80582</load_address>
         <run_address>0x857a</run_address>
         <size>0x77</size>
         <input_file_ref idref="fl-6"/>
      </object_component>
      <object_component id="oc-28e">
         <name>.TI.ramfunc:Flash_initModule</name>
         <load_address>0x805f9</load_address>
         <run_address>0x85f1</run_address>
         <size>0x43</size>
         <input_file_ref idref="fl-20"/>
      </object_component>
      <object_component id="oc-31b">
         <name>.TI.ramfunc:Flash_setBankPowerMode</name>
         <load_address>0x8063c</load_address>
         <run_address>0x8634</run_address>
         <size>0x2c</size>
         <input_file_ref idref="fl-20"/>
      </object_component>
      <object_component id="oc-333">
         <name>.TI.ramfunc:Flash_setWaitstates</name>
         <load_address>0x80668</load_address>
         <run_address>0x8660</run_address>
         <size>0x24</size>
         <input_file_ref idref="fl-20"/>
      </object_component>
      <object_component id="oc-321">
         <name>.TI.ramfunc:Flash_setPumpPowerMode</name>
         <load_address>0x8068c</load_address>
         <run_address>0x8684</run_address>
         <size>0x1d</size>
         <input_file_ref idref="fl-20"/>
      </object_component>
      <object_component id="oc-327">
         <name>.TI.ramfunc:Flash_disableCache</name>
         <load_address>0x806a9</load_address>
         <run_address>0x86a1</run_address>
         <size>0x18</size>
         <input_file_ref idref="fl-20"/>
      </object_component>
      <object_component id="oc-32d">
         <name>.TI.ramfunc:Flash_disablePrefetch</name>
         <load_address>0x806c1</load_address>
         <run_address>0x86b9</run_address>
         <size>0x18</size>
         <input_file_ref idref="fl-20"/>
      </object_component>
      <object_component id="oc-339">
         <name>.TI.ramfunc:Flash_enableCache</name>
         <load_address>0x806d9</load_address>
         <run_address>0x86d1</run_address>
         <size>0x17</size>
         <input_file_ref idref="fl-20"/>
      </object_component>
      <object_component id="oc-33f">
         <name>.TI.ramfunc:Flash_enablePrefetch</name>
         <load_address>0x806f0</load_address>
         <run_address>0x86e8</run_address>
         <size>0x17</size>
         <input_file_ref idref="fl-20"/>
      </object_component>
      <object_component id="oc-345">
         <name>.TI.ramfunc:Flash_enableECC</name>
         <load_address>0x80707</load_address>
         <run_address>0x86ff</run_address>
         <size>0x16</size>
         <input_file_ref idref="fl-20"/>
      </object_component>
      <object_component id="oc-16d">
         <name>.TI.ramfunc</name>
         <load_address>0x8071d</load_address>
         <run_address>0x8715</run_address>
         <size>0x4</size>
         <input_file_ref idref="fl-26"/>
      </object_component>
      <object_component id="oc-110">
         <name>AdcaResultFile</name>
         <uninitialized>true</uninitialized>
         <run_address>0xb00</run_address>
         <size>0x18</size>
         <input_file_ref idref="fl-c"/>
      </object_component>
      <object_component id="oc-113">
         <name>AdcbResultFile</name>
         <uninitialized>true</uninitialized>
         <run_address>0xb20</run_address>
         <size>0x18</size>
         <input_file_ref idref="fl-c"/>
      </object_component>
      <object_component id="oc-119">
         <name>AdccResultFile</name>
         <uninitialized>true</uninitialized>
         <run_address>0xb40</run_address>
         <size>0x18</size>
         <input_file_ref idref="fl-c"/>
      </object_component>
      <object_component id="oc-125">
         <name>AdcdRegsFile</name>
         <uninitialized>true</uninitialized>
         <run_address>0x7580</run_address>
         <size>0x7c</size>
         <input_file_ref idref="fl-c"/>
      </object_component>
      <object_component id="oc-11c">
         <name>EPwm1RegsFile</name>
         <uninitialized>true</uninitialized>
         <run_address>0x4000</run_address>
         <size>0x100</size>
         <input_file_ref idref="fl-c"/>
      </object_component>
      <object_component id="oc-11f">
         <name>EPwm2RegsFile</name>
         <uninitialized>true</uninitialized>
         <run_address>0x4100</run_address>
         <size>0x100</size>
         <input_file_ref idref="fl-c"/>
      </object_component>
      <object_component id="oc-122">
         <name>EPwm3RegsFile</name>
         <uninitialized>true</uninitialized>
         <run_address>0x4200</run_address>
         <size>0x100</size>
         <input_file_ref idref="fl-c"/>
      </object_component>
      <object_component id="oc-3e5">
         <name>GpioCtrlRegsFile</name>
         <uninitialized>true</uninitialized>
         <run_address>0x7c00</run_address>
         <size>0x180</size>
         <input_file_ref idref="fl-c"/>
      </object_component>
      <object_component id="oc-f6">
         <name>GpioDataRegsFile</name>
         <uninitialized>true</uninitialized>
         <run_address>0x7f00</run_address>
         <size>0x30</size>
         <input_file_ref idref="fl-c"/>
      </object_component>
      <object_component id="oc-3e8">
         <name>InputXbarRegsFile</name>
         <uninitialized>true</uninitialized>
         <run_address>0x7900</run_address>
         <size>0x20</size>
         <input_file_ref idref="fl-c"/>
      </object_component>
      <object_component id="oc-383">
         <name>MemCfgRegsFile</name>
         <uninitialized>true</uninitialized>
         <run_address>0x5f400</run_address>
         <size>0x76</size>
         <input_file_ref idref="fl-c"/>
      </object_component>
      <object_component id="oc-128">
         <name>PieCtrlRegsFile</name>
         <uninitialized>true</uninitialized>
         <run_address>0xce0</run_address>
         <size>0x1a</size>
         <input_file_ref idref="fl-c"/>
      </object_component>
      <object_component id="oc-1b2">
         <name>SciaRegsFile</name>
         <uninitialized>true</uninitialized>
         <run_address>0x7200</run_address>
         <size>0x10</size>
         <input_file_ref idref="fl-c"/>
      </object_component>
      <object_component id="oc-1af">
         <name>ScicRegsFile</name>
         <uninitialized>true</uninitialized>
         <run_address>0x7220</run_address>
         <size>0x10</size>
         <input_file_ref idref="fl-c"/>
      </object_component>
      <object_component id="oc-1ac">
         <name>ScidRegsFile</name>
         <uninitialized>true</uninitialized>
         <run_address>0x7230</run_address>
         <size>0x10</size>
         <input_file_ref idref="fl-c"/>
      </object_component>
      <object_component id="oc-208">
         <name>SpiaRegsFile</name>
         <uninitialized>true</uninitialized>
         <run_address>0x6100</run_address>
         <size>0x10</size>
         <input_file_ref idref="fl-c"/>
      </object_component>
      <object_component id="oc-1d2">
         <name>SpibRegsFile</name>
         <uninitialized>true</uninitialized>
         <run_address>0x6110</run_address>
         <size>0x10</size>
         <input_file_ref idref="fl-c"/>
      </object_component>
      <object_component id="oc-398">
         <name>DevCfgRegsFile</name>
         <uninitialized>true</uninitialized>
         <run_address>0x5d000</run_address>
         <size>0x12e</size>
         <input_file_ref idref="fl-c"/>
      </object_component>
      <object_component id="oc-20f">
         <name>.debug_types</name>
         <load_address>0x0</load_address>
         <run_address>0x0</run_address>
         <size>0xdef</size>
         <input_file_ref idref="fl-2"/>
      </object_component>
      <object_component id="oc-1d6">
         <name>.debug_types</name>
         <load_address>0xdef</load_address>
         <run_address>0xdef</run_address>
         <size>0xe3f</size>
         <input_file_ref idref="fl-3"/>
      </object_component>
      <object_component id="oc-1a5">
         <name>.debug_types</name>
         <load_address>0x1c2e</load_address>
         <run_address>0x1c2e</run_address>
         <size>0x3949</size>
         <input_file_ref idref="fl-4"/>
      </object_component>
      <object_component id="oc-1a7">
         <name>.debug_types</name>
         <load_address>0x5577</load_address>
         <run_address>0x5577</run_address>
         <size>0x1d514</size>
         <input_file_ref idref="fl-6"/>
      </object_component>
      <object_component id="oc-2a1">
         <name>.debug_types</name>
         <load_address>0x22a8b</load_address>
         <run_address>0x22a8b</run_address>
         <size>0xe50</size>
         <input_file_ref idref="fl-8"/>
      </object_component>
      <object_component id="oc-1b6">
         <name>.debug_types</name>
         <load_address>0x238db</load_address>
         <run_address>0x238db</run_address>
         <size>0x2b0b</size>
         <input_file_ref idref="fl-9"/>
      </object_component>
      <object_component id="oc-1d9">
         <name>.debug_types</name>
         <load_address>0x263e6</load_address>
         <run_address>0x263e6</run_address>
         <size>0x38b3e</size>
         <input_file_ref idref="fl-c"/>
      </object_component>
      <object_component id="oc-3ec">
         <name>.debug_types</name>
         <load_address>0x5ef24</load_address>
         <run_address>0x5ef24</run_address>
         <size>0x89</size>
         <input_file_ref idref="fl-d"/>
      </object_component>
      <object_component id="oc-22d">
         <name>.debug_types</name>
         <load_address>0x5efad</load_address>
         <run_address>0x5efad</run_address>
         <size>0xc0</size>
         <input_file_ref idref="fl-1e"/>
      </object_component>
      <object_component id="oc-211">
         <name>.debug_types</name>
         <load_address>0x0</load_address>
         <run_address>0x0</run_address>
         <size>0x0</size>
         <input_file_ref idref="fl-1f"/>
      </object_component>
      <object_component id="oc-34c">
         <name>.debug_types</name>
         <load_address>0x0</load_address>
         <run_address>0x0</run_address>
         <size>0x0</size>
         <input_file_ref idref="fl-20"/>
      </object_component>
      <object_component id="oc-22f">
         <name>.debug_types</name>
         <load_address>0x5f06d</load_address>
         <run_address>0x5f06d</run_address>
         <size>0x31e</size>
         <input_file_ref idref="fl-21"/>
      </object_component>
      <object_component id="oc-24b">
         <name>.debug_types</name>
         <load_address>0x0</load_address>
         <run_address>0x0</run_address>
         <size>0x0</size>
         <input_file_ref idref="fl-22"/>
      </object_component>
      <object_component id="oc-1cf">
         <name>.debug_types</name>
         <load_address>0x5f38b</load_address>
         <run_address>0x5f38b</run_address>
         <size>0x1e3</size>
         <input_file_ref idref="fl-23"/>
      </object_component>
      <object_component id="oc-23b">
         <name>.debug_types</name>
         <load_address>0x5f56e</load_address>
         <run_address>0x5f56e</run_address>
         <size>0xdf</size>
         <input_file_ref idref="fl-24"/>
      </object_component>
      <object_component id="oc-207">
         <name>.debug_types</name>
         <load_address>0x5f64d</load_address>
         <run_address>0x5f64d</run_address>
         <size>0x103</size>
         <input_file_ref idref="fl-25"/>
      </object_component>
      <object_component id="oc-34e">
         <name>.debug_types</name>
         <load_address>0x5f750</load_address>
         <run_address>0x5f750</run_address>
         <size>0x254</size>
         <input_file_ref idref="fl-26"/>
      </object_component>
      <object_component id="oc-1bb">
         <name>.debug_types</name>
         <load_address>0x5f9a4</load_address>
         <run_address>0x5f9a4</run_address>
         <size>0x89</size>
         <input_file_ref idref="fl-37"/>
      </object_component>
      <object_component id="oc-2c5">
         <name>.debug_types</name>
         <load_address>0x0</load_address>
         <run_address>0x0</run_address>
         <size>0x0</size>
         <input_file_ref idref="fl-38"/>
      </object_component>
      <object_component id="oc-375">
         <name>.debug_types</name>
         <load_address>0x5fa2d</load_address>
         <run_address>0x5fa2d</run_address>
         <size>0x441</size>
         <input_file_ref idref="fl-39"/>
      </object_component>
      <object_component id="oc-1c0">
         <name>.debug_types</name>
         <load_address>0x5fe6e</load_address>
         <run_address>0x5fe6e</run_address>
         <size>0x165</size>
         <input_file_ref idref="fl-3a"/>
      </object_component>
      <object_component id="oc-d4">
         <name>.debug_types</name>
         <load_address>0x0</load_address>
         <run_address>0x0</run_address>
         <size>0x0</size>
         <input_file_ref idref="fl-3b"/>
      </object_component>
      <object_component id="oc-cc">
         <name>.debug_types</name>
         <load_address>0x5ffd3</load_address>
         <run_address>0x5ffd3</run_address>
         <size>0x191</size>
         <input_file_ref idref="fl-3c"/>
      </object_component>
      <object_component id="oc-305">
         <name>.debug_types</name>
         <load_address>0x60164</load_address>
         <run_address>0x60164</run_address>
         <size>0x90</size>
         <input_file_ref idref="fl-3d"/>
      </object_component>
      <object_component id="oc-3a9">
         <name>.debug_types</name>
         <load_address>0x601f4</load_address>
         <run_address>0x601f4</run_address>
         <size>0x2f</size>
         <input_file_ref idref="fl-3e"/>
      </object_component>
      <object_component id="oc-2fd">
         <name>.debug_types</name>
         <load_address>0x60223</load_address>
         <run_address>0x60223</run_address>
         <size>0xe1</size>
         <input_file_ref idref="fl-3f"/>
      </object_component>
      <object_component id="oc-266">
         <name>.debug_types</name>
         <load_address>0x0</load_address>
         <run_address>0x0</run_address>
         <size>0x0</size>
         <input_file_ref idref="fl-40"/>
      </object_component>
      <object_component id="oc-3c9">
         <name>.debug_types</name>
         <load_address>0x0</load_address>
         <run_address>0x0</run_address>
         <size>0x0</size>
         <input_file_ref idref="fl-4e"/>
      </object_component>
      <object_component id="oc-162">
         <name>.debug_info</name>
         <load_address>0x0</load_address>
         <run_address>0x0</run_address>
         <size>0x12b</size>
         <input_file_ref idref="fl-2"/>
      </object_component>
      <object_component id="oc-15c">
         <name>.debug_info</name>
         <load_address>0x12b</load_address>
         <run_address>0x12b</run_address>
         <size>0x12b</size>
         <input_file_ref idref="fl-2"/>
      </object_component>
      <object_component id="oc-158">
         <name>.debug_info</name>
         <load_address>0x256</load_address>
         <run_address>0x256</run_address>
         <size>0x12b</size>
         <input_file_ref idref="fl-2"/>
      </object_component>
      <object_component id="oc-150">
         <name>.debug_info</name>
         <load_address>0x381</load_address>
         <run_address>0x381</run_address>
         <size>0x12b</size>
         <input_file_ref idref="fl-2"/>
      </object_component>
      <object_component id="oc-14c">
         <name>.debug_info</name>
         <load_address>0x4ac</load_address>
         <run_address>0x4ac</run_address>
         <size>0x12b</size>
         <input_file_ref idref="fl-2"/>
      </object_component>
      <object_component id="oc-145">
         <name>.debug_info</name>
         <load_address>0x5d7</load_address>
         <run_address>0x5d7</run_address>
         <size>0x12b</size>
         <input_file_ref idref="fl-2"/>
      </object_component>
      <object_component id="oc-13f">
         <name>.debug_info</name>
         <load_address>0x702</load_address>
         <run_address>0x702</run_address>
         <size>0x12b</size>
         <input_file_ref idref="fl-2"/>
      </object_component>
      <object_component id="oc-132">
         <name>.debug_info</name>
         <load_address>0x82d</load_address>
         <run_address>0x82d</run_address>
         <size>0x12b</size>
         <input_file_ref idref="fl-2"/>
      </object_component>
      <object_component id="oc-f3">
         <name>.debug_info</name>
         <load_address>0x958</load_address>
         <run_address>0x958</run_address>
         <size>0xb75</size>
         <input_file_ref idref="fl-3"/>
      </object_component>
      <object_component id="oc-b4">
         <name>.debug_info</name>
         <load_address>0x14cd</load_address>
         <run_address>0x14cd</run_address>
         <size>0x186e</size>
         <input_file_ref idref="fl-4"/>
      </object_component>
      <object_component id="oc-20c">
         <name>.debug_info</name>
         <load_address>0x2d3b</load_address>
         <run_address>0x2d3b</run_address>
         <size>0xf0</size>
         <input_file_ref idref="fl-6"/>
      </object_component>
      <object_component id="oc-117">
         <name>.debug_info</name>
         <load_address>0x2e2b</load_address>
         <run_address>0x2e2b</run_address>
         <size>0x144</size>
         <input_file_ref idref="fl-6"/>
      </object_component>
      <object_component id="oc-10e">
         <name>.debug_info</name>
         <load_address>0x2f6f</load_address>
         <run_address>0x2f6f</run_address>
         <size>0x2ac</size>
         <input_file_ref idref="fl-6"/>
      </object_component>
      <object_component id="oc-ee">
         <name>.debug_info</name>
         <load_address>0x321b</load_address>
         <run_address>0x321b</run_address>
         <size>0x15c</size>
         <input_file_ref idref="fl-6"/>
      </object_component>
      <object_component id="oc-fa">
         <name>.debug_info</name>
         <load_address>0x3377</load_address>
         <run_address>0x3377</run_address>
         <size>0x22e</size>
         <input_file_ref idref="fl-6"/>
      </object_component>
      <object_component id="oc-2f7">
         <name>.debug_info</name>
         <load_address>0x35a5</load_address>
         <run_address>0x35a5</run_address>
         <size>0x366</size>
         <input_file_ref idref="fl-6"/>
      </object_component>
      <object_component id="oc-b9">
         <name>.debug_info</name>
         <load_address>0x390b</load_address>
         <run_address>0x390b</run_address>
         <size>0x311</size>
         <input_file_ref idref="fl-6"/>
      </object_component>
      <object_component id="oc-bf">
         <name>.debug_info</name>
         <load_address>0x3c1c</load_address>
         <run_address>0x3c1c</run_address>
         <size>0x10e</size>
         <input_file_ref idref="fl-6"/>
      </object_component>
      <object_component id="oc-a1">
         <name>.debug_info</name>
         <load_address>0x3d2a</load_address>
         <run_address>0x3d2a</run_address>
         <size>0x115</size>
         <input_file_ref idref="fl-7"/>
      </object_component>
      <object_component id="oc-e2">
         <name>.debug_info</name>
         <load_address>0x3e3f</load_address>
         <run_address>0x3e3f</run_address>
         <size>0x116</size>
         <input_file_ref idref="fl-7"/>
      </object_component>
      <object_component id="oc-28c">
         <name>.debug_info</name>
         <load_address>0x3f55</load_address>
         <run_address>0x3f55</run_address>
         <size>0x160</size>
         <input_file_ref idref="fl-8"/>
      </object_component>
      <object_component id="oc-202">
         <name>.debug_info</name>
         <load_address>0x40b5</load_address>
         <run_address>0x40b5</run_address>
         <size>0xb80</size>
         <input_file_ref idref="fl-8"/>
      </object_component>
      <object_component id="oc-1aa">
         <name>.debug_info</name>
         <load_address>0x4c35</load_address>
         <run_address>0x4c35</run_address>
         <size>0x141</size>
         <input_file_ref idref="fl-9"/>
      </object_component>
      <object_component id="oc-c6">
         <name>.debug_info</name>
         <load_address>0x4d76</load_address>
         <run_address>0x4d76</run_address>
         <size>0x3b0</size>
         <input_file_ref idref="fl-9"/>
      </object_component>
      <object_component id="oc-1b3">
         <name>.debug_info</name>
         <load_address>0x5126</load_address>
         <run_address>0x5126</run_address>
         <size>0x10c</size>
         <input_file_ref idref="fl-c"/>
      </object_component>
      <object_component id="oc-1b0">
         <name>.debug_info</name>
         <load_address>0x5232</load_address>
         <run_address>0x5232</run_address>
         <size>0x10c</size>
         <input_file_ref idref="fl-c"/>
      </object_component>
      <object_component id="oc-1ad">
         <name>.debug_info</name>
         <load_address>0x533e</load_address>
         <run_address>0x533e</run_address>
         <size>0x10c</size>
         <input_file_ref idref="fl-c"/>
      </object_component>
      <object_component id="oc-209">
         <name>.debug_info</name>
         <load_address>0x544a</load_address>
         <run_address>0x544a</run_address>
         <size>0x10c</size>
         <input_file_ref idref="fl-c"/>
      </object_component>
      <object_component id="oc-1d3">
         <name>.debug_info</name>
         <load_address>0x5556</load_address>
         <run_address>0x5556</run_address>
         <size>0x10c</size>
         <input_file_ref idref="fl-c"/>
      </object_component>
      <object_component id="oc-111">
         <name>.debug_info</name>
         <load_address>0x5662</load_address>
         <run_address>0x5662</run_address>
         <size>0x117</size>
         <input_file_ref idref="fl-c"/>
      </object_component>
      <object_component id="oc-114">
         <name>.debug_info</name>
         <load_address>0x5779</load_address>
         <run_address>0x5779</run_address>
         <size>0x117</size>
         <input_file_ref idref="fl-c"/>
      </object_component>
      <object_component id="oc-11a">
         <name>.debug_info</name>
         <load_address>0x5890</load_address>
         <run_address>0x5890</run_address>
         <size>0x117</size>
         <input_file_ref idref="fl-c"/>
      </object_component>
      <object_component id="oc-129">
         <name>.debug_info</name>
         <load_address>0x59a7</load_address>
         <run_address>0x59a7</run_address>
         <size>0x112</size>
         <input_file_ref idref="fl-c"/>
      </object_component>
      <object_component id="oc-3e9">
         <name>.debug_info</name>
         <load_address>0x5ab9</load_address>
         <run_address>0x5ab9</run_address>
         <size>0x116</size>
         <input_file_ref idref="fl-c"/>
      </object_component>
      <object_component id="oc-f7">
         <name>.debug_info</name>
         <load_address>0x5bcf</load_address>
         <run_address>0x5bcf</run_address>
         <size>0x114</size>
         <input_file_ref idref="fl-c"/>
      </object_component>
      <object_component id="oc-384">
         <name>.debug_info</name>
         <load_address>0x5ce3</load_address>
         <run_address>0x5ce3</run_address>
         <size>0x110</size>
         <input_file_ref idref="fl-c"/>
      </object_component>
      <object_component id="oc-126">
         <name>.debug_info</name>
         <load_address>0x5df3</load_address>
         <run_address>0x5df3</run_address>
         <size>0x10b</size>
         <input_file_ref idref="fl-c"/>
      </object_component>
      <object_component id="oc-11d">
         <name>.debug_info</name>
         <load_address>0x5efe</load_address>
         <run_address>0x5efe</run_address>
         <size>0x10e</size>
         <input_file_ref idref="fl-c"/>
      </object_component>
      <object_component id="oc-120">
         <name>.debug_info</name>
         <load_address>0x600c</load_address>
         <run_address>0x600c</run_address>
         <size>0x10e</size>
         <input_file_ref idref="fl-c"/>
      </object_component>
      <object_component id="oc-123">
         <name>.debug_info</name>
         <load_address>0x611a</load_address>
         <run_address>0x611a</run_address>
         <size>0x10e</size>
         <input_file_ref idref="fl-c"/>
      </object_component>
      <object_component id="oc-399">
         <name>.debug_info</name>
         <load_address>0x6228</load_address>
         <run_address>0x6228</run_address>
         <size>0x110</size>
         <input_file_ref idref="fl-c"/>
      </object_component>
      <object_component id="oc-3e6">
         <name>.debug_info</name>
         <load_address>0x6338</load_address>
         <run_address>0x6338</run_address>
         <size>0x114</size>
         <input_file_ref idref="fl-c"/>
      </object_component>
      <object_component id="oc-394">
         <name>.debug_info</name>
         <load_address>0x644c</load_address>
         <run_address>0x644c</run_address>
         <size>0xa35</size>
         <input_file_ref idref="fl-d"/>
      </object_component>
      <object_component id="oc-21d">
         <name>.debug_info</name>
         <load_address>0x6e81</load_address>
         <run_address>0x6e81</run_address>
         <size>0x207</size>
         <input_file_ref idref="fl-1e"/>
      </object_component>
      <object_component id="oc-16b">
         <name>.debug_info</name>
         <load_address>0x7088</load_address>
         <run_address>0x7088</run_address>
         <size>0x2bc</size>
         <input_file_ref idref="fl-1e"/>
      </object_component>
      <object_component id="oc-224">
         <name>.debug_info</name>
         <load_address>0x7344</load_address>
         <run_address>0x7344</run_address>
         <size>0x24a</size>
         <input_file_ref idref="fl-1e"/>
      </object_component>
      <object_component id="oc-22a">
         <name>.debug_info</name>
         <load_address>0x758e</load_address>
         <run_address>0x758e</run_address>
         <size>0x288</size>
         <input_file_ref idref="fl-1e"/>
      </object_component>
      <object_component id="oc-13a">
         <name>.debug_info</name>
         <load_address>0x7816</load_address>
         <run_address>0x7816</run_address>
         <size>0x265</size>
         <input_file_ref idref="fl-1f"/>
      </object_component>
      <object_component id="oc-30b">
         <name>.debug_info</name>
         <load_address>0x7a7b</load_address>
         <run_address>0x7a7b</run_address>
         <size>0x21d</size>
         <input_file_ref idref="fl-20"/>
      </object_component>
      <object_component id="oc-311">
         <name>.debug_info</name>
         <load_address>0x7c98</load_address>
         <run_address>0x7c98</run_address>
         <size>0x219</size>
         <input_file_ref idref="fl-20"/>
      </object_component>
      <object_component id="oc-334">
         <name>.debug_info</name>
         <load_address>0x7eb1</load_address>
         <run_address>0x7eb1</run_address>
         <size>0x279</size>
         <input_file_ref idref="fl-20"/>
      </object_component>
      <object_component id="oc-31c">
         <name>.debug_info</name>
         <load_address>0x812a</load_address>
         <run_address>0x812a</run_address>
         <size>0x28f</size>
         <input_file_ref idref="fl-20"/>
      </object_component>
      <object_component id="oc-323">
         <name>.debug_info</name>
         <load_address>0x83b9</load_address>
         <run_address>0x83b9</run_address>
         <size>0x26e</size>
         <input_file_ref idref="fl-20"/>
      </object_component>
      <object_component id="oc-341">
         <name>.debug_info</name>
         <load_address>0x8627</load_address>
         <run_address>0x8627</run_address>
         <size>0x23f</size>
         <input_file_ref idref="fl-20"/>
      </object_component>
      <object_component id="oc-330">
         <name>.debug_info</name>
         <load_address>0x8866</load_address>
         <run_address>0x8866</run_address>
         <size>0x241</size>
         <input_file_ref idref="fl-20"/>
      </object_component>
      <object_component id="oc-33b">
         <name>.debug_info</name>
         <load_address>0x8aa7</load_address>
         <run_address>0x8aa7</run_address>
         <size>0x239</size>
         <input_file_ref idref="fl-20"/>
      </object_component>
      <object_component id="oc-329">
         <name>.debug_info</name>
         <load_address>0x8ce0</load_address>
         <run_address>0x8ce0</run_address>
         <size>0x23b</size>
         <input_file_ref idref="fl-20"/>
      </object_component>
      <object_component id="oc-348">
         <name>.debug_info</name>
         <load_address>0x8f1b</load_address>
         <run_address>0x8f1b</run_address>
         <size>0x232</size>
         <input_file_ref idref="fl-20"/>
      </object_component>
      <object_component id="oc-318">
         <name>.debug_info</name>
         <load_address>0x914d</load_address>
         <run_address>0x914d</run_address>
         <size>0x27b</size>
         <input_file_ref idref="fl-20"/>
      </object_component>
      <object_component id="oc-290">
         <name>.debug_info</name>
         <load_address>0x93c8</load_address>
         <run_address>0x93c8</run_address>
         <size>0x397</size>
         <input_file_ref idref="fl-20"/>
      </object_component>
      <object_component id="oc-231">
         <name>.debug_info</name>
         <load_address>0x975f</load_address>
         <run_address>0x975f</run_address>
         <size>0x205</size>
         <input_file_ref idref="fl-21"/>
      </object_component>
      <object_component id="oc-199">
         <name>.debug_info</name>
         <load_address>0x9964</load_address>
         <run_address>0x9964</run_address>
         <size>0x27d</size>
         <input_file_ref idref="fl-21"/>
      </object_component>
      <object_component id="oc-176">
         <name>.debug_info</name>
         <load_address>0x9be1</load_address>
         <run_address>0x9be1</run_address>
         <size>0x266</size>
         <input_file_ref idref="fl-21"/>
      </object_component>
      <object_component id="oc-17e">
         <name>.debug_info</name>
         <load_address>0x9e47</load_address>
         <run_address>0x9e47</run_address>
         <size>0x2ae</size>
         <input_file_ref idref="fl-21"/>
      </object_component>
      <object_component id="oc-1a2">
         <name>.debug_info</name>
         <load_address>0xa0f5</load_address>
         <run_address>0xa0f5</run_address>
         <size>0x296</size>
         <input_file_ref idref="fl-21"/>
      </object_component>
      <object_component id="oc-171">
         <name>.debug_info</name>
         <load_address>0xa38b</load_address>
         <run_address>0xa38b</run_address>
         <size>0x24f</size>
         <input_file_ref idref="fl-21"/>
      </object_component>
      <object_component id="oc-247">
         <name>.debug_info</name>
         <load_address>0xa5da</load_address>
         <run_address>0xa5da</run_address>
         <size>0x1fe</size>
         <input_file_ref idref="fl-22"/>
      </object_component>
      <object_component id="oc-242">
         <name>.debug_info</name>
         <load_address>0xa7d8</load_address>
         <run_address>0xa7d8</run_address>
         <size>0x202</size>
         <input_file_ref idref="fl-22"/>
      </object_component>
      <object_component id="oc-3d5">
         <name>.debug_info</name>
         <load_address>0xa9da</load_address>
         <run_address>0xa9da</run_address>
         <size>0x21c</size>
         <input_file_ref idref="fl-22"/>
      </object_component>
      <object_component id="oc-3e1">
         <name>.debug_info</name>
         <load_address>0xabf6</load_address>
         <run_address>0xabf6</run_address>
         <size>0x202</size>
         <input_file_ref idref="fl-22"/>
      </object_component>
[...]
         <object_component_ref idref="oc-10d"/>
      </symbol>
      <symbol id="sm-1a1">
         <name>mid</name>
         <value>0xef42</value>
         <object_component_ref idref="oc-10d"/>
      </symbol>
      <symbol id="sm-1a2">
         <name>ipc1_ISR</name>
         <value>0x82f1</value>
         <object_component_ref idref="oc-b2"/>
      </symbol>
      <symbol id="sm-1a3">
         <name>counter</name>
         <value>0xef4a</value>
         <object_component_ref idref="oc-10d"/>
      </symbol>
      <symbol id="sm-1a4">
         <name>spi_enc_raw_addr</name>
         <value>0xef46</value>
         <object_component_ref idref="oc-10d"/>
      </symbol>
      <symbol id="sm-1a5">
         <name>enc_vel_int</name>
         <value>0xef41</value>
         <object_component_ref idref="oc-10d"/>
      </symbol>
      <symbol id="sm-1a6">
         <name>CLA_configClaMemory</name>
         <value>0x8183c</value>
         <object_component_ref idref="oc-2f6"/>
      </symbol>
      <symbol id="sm-1a7">
         <name>cla1Isr1</name>
         <value>0x82140</value>
         <object_component_ref idref="oc-be"/>
      </symbol>
      <symbol id="sm-1a8">
         <name>cla_count</name>
         <value>0x1480</value>
         <object_component_ref idref="oc-20b"/>
      </symbol>
      <symbol id="sm-1a9">
         <name>adcAResult</name>
         <value>0xef30</value>
         <object_component_ref idref="oc-ed"/>
      </symbol>
      <symbol id="sm-1aa">
         <name>print_counter</name>
         <value>0xef50</value>
         <object_component_ref idref="oc-10d"/>
      </symbol>
      <symbol id="sm-1ab">
         <name>drv</name>
         <value>0xef36</value>
         <object_component_ref idref="oc-ed"/>
      </symbol>
      <symbol id="sm-1ac">
         <name>INT_PHASE_B_ISR</name>
         <value>0x856a</value>
         <object_component_ref idref="oc-b2"/>
      </symbol>
      <symbol id="sm-1ad">
         <name>enc_vel</name>
         <value>0xef40</value>
         <object_component_ref idref="oc-10d"/>
      </symbol>
      <symbol id="sm-1ae">
         <name>dq0</name>
         <value>0x8587</value>
         <object_component_ref idref="oc-f9"/>
      </symbol>
      <symbol id="sm-1bd">
         <name>code_start</name>
         <value>0x80000</value>
         <object_component_ref idref="oc-9f"/>
      </symbol>
      <symbol id="sm-1e1">
         <name>Device_enableAllPeripherals</name>
         <value>0x81044</value>
         <object_component_ref idref="oc-200"/>
      </symbol>
      <symbol id="sm-1e2">
         <name>Device_initGPIO</name>
         <value>0x80ff3</value>
         <object_component_ref idref="oc-200"/>
      </symbol>
      <symbol id="sm-1e3">
         <name>Example_Fail</name>
         <value>0xef58</value>
         <object_component_ref idref="oc-28b"/>
      </symbol>
      <symbol id="sm-1e4">
         <name>Example_setResultFail</name>
         <value>0x80f9d</value>
         <object_component_ref idref="oc-200"/>
      </symbol>
      <symbol id="sm-1e5">
         <name>Device_bootCPU2</name>
         <value>0x8115e</value>
         <object_component_ref idref="oc-200"/>
      </symbol>
      <symbol id="sm-1e6">
         <name>Device_init</name>
         <value>0x81122</value>
         <object_component_ref idref="oc-200"/>
      </symbol>
      <symbol id="sm-1e7">
         <name>Example_Result</name>
         <value>0xef54</value>
         <object_component_ref idref="oc-28b"/>
      </symbol>
      <symbol id="sm-1e8">
         <name>Device_enableUnbondedGPIOPullups</name>
         <value>0x80fd3</value>
         <object_component_ref idref="oc-200"/>
      </symbol>
      <symbol id="sm-1e9">
         <name>__error__</name>
         <value>0x80f95</value>
         <object_component_ref idref="oc-200"/>
      </symbol>
      <symbol id="sm-1ea">
         <name>Example_setResultPass</name>
         <value>0x80f98</value>
         <object_component_ref idref="oc-200"/>
      </symbol>
      <symbol id="sm-1eb">
         <name>Device_configureTMXAnalogTrim</name>
         <value>0x81011</value>
         <object_component_ref idref="oc-200"/>
      </symbol>
      <symbol id="sm-1ec">
         <name>Device_enableUnbondedGPIOPullupsFor176Pin</name>
         <value>0x80fa3</value>
         <object_component_ref idref="oc-200"/>
      </symbol>
      <symbol id="sm-1ed">
         <name>Example_done</name>
         <value>0x80fa2</value>
         <object_component_ref idref="oc-200"/>
      </symbol>
      <symbol id="sm-1ee">
         <name>Example_PassCount</name>
         <value>0xef56</value>
         <object_component_ref idref="oc-28b"/>
      </symbol>
      <symbol id="sm-1ef">
         <name>Device_enableUnbondedGPIOPullupsFor100Pin</name>
         <value>0x80fb6</value>
         <object_component_ref idref="oc-200"/>
      </symbol>
      <symbol id="sm-216">
         <name>TXDINT_data_sent</name>
         <value>0x8000</value>
         <object_component_ref idref="oc-c4"/>
      </symbol>
      <symbol id="sm-217">
         <name>RXAINT_recv_ready</name>
         <value>0x82a0</value>
         <object_component_ref idref="oc-c4"/>
      </symbol>
      <symbol id="sm-218">
         <name>RXCINT_recv_ready</name>
         <value>0x824f</value>
         <object_component_ref idref="oc-c4"/>
      </symbol>
      <symbol id="sm-219">
         <name>RXDINT_recv_ready</name>
         <value>0x81fe</value>
         <object_component_ref idref="oc-c4"/>
      </symbol>
      <symbol id="sm-21a">
         <name>TXCINT_data_sent</name>
         <value>0x80aa</value>
         <object_component_ref idref="oc-c4"/>
      </symbol>
      <symbol id="sm-21b">
         <name>TXAINT_data_sent</name>
         <value>0x8154</value>
         <object_component_ref idref="oc-c4"/>
      </symbol>
      <symbol id="sm-21c">
         <name>SerialA</name>
         <value>0xc000</value>
         <object_component_ref idref="oc-1a9"/>
      </symbol>
      <symbol id="sm-21d">
         <name>SerialC</name>
         <value>0xcfc0</value>
         <object_component_ref idref="oc-1a9"/>
      </symbol>
      <symbol id="sm-21e">
         <name>SerialD</name>
         <value>0xdf80</value>
         <object_component_ref idref="oc-1a9"/>
      </symbol>
      <symbol id="sm-280">
         <name>EPwm2Regs</name>
         <value>0x4100</value>
         <object_component_ref idref="oc-11f"/>
      </symbol>
      <symbol id="sm-281">
         <name>EPwm3Regs</name>
         <value>0x4200</value>
         <object_component_ref idref="oc-122"/>
      </symbol>
      <symbol id="sm-282">
         <name>ScicRegs</name>
         <value>0x7220</value>
         <object_component_ref idref="oc-1af"/>
      </symbol>
      <symbol id="sm-283">
         <name>AdcdRegs</name>
         <value>0x7580</value>
         <object_component_ref idref="oc-125"/>
      </symbol>
      <symbol id="sm-284">
         <name>ScidRegs</name>
         <value>0x7230</value>
         <object_component_ref idref="oc-1ac"/>
      </symbol>
      <symbol id="sm-285">
         <name>GpioCtrlRegs</name>
         <value>0x7c00</value>
         <object_component_ref idref="oc-3e5"/>
      </symbol>
      <symbol id="sm-286">
         <name>MemCfgRegs</name>
         <value>0x5f400</value>
         <object_component_ref idref="oc-383"/>
      </symbol>
      <symbol id="sm-287">
         <name>DevCfgRegs</name>
         <value>0x5d000</value>
         <object_component_ref idref="oc-398"/>
      </symbol>
      <symbol id="sm-288">
         <name>AdcaResultRegs</name>
         <value>0xb00</value>
         <object_component_ref idref="oc-110"/>
      </symbol>
      <symbol id="sm-289">
         <name>AdccResultRegs</name>
         <value>0xb40</value>
         <object_component_ref idref="oc-119"/>
      </symbol>
      <symbol id="sm-28a">
         <name>PieCtrlRegs</name>
         <value>0xce0</value>
         <object_component_ref idref="oc-128"/>
      </symbol>
      <symbol id="sm-28b">
         <name>AdcbResultRegs</name>
         <value>0xb20</value>
         <object_component_ref idref="oc-113"/>
      </symbol>
      <symbol id="sm-28c">
         <name>GpioDataRegs</name>
         <value>0x7f00</value>
         <object_component_ref idref="oc-f6"/>
      </symbol>
      <symbol id="sm-28d">
         <name>InputXbarRegs</name>
         <value>0x7900</value>
         <object_component_ref idref="oc-3e8"/>
      </symbol>
      <symbol id="sm-28e">
         <name>SpiaRegs</name>
         <value>0x6100</value>
         <object_component_ref idref="oc-208"/>
      </symbol>
      <symbol id="sm-28f">
         <name>EPwm1Regs</name>
         <value>0x4000</value>
         <object_component_ref idref="oc-11c"/>
      </symbol>
      <symbol id="sm-290">
         <name>SpibRegs</name>
         <value>0x6110</value>
         <object_component_ref idref="oc-1d2"/>
      </symbol>
      <symbol id="sm-291">
         <name>SciaRegs</name>
         <value>0x7200</value>
         <object_component_ref idref="oc-1b2"/>
      </symbol>
      <symbol id="sm-2b6">
         <name>GPIO_SetupPinMux</name>
         <value>0x8140d</value>
         <object_component_ref idref="oc-392"/>
      </symbol>
      <symbol id="sm-2b7">
         <name>GPIO_SetupLock</name>
         <value>0x81462</value>
         <object_component_ref idref="oc-392"/>
      </symbol>
      <symbol id="sm-2b8">
         <name>GPIO_SetupXINT2Gpio</name>
         <value>0x8137a</value>
         <object_component_ref idref="oc-392"/>
      </symbol>
      <symbol id="sm-2b9">
         <name>GPIO_EnableUnbondedIOPullupsFor176Pin</name>
         <value>0x81498</value>
         <object_component_ref idref="oc-392"/>
      </symbol>
      <symbol id="sm-2ba">
         <name>GPIO_SetupXINT3Gpio</name>
         <value>0x81373</value>
         <object_component_ref idref="oc-392"/>
      </symbol>
      <symbol id="sm-2bb">
         <name>GPIO_WritePin</name>
         <value>0x8134b</value>
         <object_component_ref idref="oc-392"/>
      </symbol>
      <symbol id="sm-2bc">
         <name>GPIO_SetupXINT1Gpio</name>
         <value>0x81381</value>
         <object_component_ref idref="oc-392"/>
      </symbol>
      <symbol id="sm-2bd">
         <name>GPIO_EnableUnbondedIOPullups</name>
         <value>0x814d6</value>
         <object_component_ref idref="oc-392"/>
      </symbol>
      <symbol id="sm-2be">
         <name>GPIO_ReadPin</name>
         <value>0x81484</value>
         <object_component_ref idref="oc-392"/>
      </symbol>
      <symbol id="sm-2bf">
         <name>GPIO_SetupXINT4Gpio</name>
         <value>0x8136c</value>
         <object_component_ref idref="oc-392"/>
      </symbol>
      <symbol id="sm-2c0">
         <name>GPIO_SetupPinOptions</name>
         <value>0x81388</value>
         <object_component_ref idref="oc-392"/>
      </symbol>
      <symbol id="sm-2c1">
         <name>GPIO_EnableUnbondedIOPullupsFor100Pin</name>
         <value>0x814b1</value>
         <object_component_ref idref="oc-392"/>
      </symbol>
      <symbol id="sm-2c2">
         <name>GPIO_SetupXINT5Gpio</name>
         <value>0x81365</value>
         <object_component_ref idref="oc-392"/>
      </symbol>
      <symbol id="sm-2c3">
         <name>InitGpio</name>
         <value>0x812ce</value>
         <object_component_ref idref="oc-392"/>
      </symbol>
      <symbol id="sm-30b">
         <name>ADC_setOffsetTrim</name>
         <value>0x81bbd</value>
         <object_component_ref idref="oc-226"/>
      </symbol>
      <symbol id="sm-30c">
         <name>ADC_setMode</name>
         <value>0x81f3b</value>
         <object_component_ref idref="oc-167"/>
      </symbol>
      <symbol id="sm-30d">
         <name>ADC_setINLTrim</name>
         <value>0x81ae6</value>
         <object_component_ref idref="oc-220"/>
      </symbol>
      <symbol id="sm-31c">
         <name>CLA_setTriggerSource</name>
         <value>0x82000</value>
         <object_component_ref idref="oc-137"/>
      </symbol>
      <symbol id="sm-396">
         <name>Flash_initModule</name>
         <value>0x85f1</value>
         <object_component_ref idref="oc-28e"/>
      </symbol>
      <symbol id="sm-3d8">
         <name>GPIO_setQualificationMode</name>
         <value>0x81e65</value>
         <object_component_ref idref="oc-17a"/>
      </symbol>
      <symbol id="sm-3d9">
         <name>GPIO_setPadConfig</name>
         <value>0x81cd6</value>
         <object_component_ref idref="oc-174"/>
      </symbol>
      <symbol id="sm-3da">
         <name>GPIO_setDirectionMode</name>
         <value>0x81f0a</value>
         <object_component_ref idref="oc-198"/>
      </symbol>
      <symbol id="sm-3db">
         <name>GPIO_setPinConfig</name>
         <value>0x81e2e</value>
         <object_component_ref idref="oc-16e"/>
      </symbol>
      <symbol id="sm-3dc">
         <name>GPIO_setControllerCore</name>
         <value>0x81df7</value>
         <object_component_ref idref="oc-19e"/>
      </symbol>
      <symbol id="sm-42e">
         <name>Interrupt_initModule</name>
         <value>0x81dba</value>
         <object_component_ref idref="oc-386"/>
      </symbol>
      <symbol id="sm-42f">
         <name>Interrupt_enable</name>
         <value>0x81e9c</value>
         <object_component_ref idref="oc-192"/>
      </symbol>
      <symbol id="sm-430">
         <name>Interrupt_initVectorTable</name>
         <value>0x820b2</value>
         <object_component_ref idref="oc-38c"/>
      </symbol>
      <symbol id="sm-45a">
         <name>IPC_sendCommand</name>
         <value>0x81c1d</value>
         <object_component_ref idref="oc-104"/>
      </symbol>
      <symbol id="sm-45b">
         <name>IPC_CPU1_To_CPU2_GetBuffer</name>
         <value>0x400</value>
         <object_component_ref idref="oc-1e0"/>
      </symbol>
      <symbol id="sm-45c">
         <name>IPC_CPU1_To_CPU2_PutBuffer</name>
         <value>0x40</value>
         <object_component_ref idref="oc-1dd"/>
      </symbol>
      <symbol id="sm-45d">
         <name>IPC_Instance</name>
         <value>0x82648</value>
         <object_component_ref idref="oc-10a"/>
      </symbol>
      <symbol id="sm-45e">
         <name>IPC_readCommand</name>
         <value>0x81d28</value>
         <object_component_ref idref="oc-e7"/>
      </symbol>
      <symbol id="sm-489">
         <name>MemCfg_setGSRAMControllerSel</name>
         <value>0x8204c</value>
         <object_component_ref idref="oc-186"/>
      </symbol>
      <symbol id="sm-48a">
         <name>MemCfg_setLSRAMControllerSel</name>
         <value>0x81ed3</value>
         <object_component_ref idref="oc-180"/>
      </symbol>
      <symbol id="sm-48b">
         <name>MemCfg_setProtection</name>
         <value>0x81949</value>
         <object_component_ref idref="oc-18c"/>
      </symbol>
      <symbol id="sm-4ab">
         <name>SPI_setConfig</name>
         <value>0x81c7a</value>
         <object_component_ref idref="oc-12b"/>
      </symbol>
      <symbol id="sm-56f">
         <name>SysCtl_delay</name>
         <value>0x8715</value>
         <object_component_ref idref="oc-16d"/>
      </symbol>
      <symbol id="sm-570">
         <name>SysCtl_getDeviceParametric</name>
         <value>0x81b55</value>
         <object_component_ref idref="oc-294"/>
      </symbol>
      <symbol id="sm-571">
         <name>SysCtl_selectXTAL</name>
         <value>0x819d4</value>
         <object_component_ref idref="oc-3bf"/>
      </symbol>
      <symbol id="sm-572">
         <name>SysCtl_selectOscSource</name>
         <value>0x81d72</value>
         <object_component_ref idref="oc-356"/>
      </symbol>
      <symbol id="sm-573">
         <name>SysCtl_setClock</name>
         <value>0x814e6</value>
         <object_component_ref idref="oc-29a"/>
      </symbol>
      <symbol id="sm-57e">
         <name>_c_int00</name>
         <value>0x82187</value>
         <object_component_ref idref="oc-1c8"/>
      </symbol>
      <symbol id="sm-57f">
         <name>__stack</name>
         <value>0xb000</value>
         <object_component_ref idref="oc-ca"/>
      </symbol>
      <symbol id="sm-58c">
         <name>__c28xabi_divf</name>
         <value>0x81a5e</value>
         <object_component_ref idref="oc-362"/>
      </symbol>
      <symbol id="sm-597">
         <name>__c28xabi_cmpll</name>
         <value>0x820d0</value>
         <object_component_ref idref="oc-ff"/>
      </symbol>
      <symbol id="sm-598">
         <name>__c28xabi_cmpull</name>
         <value>0x820e2</value>
         <object_component_ref idref="oc-ff"/>
      </symbol>
      <symbol id="sm-5aa">
         <name>memcpy</name>
         <value>0x820ee</value>
         <object_component_ref idref="oc-cd"/>
      </symbol>
      <symbol id="sm-5b7">
         <name>_system_pre_init</name>
         <value>0x82289</value>
         <object_component_ref idref="oc-267"/>
      </symbol>
      <symbol id="sm-5c6">
         <name>__TI_auto_init_nobinit_nopinit</name>
         <value>0x81f98</value>
         <object_component_ref idref="oc-2c6"/>
      </symbol>
      <symbol id="sm-5d3">
         <name>__TI_zero_init</name>
         <value>0x8227f</value>
         <object_component_ref idref="oc-db"/>
      </symbol>
      <symbol id="sm-5e0">
         <name>__TI_decompress_none</name>
         <value>0x82269</value>
         <object_component_ref idref="oc-98"/>
      </symbol>
      <symbol id="sm-5f4">
         <name>__TI_decompress_lzss</name>
         <value>0x81f6a</value>
         <object_component_ref idref="oc-92"/>
      </symbol>
      <symbol id="sm-60a">
         <name>C$$EXIT</name>
         <value>0x81fc3</value>
         <object_component_ref idref="oc-274"/>
      </symbol>
      <symbol id="sm-60b">
         <name>abort</name>
         <value>0x81fc3</value>
         <object_component_ref idref="oc-274"/>
      </symbol>
      <symbol id="sm-60c">
         <name>exit</name>
         <value>0x81fc5</value>
         <object_component_ref idref="oc-274"/>
      </symbol>
      <symbol id="sm-60d">
         <name>__TI_dtors_ptr</name>
         <value>0xef5e</value>
         <object_component_ref idref="oc-2fe"/>
      </symbol>
      <symbol id="sm-60e">
         <name>__TI_cleanup_ptr</name>
         <value>0xef5c</value>
         <object_component_ref idref="oc-2fe"/>
      </symbol>
      <symbol id="sm-60f">
         <name>__TI_enable_exit_profile_output</name>
         <value>0xef5a</value>
         <object_component_ref idref="oc-2fe"/>
      </symbol>
      <symbol id="sm-626">
         <name>_nop</name>
         <value>0x82260</value>
         <object_component_ref idref="oc-3a1"/>
      </symbol>
      <symbol id="sm-627">
         <name>_lock</name>
         <value>0xef3c</value>
         <object_component_ref idref="oc-301"/>
      </symbol>
      <symbol id="sm-628">
         <name>_unlock</name>
         <value>0xef3e</value>
         <object_component_ref idref="oc-3ef"/>
      </symbol>
      <symbol id="sm-629">
         <name>_register_lock</name>
         <value>0x8225c</value>
         <object_component_ref idref="oc-3a1"/>
      </symbol>
      <symbol id="sm-62a">
         <name>_register_unlock</name>
         <value>0x82258</value>
         <object_component_ref idref="oc-3a1"/>
      </symbol>
      <symbol id="sm-639">
         <name>_args_main</name>
         <value>0x82238</value>
         <object_component_ref idref="oc-26e"/>
      </symbol>
      <symbol id="sm-648">
         <name>memset</name>
         <value>0x82278</value>
         <object_component_ref idref="oc-1c1"/>
      </symbol>
      <symbol id="sm-662">
         <name>_system_post_cinit</name>
         <value>0x8228b</value>
         <object_component_ref idref="oc-36e"/>
      </symbol>
      <symbol id="sm-671">
         <name>__c_args__</name>
         <value>0x0</value>
      </symbol>
   </symbol_table>
   <title>Link successful</title>
</link_info>
