******************************************************************************
             TMS320C2000 Linker PC v22.6.0                     
******************************************************************************
>> Linked Sun Jan 21 08:20:26 2024

OUTPUT FILE NAME:   <coecsl_foc_controller_core1.out>
ENTRY POINT SYMBOL: "code_start"  address: 00080000


MEMORY CONFIGURATION

         name            origin    length      used     unused   attr    fill
----------------------  --------  ---------  --------  --------  ----  --------
PAGE 0:
  RAMM0                 00000123   000002dd  00000000  000002dd  RWIX
  RAMLS01               00008000   00001000  00000632  000009ce  RWIX
  RAMLS35               00009800   00001800  00000188  00001678  RWIX
  BEGIN                 00080000   00000002  00000002  00000000  RWIX
  FLASHA                00080002   00001ffe  00001ff2  0000000c  RWIX
  FLASHB                00082000   00002000  00002000  00000000  RWIX
  FLASHC                00084000   00002000  00001fff  00000001  RWIX
  FLASHD                00086000   00002000  000019fd  00000603  RWIX
  FLASHE                00088000   00008000  00000000  00008000  RWIX
  FLASHF                00090000   00008000  00000000  00008000  RWIX
  FLASHG                00098000   00008000  00000000  00008000  RWIX
  FLASHH                000a0000   00008000  00000000  00008000  RWIX
  FLASHI                000a8000   00008000  00000000  00008000  RWIX
  FLASHJ                000b0000   00008000  00000000  00008000  RWIX
  FLASHK                000b8000   00002000  00000000  00002000  RWIX
  FLASHL                000ba000   00002000  00000000  00002000  RWIX
  FLASHM                000bc000   00002000  00000000  00002000  RWIX
  FLASHN                000be000   00001ff0  00000000  00001ff0  RWIX
  RESET                 003fffc0   00000002  00000000  00000002  RWIX

PAGE 1:
  BOOT_RSVD             00000002   00000121  00000088  00000099  RWIX
  RAMM1                 00000400   000003f8  00000088  00000370  RWIX
  ADCA_RESULT           00000b00   00000020  00000018  00000008  RWIX
  ADCB_RESULT           00000b20   00000020  00000018  00000008  RWIX
  ADCC_RESULT           00000b40   00000020  00000018  00000008  RWIX
  ADCD_RESULT           00000b60   00000020  00000018  00000008  RWIX
  CPU_TIMER0            00000c00   00000008  00000000  00000008  RWIX
  CPU_TIMER1            00000c08   00000008  00000008  00000000  RWIX
  CPU_TIMER2            00000c10   00000008  00000008  00000000  RWIX
  PIE_CTRL              00000ce0   00000020  0000001a  00000006  RWIX
  PIE_VECT              00000d00   00000200  00000000  00000200  RWIX
  DMA                   00001000   00000200  00000000  00000200  RWIX
  CLA1                  00001400   00000040  00000000  00000040  RWIX
  CLAToCPU_MSGRAM       00001480   00000080  00000000  00000080  RWIX
  CPUToCLA_MSGRAM       00001500   00000080  00000000  00000080  RWIX
  EPWM1                 00004000   00000100  00000100  00000000  RWIX
  EPWM2                 00004100   00000100  00000100  00000000  RWIX
  EPWM3                 00004200   00000100  00000100  00000000  RWIX
  EPWM4                 00004300   00000100  00000000  00000100  RWIX
  EPWM5                 00004400   00000100  00000000  00000100  RWIX
  EPWM6                 00004500   00000100  00000000  00000100  RWIX
  EPWM7                 00004600   00000100  00000000  00000100  RWIX
  EPWM8                 00004700   00000100  00000000  00000100  RWIX
  EPWM9                 00004800   00000100  00000000  00000100  RWIX
  EPWM10                00004900   00000100  00000000  00000100  RWIX
  EPWM11                00004a00   00000100  00000000  00000100  RWIX
  EPWM12                00004b00   00000100  00000000  00000100  RWIX
  ECAP1                 00005000   00000020  00000000  00000020  RWIX
  ECAP2                 00005020   00000020  00000000  00000020  RWIX
  ECAP3                 00005040   00000020  00000000  00000020  RWIX
  ECAP4                 00005060   00000020  00000000  00000020  RWIX
  ECAP5                 00005080   00000020  00000000  00000020  RWIX
  ECAP6                 000050a0   00000020  00000000  00000020  RWIX
  EQEP1                 00005100   00000040  00000000  00000040  RWIX
  EQEP2                 00005140   00000040  00000000  00000040  RWIX
  EQEP3                 00005180   00000040  00000000  00000040  RWIX
  DACA                  00005c00   00000010  00000000  00000010  RWIX
  DACB                  00005c10   00000010  00000000  00000010  RWIX
  DACC                  00005c20   00000010  00000000  00000010  RWIX
  CMPSS1                00005c80   00000020  00000000  00000020  RWIX
  CMPSS2                00005ca0   00000020  00000000  00000020  RWIX
  CMPSS3                00005cc0   00000020  00000000  00000020  RWIX
  CMPSS4                00005ce0   00000020  00000000  00000020  RWIX
  CMPSS5                00005d00   00000020  00000000  00000020  RWIX
  CMPSS6                00005d20   00000020  00000000  00000020  RWIX
  CMPSS7                00005d40   00000020  00000000  00000020  RWIX
  CMPSS8                00005d60   00000020  00000000  00000020  RWIX
  SDFM1                 00005e00   00000080  00000000  00000080  RWIX
  SDFM2                 00005e80   00000080  00000000  00000080  RWIX
  MCBSPA                00006000   00000040  00000000  00000040  RWIX
  MCBSPB                00006040   00000040  00000000  00000040  RWIX
  SPIA                  00006100   00000010  00000010  00000000  RWIX
  SPIB                  00006110   00000010  00000010  00000000  RWIX
  SPIC                  00006120   00000010  00000000  00000010  RWIX
  SPID                  00006130   00000010  00000000  00000010  RWIX
  UPP                   00006200   00000100  00000000  00000100  RWIX
  WD                    00007000   00000040  0000002b  00000015  RWIX
  NMIINTRUPT            00007060   00000010  00000000  00000010  RWIX
  XINT                  00007070   00000010  00000000  00000010  RWIX
  SCIA                  00007200   00000010  00000010  00000000  RWIX
  SCIB                  00007210   00000010  00000000  00000010  RWIX
  SCIC                  00007220   00000010  00000010  00000000  RWIX
  SCID                  00007230   00000010  00000010  00000000  RWIX
  I2CA                  00007300   00000040  00000000  00000040  RWIX
  I2CB                  00007340   00000040  00000000  00000040  RWIX
  ADCA                  00007400   00000080  0000007c  00000004  RWIX
  ADCB                  00007480   00000080  00000000  00000080  RWIX
  ADCC                  00007500   00000080  00000000  00000080  RWIX
  ADCD                  00007580   00000080  00000000  00000080  RWIX
  INPUT_XBAR            00007900   00000020  00000020  00000000  RWIX
  XBAR                  00007920   00000020  00000000  00000020  RWIX
  SYNC_SOC              00007940   00000010  00000000  00000010  RWIX
  DMACLASRCSEL          00007980   00000040  00000000  00000040  RWIX
  EPWM_XBAR             00007a00   00000040  00000000  00000040  RWIX
  CLB_XBAR              00007a40   00000040  00000000  00000040  RWIX
  OUTPUT_XBAR           00007a80   00000040  00000000  00000040  RWIX
  GPIOCTRL              00007c00   00000180  00000180  00000000  RWIX
  GPIODAT               00007f00   00000030  00000030  00000000  RWIX
  RAMLS2                00009000   00000800  000003f6  0000040a  RWIX
  RAMD01                0000b000   00001000  00000200  00000e00  RWIX
  RAMGS015              0000c000   0000fff8  00006993  00009665  RWIX
  CPU2TOCPU1RAM         0003f800   00000200  00000000  00000200  RWIX
  CPU1TOCPU2RAM         0003fa00   00000200  00000000  00000200  RWIX
  NV_DATA_STORAGE       0003fc00   00000400  00000000  00000400  RWIX
  EMIF1                 00047000   00000800  00000000  00000800  RWIX
  EMIF2                 00047800   00000800  00000000  00000800  RWIX
  CANA                  00048000   00000800  00000000  00000800  RWIX
  CANB                  0004a000   00000800  00000000  00000800  RWIX
  IPC                   00050000   00000024  00000000  00000024  RWIX
  FLASHPUMPSEMAPHORE    00050024   00000002  00000002  00000000  RWIX
  DEV_CFG               0005d000   00000180  0000012e  00000052  RWIX
  ANALOG_SUBSYS         0005d180   00000080  0000003e  00000042  RWIX
  CLK_CFG               0005d200   00000100  00000032  000000ce  RWIX
  CPU_SYS               0005d300   00000100  00000082  0000007e  RWIX
  ROMPREFETCH           0005e608   00000002  00000000  00000002  RWIX
  DCSM_Z1               0005f000   00000030  00000022  0000000e  RWIX
  DCSM_Z2               0005f040   00000030  00000022  0000000e  RWIX
  DCSM_COMMON           0005f070   00000010  00000006  0000000a  RWIX
  MEMCFG                0005f400   00000080  00000076  0000000a  RWIX
  EMIF1CONFIG           0005f480   00000020  00000000  00000020  RWIX
  EMIF2CONFIG           0005f4a0   00000020  00000000  00000020  RWIX
  ACCESSPROTECTION      0005f4c0   00000040  00000000  00000040  RWIX
  MEMORYERROR           0005f500   00000040  00000000  00000040  RWIX
  ROMWAITSTATE          0005f540   00000002  00000000  00000002  RWIX
  FLASH0_CTRL           0005f800   00000300  00000182  0000017e  RWIX
  FLASH0_ECC            0005fb00   00000040  00000028  00000018  RWIX


SECTION ALLOCATION MAP

 output                                  attributes/
section   page    origin      length       input sections
--------  ----  ----------  ----------   ----------------
codestart 
*          0    00080000    00000002     
                  00080000    00000002     F2837xD_CodeStartBranch.obj (codestart)

.cinit     0    00087888    00000178     
                  00087888    0000003f     (.cinit..data.load) [load image, compression = lzss]
                  000878c7    00000008     (.cinit.CLADataLS2.load) [load image, compression = lzss]
                  000878cf    00000001     --HOLE-- [fill = 0]
                  000878d0    00000006     (__TI_handler_table)
                  000878d6    00000004     (.cinit..bss.load) [load image, compression = zero_init]
                  000878da    00000004     (.cinit.AdcaRegsFile.load) [load image, compression = zero_init]
                  000878de    00000004     (.cinit.AdcaResultFile.load) [load image, compression = zero_init]
                  000878e2    00000004     (.cinit.AdcbResultFile.load) [load image, compression = zero_init]
                  000878e6    00000004     (.cinit.AdccResultFile.load) [load image, compression = zero_init]
                  000878ea    00000004     (.cinit.AdcdResultFile.load) [load image, compression = zero_init]
                  000878ee    00000004     (.cinit.AnalogSubsysRegsFile.load) [load image, compression = zero_init]
                  000878f2    00000004     (.cinit.BufferDataSection.load) [load image, compression = zero_init]
                  000878f6    00000004     (.cinit.ClkCfgRegsFile.load) [load image, compression = zero_init]
                  000878fa    00000004     (.cinit.Cpu1ToCpu2MsgRAM.load) [load image, compression = zero_init]
                  000878fe    00000004     (.cinit.CpuSysRegsFile.load) [load image, compression = zero_init]
                  00087902    00000004     (.cinit.CpuTimer1RegsFile.load) [load image, compression = zero_init]
                  00087906    00000004     (.cinit.CpuTimer2RegsFile.load) [load image, compression = zero_init]
                  0008790a    00000004     (.cinit.DcsmCommonRegsFile.load) [load image, compression = zero_init]
                  0008790e    00000004     (.cinit.DcsmZ1RegsFile.load) [load image, compression = zero_init]
                  00087912    00000004     (.cinit.DcsmZ2RegsFile.load) [load image, compression = zero_init]
                  00087916    00000004     (.cinit.DevCfgRegsFile.load) [load image, compression = zero_init]
                  0008791a    00000004     (.cinit.EPwm1RegsFile.load) [load image, compression = zero_init]
                  0008791e    00000004     (.cinit.EPwm2RegsFile.load) [load image, compression = zero_init]
                  00087922    00000004     (.cinit.EPwm3RegsFile.load) [load image, compression = zero_init]
                  00087926    00000004     (.cinit.Flash0CtrlRegsFile.load) [load image, compression = zero_init]
                  0008792a    00000004     (.cinit.Flash0EccRegsFile.load) [load image, compression = zero_init]
                  0008792e    00000004     (.cinit.FlashPumpSemaphoreRegsFile.load) [load image, compression = zero_init]
                  00087932    00000004     (.cinit.GpioCtrlRegsFile.load) [load image, compression = zero_init]
                  00087936    00000004     (.cinit.GpioDataRegsFile.load) [load image, compression = zero_init]
                  0008793a    00000004     (.cinit.InputXbarRegsFile.load) [load image, compression = zero_init]
                  0008793e    00000004     (.cinit.MSGRAM_CPU1_TO_CPU2.load) [load image, compression = zero_init]
                  00087942    00000004     (.cinit.MSGRAM_CPU2_TO_CPU1.load) [load image, compression = zero_init]
                  00087946    00000004     (.cinit.MemCfgRegsFile.load) [load image, compression = zero_init]
                  0008794a    00000004     (.cinit.PieCtrlRegsFile.load) [load image, compression = zero_init]
                  0008794e    00000004     (.cinit.SciaRegsFile.load) [load image, compression = zero_init]
                  00087952    00000004     (.cinit.ScicRegsFile.load) [load image, compression = zero_init]
                  00087956    00000004     (.cinit.ScidRegsFile.load) [load image, compression = zero_init]
                  0008795a    00000004     (.cinit.SpiaRegsFile.load) [load image, compression = zero_init]
                  0008795e    00000004     (.cinit.SpibRegsFile.load) [load image, compression = zero_init]
                  00087962    00000004     (.cinit.WdRegsFile.load) [load image, compression = zero_init]
                  00087966    00000002     --HOLE-- [fill = 0]
                  00087968    00000098     (__TI_cinit_table)

.stack     1    0000b000    00000100     UNINITIALIZED
                  0000b000    00000100     --HOLE--

.switch    0    00087868    00000020     
                  00087868    00000020     fsm.obj (.switch:process_user_input)

.reset     0    003fffc0    00000000     DSECT

.init_array 
*          0    00080008    00000000     UNINITIALIZED

.bss       1    0000c000    0000646e     UNINITIALIZED
                  0000c000    00002f30     F28379dSerial.obj (.bss)
                  0000ef30    0000000c     F021_API_F2837xD_FPU32_EABI.lib : Init.obj (.bss)
                  0000ef3c    00000003     flash_if.obj (.bss)
                  0000ef3f    00000001     --HOLE--
                  0000ef40    000023c4     main_cpu1.obj (.bss)
                  00011304    000007d0     main_cpu1.obj (.bss:adc_a_zeros)
                  00011ad4    000007d0     main_cpu1.obj (.bss:adc_b_zeros)
                  000122a4    00000120     rts2800_fpu32_eabi.lib : trgmsg.c.obj (.bss:_CIOBUF_)
                  000123c4    000000a0                            : defs.c.obj (.bss:__TI_tmpnams)
                  00012464    00000008                            : hostopen.c.obj (.bss:parmbuf)
                  0001246c    00000002                            : memory.c.obj (.bss)

Cla1Prog   0    0008063c    00000188     RUN ADDR = 00009800
                  0008063c    00000150     cla_tasks.obj (Cla1Prog:Cla1Task1)
                  0008078c    00000008     cla_tasks.obj (Cla1Prog:Cla1Task2)
                  00080794    00000008     cla_tasks.obj (Cla1Prog:Cla1Task3)
                  0008079c    00000008     cla_tasks.obj (Cla1Prog:Cla1Task4)
                  000807a4    00000008     cla_tasks.obj (Cla1Prog:Cla1Task5)
                  000807ac    00000008     cla_tasks.obj (Cla1Prog:Cla1Task6)
                  000807b4    00000008     cla_tasks.obj (Cla1Prog:Cla1Task7)
                  000807bc    00000008     cla_tasks.obj (Cla1Prog:Cla1Task8)

.const     0    00086798    000010d0     
                  00086798    00000545     fsm.obj (.const:.string)
                  00086cdd    00000001     --HOLE-- [fill = 0]
                  00086cde    00000400     math_ops.obj (.const:sin_tab)
                  000870de    00000101     rts2800_fpu32_eabi.lib : ctype.c.obj (.const:.string:_ctypes_)
                  000871df    00000001     --HOLE-- [fill = 0]
                  000871e0    000000c2     driverlib_eabi.lib : sysctl.obj (.const:.string)
                  000872a2    000000bf                        : flash.obj (.const:.string)
                  00087361    00000001     --HOLE-- [fill = 0]
                  00087362    000000bc     calibration.obj (.const:.string)
                  0008741e    000000bc     driverlib_eabi.lib : gpio.obj (.const:.string)
                  000874da    000000bb                        : spi.obj (.const:.string)
                  00087595    00000001     --HOLE-- [fill = 0]
                  00087596    00000068     position_sensor.obj (.const:.string)
                  000875fe    00000060     driverlib_eabi.lib : memcfg.obj (.const:.string)
                  0008765e    0000001c     rts2800_fpu32_eabi.lib : _printfi.c.obj (.const)
                  0008767a    00000002                            : fputs.c.obj (.const:.string)
                  0008767c    00000004     --HOLE-- [fill = 0]
                  00087680    00000060                            : e_exp.c.obj (.const)
                  000876e0    0000005d     driverlib_eabi.lib : adc.obj (.const:.string)
                  0008773d    00000001     --HOLE-- [fill = 0]
                  0008773e    00000044                        : ipc.obj (.const:IPC_Instance)
                  00087782    00000040     rts2800_fpu32_eabi.lib : strtod.c.obj (.const:digits)
                  000877c2    00000026                            : _printfi.c.obj (.const:.string)
                  000877e8    00000024                            : strtod.c.obj (.const:powerof10)
                  0008780c    0000001c                            : s_scalbn.c.obj (.const)
                  00087828    0000000c                            : s_floor.c.obj (.const)
                  00087834    0000000c                            : strtod.c.obj (.const)
                  00087840    00000008                            : e_exp.c.obj (.const:halF)
                  00087848    00000008                            : e_exp.c.obj (.const:ln2HI)
                  00087850    00000008                            : e_exp.c.obj (.const:ln2LO)
                  00087858    00000008                            : s_frexp.c.obj (.const)
                  00087860    00000008                            : s_round.c.obj (.const)

CLADataLS2 
*          1    00009000    000002f6     UNINITIALIZED
                  00009000    000002f2     main_cpu1.obj (CLADataLS2:uninit)
                  000092f2    00000004     main_cpu1.obj (CLADataLS2:init)

.sysmem    1    0001246e    00000400     UNINITIALIZED
                  0001246e    00000004     rts2800_fpu32_eabi.lib : memory.c.obj (.sysmem)
                  00012472    000003fc     --HOLE--

.data      1    0001286e    0000011d     UNINITIALIZED
                  0001286e    00000078     rts2800_fpu32_eabi.lib : defs.c.obj (.data:_ftable)
                  000128e6    00000048                            : host_device.c.obj (.data:_device)
                  0001292e    00000028                            : host_device.c.obj (.data:_stream)
                  00012956    00000020     main_cpu1.obj (.data)
                  00012976    00000006     device.obj (.data)
                  0001297c    00000002     rts2800_fpu32_eabi.lib : _lock.c.obj (.data:_lock)
                  0001297e    00000002                            : _lock.c.obj (.data:_unlock)
                  00012980    00000006                            : exit.c.obj (.data)
                  00012986    00000001                            : defs.c.obj (.data)
                  00012987    00000001                            : errno.c.obj (.data)
                  00012988    00000001                            : fopen.c.obj (.data)
                  00012989    00000001                            : memory.c.obj (.data)
                  0001298a    00000001                            : open.c.obj (.data)

Cpu1ToCpu2MsgRAM 
*          1    0001298b    00000008     UNINITIALIZED
                  0001298b    00000008     main_cpu1.obj (Cpu1ToCpu2MsgRAM)

BufferDataSection 
*          1    0000b100    00000100     UNINITIALIZED
                  0000b100    00000100     main_cpu1.obj (BufferDataSection)

.TI.ramfunc 
*          0    00080008    00000632     RUN ADDR = 00008000
                  00080008    000002f1     F28379dSerial.obj (.TI.ramfunc:retain)
                  000802f9    0000017d     main_cpu1.obj (.TI.ramfunc:retain)
                  00080476    00000054     Fapi_UserDefinedFunctions.obj (.TI.ramfunc)
                  000804ca    00000048     F2837xD_SysCtrl.obj (.TI.ramfunc)
                  00080512    00000043     driverlib_eabi.lib : flash.obj (.TI.ramfunc:Flash_initModule)
                  00080555    0000002c                        : flash.obj (.TI.ramfunc:Flash_setBankPowerMode)
                  00080581    00000024                        : flash.obj (.TI.ramfunc:Flash_setWaitstates)
                  000805a5    0000001d                        : flash.obj (.TI.ramfunc:Flash_setPumpPowerMode)
                  000805c2    00000018                        : flash.obj (.TI.ramfunc:Flash_disableCache)
                  000805da    00000018                        : flash.obj (.TI.ramfunc:Flash_disablePrefetch)
                  000805f2    00000017                        : flash.obj (.TI.ramfunc:Flash_enableCache)
                  00080609    00000017                        : flash.obj (.TI.ramfunc:Flash_enablePrefetch)
                  00080620    00000016                        : flash.obj (.TI.ramfunc:Flash_enableECC)
                  00080636    00000004                        : sysctl.obj (.TI.ramfunc)

GETBUFFER 
*          0    0003f800    00000000     DSECT

GETWRITEIDX 
*          0    0003f800    00000000     DSECT

PUTREADIDX 
*          0    0003f800    00000000     DSECT

CLAscratch 
*          1    000092f6    00000100     UNINITIALIZED
                  000092f6    00000100     --HOLE--

.const_cla 
*          1    00009000    00000000     UNINITIALIZED

AdcaResultFile 
*          1    00000b00    00000018     UNINITIALIZED
                  00000b00    00000018     F2837xD_GlobalVariableDefs.obj (AdcaResultFile)

AdcbResultFile 
*          1    00000b20    00000018     UNINITIALIZED
                  00000b20    00000018     F2837xD_GlobalVariableDefs.obj (AdcbResultFile)

AdccResultFile 
*          1    00000b40    00000018     UNINITIALIZED
                  00000b40    00000018     F2837xD_GlobalVariableDefs.obj (AdccResultFile)

AdcdResultFile 
*          1    00000b60    00000018     UNINITIALIZED
                  00000b60    00000018     F2837xD_GlobalVariableDefs.obj (AdcdResultFile)

AdcaRegsFile 
*          1    00007400    0000007c     UNINITIALIZED
                  00007400    0000007c     F2837xD_GlobalVariableDefs.obj (AdcaRegsFile)

AnalogSubsysRegsFile 
*          1    0005d180    0000003e     UNINITIALIZED
                  0005d180    0000003e     F2837xD_GlobalVariableDefs.obj (AnalogSubsysRegsFile)

Cla1SoftIntRegsFile 
*          1    00000ce0    00000000     DSECT

.text.1    0    000807c8    00001838     
                  000807c8    00000870     board.obj (.text)
                  00081038    000006c2     rts2800_fpu32_eabi.lib : _printfi.c.obj (.text)
                  000816fa    00000614                            : _printfi.c.obj (.text:__TI_printfi)
                  00081d0e    000002d2     F021_API_F2837xD_FPU32_EABI.lib : FlashStateMachine.obj (.text:_Fapi_setupFlashStateMachine)
                  00081fe0    0000001f     driverlib_eabi.lib : sysctl.obj (.text:CPUTimer_getTimerOverflowStatus)
                  00081fff    00000001     rts2800_fpu32_eabi.lib : startup.c.obj (.text)

.text.2    0    00082000    00002000     
                  00082000    000005ba     foc.obj (.text)
                  000825ba    00000596     fsm.obj (.text)
                  00082b50    00000517     F2837xD_SysCtrl.obj (.text)
                  00083067    000003a8     calibration.obj (.text)
                  0008340f    00000339     device.obj (.text)
                  00083748    000002b5     flash_if.obj (.text)
                  000839fd    00000298     rts2800_fpu32_eabi.lib : memory.c.obj (.text)
                  00083c95    00000283                            : strtod.c.obj (.text)
                  00083f18    000000e8                            : s_floor.c.obj (.text)

.text.3    0    00084000    00001fff     
                  00084000    0000027b     rts2800_fpu32_eabi.lib : e_exp.c.obj (.text)
                  0008427b    00000001     --HOLE-- [fill = 0]
                  0008427c    00000218     F2837xD_Gpio.obj (.text)
                  00084494    00000206     driverlib_eabi.lib : sysctl.obj (.text:SysCtl_setClock)
                  0008469a    000001b5     main_cpu1.obj (.text)
                  0008484f    0000018b     F021_API_F2837xD_FPU32_EABI.lib : Program.obj (.text:Fapi_issueProgrammingCommand)
                  000849da    00000150     drv8323.obj (.text)
                  00084b2a    00000121     rts2800_fpu32_eabi.lib : fopen.c.obj (.text)
                  00084c4b    00000107                            : ll_div28.asm.obj (.text)
                  00084d52    000000e0     can.obj (.text)
                  00084e32    000000da     math_ops.obj (.text)
                  00084f0c    000000a9     F021_API_F2837xD_FPU32_EABI.lib : Read.obj (.text:Fapi_doMarginRead)
                  00084fb5    000000a9     rts2800_fpu32_eabi.lib : s_scalbn.c.obj (.text)
                  0008505e    000000a8                            : fputs.c.obj (.text)
                  00085106    0000009c                            : fd_add28.asm.obj (.text)
                  000851a2    00000095                            : trgmsg.c.obj (.text)
                  00085237    00000094                            : s_round.c.obj (.text)
                  000852cb    0000008b     driverlib_eabi.lib : memcfg.obj (.text:MemCfg_setProtection)
                  00085356    0000008b     rts2800_fpu32_eabi.lib : fd_div28.asm.obj (.text)
                  000853e1    0000008a     driverlib_eabi.lib : sysctl.obj (.text:SysCtl_selectXTAL)
                  0008546b    00000088     rts2800_fpu32_eabi.lib : fs_div28.asm.obj (.text)
                  000854f3    00000083                            : fd_mpy28.asm.obj (.text)
                  00085576    00000080     F021_API_F2837xD_FPU32_EABI.lib : Read.obj (.text:_Fapi_loopRegionForValue)
                  000855f6    0000007c     rts2800_fpu32_eabi.lib : setvbuf.c.obj (.text)
                  00085672    00000073                            : fflush.c.obj (.text)
                  000856e5    00000071                            : open.c.obj (.text)
                  00085756    0000006f     driverlib_eabi.lib : adc.obj (.text:ADC_setINLTrim)
                  000857c5    00000068                        : sysctl.obj (.text:SysCtl_getDeviceParametric)
                  0008582d    00000065     rts2800_fpu32_eabi.lib : _io_perm.c.obj (.text)
                  00085892    00000061                            : hostlseek.c.obj (.text)
                  000858f3    00000060     driverlib_eabi.lib : adc.obj (.text:ADC_setOffsetTrim)
                  00085953    0000005e     position_sensor.obj (.text)
                  000859b1    0000005d     driverlib_eabi.lib : ipc.obj (.text:IPC_sendCommand)
                  00085a0e    0000005d     rts2800_fpu32_eabi.lib : fclose.c.obj (.text)
                  00085a6b    0000005c     driverlib_eabi.lib : spi.obj (.text:SPI_setConfig)
                  00085ac7    0000005a     rts2800_fpu32_eabi.lib : s_frexp.c.obj (.text)
                  00085b21    00000053                            : fputc.c.obj (.text)
                  00085b74    00000052     driverlib_eabi.lib : gpio.obj (.text:GPIO_setPadConfig)
                  00085bc6    00000051     rts2800_fpu32_eabi.lib : getdevice.c.obj (.text)
                  00085c17    0000004a     driverlib_eabi.lib : ipc.obj (.text:IPC_readCommand)
                  00085c61    00000048                        : sysctl.obj (.text:SysCtl_selectOscSource)
                  00085ca9    00000045     F021_API_F2837xD_FPU32_EABI.lib : FlashStateMachine.obj (.text:_Fapi_issueFsmCommand)
                  00085cee    00000041                                     : Init.obj (.text:Fapi_initializeAPI)
                  00085d2f    0000003e     rts2800_fpu32_eabi.lib : hostrename.c.obj (.text)
                  00085d6d    0000003d     driverlib_eabi.lib : interrupt.obj (.text:Interrupt_initModule)
                  00085daa    0000003d     rts2800_fpu32_eabi.lib : fseek.c.obj (.text)
                  00085de7    0000003a                            : hostopen.c.obj (.text)
                  00085e21    00000039                            : hostwrite.c.obj (.text)
                  00085e5a    00000038                            : hostread.c.obj (.text)
                  00085e92    00000037     driverlib_eabi.lib : gpio.obj (.text:GPIO_setControllerCore)
                  00085ec9    00000037                        : gpio.obj (.text:GPIO_setPinConfig)
                  00085f00    00000037                        : gpio.obj (.text:GPIO_setQualificationMode)
                  00085f37    00000037                        : interrupt.obj (.text:Interrupt_enable)
                  00085f6e    00000037                        : memcfg.obj (.text:MemCfg_setLSRAMControllerSel)
                  00085fa5    00000034     F021_API_F2837xD_FPU32_EABI.lib : BlankCheck.obj (.text:Fapi_doBlankCheck)
                  00085fd9    00000026     driverlib_eabi.lib : cla.obj (.text:CLA_setTriggerSource)

.text.4    0    00086000    00000795     
                  00086000    00000034     rts2800_fpu32_eabi.lib : printf.c.obj (.text)
                  00086034    00000033                            : close.c.obj (.text)
                  00086067    00000031     driverlib_eabi.lib : gpio.obj (.text:GPIO_setDirectionMode)
                  00086098    00000031     rts2800_fpu32_eabi.lib : atoi.c.obj (.text)
                  000860c9    00000030                            : _ltoa.c.obj (.text)
                  000860f9    0000002f     driverlib_eabi.lib : adc.obj (.text:ADC_setMode)
                  00086128    0000002e     rts2800_fpu32_eabi.lib : copy_decompress_lzss.c.obj (.text:decompress:lzss)
                  00086156    0000002c     F021_API_F2837xD_FPU32_EABI.lib : Utilities.obj (.text:Fapi_calculateFletcherChecksum)
                  00086182    0000002b     rts2800_fpu32_eabi.lib : autoinit.c.obj (.text:__TI_auto_init_nobinit_nopinit)
                  000861ad    0000002a     F021_API_F2837xD_FPU32_EABI.lib : Utilities.obj (.text:_Fapi_divideUnsignedLong)
                  000861d7    0000002a     rts2800_fpu32_eabi.lib : fd_cmp28.asm.obj (.text)
                  00086201    0000002a                            : l_div28.asm.obj (.text)
                  0008622b    00000029     F021_API_F2837xD_FPU32_EABI.lib : FlashStateMachine.obj (.text:Fapi_setActiveFlashBank)
                  00086254    00000029     rts2800_fpu32_eabi.lib : exit.c.obj (.text)
                  0008627d    00000029                            : hostclose.c.obj (.text)
                  000862a6    00000026     driverlib_eabi.lib : flash.obj (.text:Flash_setBankPowerUpDelay)
                  000862cc    00000026                        : memcfg.obj (.text:MemCfg_setGSRAMControllerSel)
                  000862f2    00000025     F021_API_F2837xD_FPU32_EABI.lib : FlashStateMachine.obj (.text:_Fapi_setupSectorsForWrite)
                  00086317    00000024     rts2800_fpu32_eabi.lib : hostunlink.c.obj (.text)
                  0008633b    00000024                            : s_copysign.c.obj (.text)
                  0008635f    00000023                            : fd_tofsfpu32.asm.obj (.text)
                  00086382    00000022     F021_API_F2837xD_FPU32_EABI.lib : FlashStateMachine.obj (.text:Fapi_isAddressEcc)
                  000863a4    00000021     driverlib_eabi.lib : sysctl.obj (.text:CPUTimer_selectClockSource)
                  000863c5    00000021     F021_API_F2837xD_FPU32_EABI.lib : Async.obj (.text:Fapi_issueAsyncCommandWithAddress)
                  000863e6    00000021     rts2800_fpu32_eabi.lib : fd_toi28.asm.obj (.text)
                  00086407    0000001f                            : fd_tol28.asm.obj (.text)
                  00086426    0000001e     driverlib_eabi.lib : interrupt.obj (.text:Interrupt_initVectorTable)
                  00086444    0000001e     rts2800_fpu32_eabi.lib : ll_cmp28.asm.obj (.text)
                  00086462    0000001d     main_cpu1.obj (.text:retain)
                  0008647f    0000001d     rts2800_fpu32_eabi.lib : i_tofd28.asm.obj (.text)
                  0008649c    0000001d                            : memcpy.c.obj (.text)
                  000864b9    0000001c                            : fs_tofdfpu32.asm.obj (.text)
                  000864d5    0000001c                            : l_tofd28.asm.obj (.text)
                  000864f1    0000001b     driverlib_eabi.lib : adc.obj (.text:ADC_isBaseValid)
                  0008650c    0000001a                        : sysctl.obj (.text:CPUTimer_startTimer)
                  00086526    0000001a     rts2800_fpu32_eabi.lib : fd_tou28.asm.obj (.text)
                  00086540    00000019                            : unlink.c.obj (.text)
                  00086559    00000019                            : write.c.obj (.text)
                  00086572    00000018                            : ll_aox28.asm.obj (.text)
                  0008658a    00000018                            : lseek.c.obj (.text)
                  000865a2    00000017     driverlib_eabi.lib : sysctl.obj (.text:CPUTimer_isBaseValid)
                  000865b9    00000017                        : spi.obj (.text:SPI_isBaseValid)
                  000865d0    00000017     rts2800_fpu32_eabi.lib : boot28.asm.obj (.text)
                  000865e7    00000015                            : strncpy.c.obj (.text)
                  000865fc    00000014     driverlib_eabi.lib : sysctl.obj (.text:CPUTimer_stopTimer)
                  00086610    00000013     F021_API_F2837xD_FPU32_EABI.lib : Read.obj (.text:Fapi_flushPipeline)
                  00086623    00000012     driverlib_eabi.lib : sysctl.obj (.text:CPUTimer_clearOverflowFlag)
                  00086635    00000012                        : sysctl.obj (.text:CPUTimer_disableInterrupt)
                  00086647    00000011                        : sysctl.obj (.text:CPUTimer_setPeriod)
                  00086658    00000010                        : flash.obj (.text:Flash_isCtrlBaseValid)
                  00086668    00000010                        : flash.obj (.text:Flash_isECCBaseValid)
                  00086678    00000010     rts2800_fpu32_eabi.lib : memccpy.c.obj (.text)
                  00086688    0000000f     driverlib_eabi.lib : sysctl.obj (.text:SysCtl_pollCpuTimer)
                  00086697    0000000e                        : gpio.obj (.text:GPIO_isPinValid)
                  000866a5    0000000e                        : interrupt.obj (.text:Interrupt_defaultHandler)
                  000866b3    0000000e     rts2800_fpu32_eabi.lib : fd_sub28.asm.obj (.text)
                  000866c1    0000000d     driverlib_eabi.lib : interrupt.obj (.text:Interrupt_disableGlobal)
                  000866ce    0000000d                        : interrupt.obj (.text:Interrupt_enableGlobal)
                  000866db    0000000d     F021_API_F2837xD_FPU32_EABI.lib : Utilities.obj (.text:_Fapi_scaleCycleValues)
                  000866e8    0000000d     rts2800_fpu32_eabi.lib : memchr.c.obj (.text)
                  000866f5    0000000c                            : args_main.c.obj (.text)
                  00086701    0000000c                            : strchr.c.obj (.text)
                  0008670d    0000000b     F021_API_F2837xD_FPU32_EABI.lib : FlashStateMachine.obj (.text:Fapi_checkFsmForReady)
                  00086718    0000000b     driverlib_eabi.lib : sysctl.obj (.text:SysCtl_isMCDClockFailureDetected)
                  00086723    0000000b     F021_API_F2837xD_FPU32_EABI.lib : Utilities.obj (.text:_Fapi_calculateOtpChecksum)
                  0008672e    0000000b     rts2800_fpu32_eabi.lib : wcslen.c.obj (.text)
                  00086739    0000000a                            : strcmp.c.obj (.text)
                  00086743    00000009     driverlib_eabi.lib : sysctl.obj (.text:SysCtl_serviceWatchdog)
                  0008674c    00000009     rts2800_fpu32_eabi.lib : _lock.c.obj (.text)
                  00086755    00000009                            : fd_neg28.asm.obj (.text)
                  0008675e    00000008     F2837xD_CodeStartBranch.obj (.text)
                  00086766    00000008     rts2800_fpu32_eabi.lib : copy_decompress_none.c.obj (.text:decompress:none)
                  0008676e    00000008                            : strlen.c.obj (.text)
                  00086776    00000007     driverlib_eabi.lib : sysctl.obj (.text:SysCtl_resetMCD)
                  0008677d    00000007     rts2800_fpu32_eabi.lib : memset.c.obj (.text)
                  00086784    00000006                            : copy_zero_init.c.obj (.text:decompress:ZI)
                  0008678a    00000005                            : strcpy.c.obj (.text)
                  0008678f    00000002     driverlib_eabi.lib : interrupt.obj (.text:Interrupt_illegalOperationHandler)
                  00086791    00000002                        : interrupt.obj (.text:Interrupt_nmiHandler)
                  00086793    00000002     rts2800_fpu32_eabi.lib : pre_init.c.obj (.text)

CpuTimer1RegsFile 
*          1    00000c08    00000008     UNINITIALIZED
                  00000c08    00000008     F2837xD_GlobalVariableDefs.obj (CpuTimer1RegsFile)

CpuTimer2RegsFile 
*          1    00000c10    00000008     UNINITIALIZED
                  00000c10    00000008     F2837xD_GlobalVariableDefs.obj (CpuTimer2RegsFile)

DcsmZ1RegsFile 
*          1    0005f000    00000022     UNINITIALIZED
                  0005f000    00000022     F2837xD_GlobalVariableDefs.obj (DcsmZ1RegsFile)

DcsmZ2RegsFile 
*          1    0005f040    00000022     UNINITIALIZED
                  0005f040    00000022     F2837xD_GlobalVariableDefs.obj (DcsmZ2RegsFile)

DcsmCommonRegsFile 
*          1    0005f070    00000006     UNINITIALIZED
                  0005f070    00000006     F2837xD_GlobalVariableDefs.obj (DcsmCommonRegsFile)

EPwm1RegsFile 
*          1    00004000    00000100     UNINITIALIZED
                  00004000    00000100     F2837xD_GlobalVariableDefs.obj (EPwm1RegsFile)

EPwm2RegsFile 
*          1    00004100    00000100     UNINITIALIZED
                  00004100    00000100     F2837xD_GlobalVariableDefs.obj (EPwm2RegsFile)

EPwm3RegsFile 
*          1    00004200    00000100     UNINITIALIZED
                  00004200    00000100     F2837xD_GlobalVariableDefs.obj (EPwm3RegsFile)

GpioCtrlRegsFile 
*          1    00007c00    00000180     UNINITIALIZED
                  00007c00    00000180     F2837xD_GlobalVariableDefs.obj (GpioCtrlRegsFile)

GpioDataRegsFile 
*          1    00007f00    00000030     UNINITIALIZED
                  00007f00    00000030     F2837xD_GlobalVariableDefs.obj (GpioDataRegsFile)

Flash0CtrlRegsFile 
*          1    0005f800    00000182     UNINITIALIZED
                  0005f800    00000182     F2837xD_GlobalVariableDefs.obj (Flash0CtrlRegsFile)

Flash0EccRegsFile 
*          1    0005fb00    00000028     UNINITIALIZED
                  0005fb00    00000028     F2837xD_GlobalVariableDefs.obj (Flash0EccRegsFile)

InputXbarRegsFile 
*          1    00007900    00000020     UNINITIALIZED
                  00007900    00000020     F2837xD_GlobalVariableDefs.obj (InputXbarRegsFile)

FlashPumpSemaphoreRegsFile 
*          1    00050024    00000002     UNINITIALIZED
                  00050024    00000002     F2837xD_GlobalVariableDefs.obj (FlashPumpSemaphoreRegsFile)

MemCfgRegsFile 
*          1    0005f400    00000076     UNINITIALIZED
                  0005f400    00000076     F2837xD_GlobalVariableDefs.obj (MemCfgRegsFile)

PieCtrlRegsFile 
*          1    00000ce0    0000001a     UNINITIALIZED
                  00000ce0    0000001a     F2837xD_GlobalVariableDefs.obj (PieCtrlRegsFile)

SciaRegsFile 
*          1    00007200    00000010     UNINITIALIZED
                  00007200    00000010     F2837xD_GlobalVariableDefs.obj (SciaRegsFile)

ScicRegsFile 
*          1    00007220    00000010     UNINITIALIZED
                  00007220    00000010     F2837xD_GlobalVariableDefs.obj (ScicRegsFile)

ScidRegsFile 
*          1    00007230    00000010     UNINITIALIZED
                  00007230    00000010     F2837xD_GlobalVariableDefs.obj (ScidRegsFile)

SpiaRegsFile 
*          1    00006100    00000010     UNINITIALIZED
                  00006100    00000010     F2837xD_GlobalVariableDefs.obj (SpiaRegsFile)

SpibRegsFile 
*          1    00006110    00000010     UNINITIALIZED
                  00006110    00000010     F2837xD_GlobalVariableDefs.obj (SpibRegsFile)

DevCfgRegsFile 
*          1    0005d000    0000012e     UNINITIALIZED
                  0005d000    0000012e     F2837xD_GlobalVariableDefs.obj (DevCfgRegsFile)

ClkCfgRegsFile 
*          1    0005d200    00000032     UNINITIALIZED
                  0005d200    00000032     F2837xD_GlobalVariableDefs.obj (ClkCfgRegsFile)

CpuSysRegsFile 
*          1    0005d300    00000082     UNINITIALIZED
                  0005d300    00000082     F2837xD_GlobalVariableDefs.obj (CpuSysRegsFile)

WdRegsFile 
*          1    00007000    0000002b     UNINITIALIZED
                  00007000    0000002b     F2837xD_GlobalVariableDefs.obj (WdRegsFile)

MSGRAM_CPU1_TO_CPU2 
*          1    00000040    00000088     UNINITIALIZED
                  00000040    00000088     driverlib_eabi.lib : ipc.obj (MSGRAM_CPU1_TO_CPU2)

MSGRAM_CPU2_TO_CPU1 
*          1    00000400    00000088     UNINITIALIZED
                  00000400    00000088     driverlib_eabi.lib : ipc.obj (MSGRAM_CPU2_TO_CPU1)

MODULE SUMMARY

       Module                           code    ro data   rw data
       ------                           ----    -------   -------
    .\
       main_cpu1.obj                    1228    0         14210  
       fsm.obj                          1430    1381      0      
       foc.obj                          1466    0         0      
       math_ops.obj                     218     1024      0      
       calibration.obj                  936     188       0      
       cla_tasks.obj                    784     0         0      
       flash_if.obj                     693     0         3      
       drv8323.obj                      336     0         0      
       can.obj                          224     0         0      
       position_sensor.obj              94      104       0      
       Fapi_UserDefinedFunctions.obj    168     0         0      
    +--+--------------------------------+-------+---------+---------+
       Total:                           7577    2697      14213  
                                                                 
    .\device\
       device.obj                       825     0         6      
       F2837xD_CodeStartBranch.obj      10      0         0      
    +--+--------------------------------+-------+---------+---------+
       Total:                           835     0         6      
                                                                 
    .\driver_files\
       F28379dSerial.obj                1506    0         12080  
       F2837xD_GlobalVariableDefs.obj   0       0         2781   
       F2837xD_SysCtrl.obj              1447    0         0      
       F2837xD_Gpio.obj                 536     0         0      
    +--+--------------------------------+-------+---------+---------+
       Total:                           3489    0         14861  
                                                                 
    .\syscfg\
       board.obj                        2160    0         0      
    +--+--------------------------------+-------+---------+---------+
       Total:                           2160    0         0      
                                                                 
    ../F021_API_F2837xD_FPU32_EABI.lib
       FlashStateMachine.obj            914     0         0      
       Program.obj                      395     0         0      
       Read.obj                         316     0         0      
       Utilities.obj                    110     0         0      
       Init.obj                         65      0         12     
       BlankCheck.obj                   52      0         0      
       Async.obj                        33      0         0      
    +--+--------------------------------+-------+---------+---------+
       Total:                           1885    0         12     
                                                                 
    C:\ti\c2000\C2000Ware_5_00_00_00\driverlib\f2837xd\driverlib\ccs\Debug\driverlib_eabi.lib
       sysctl.obj                       1068    194       0      
       flash.obj                        654     191       0      
       ipc.obj                          167     68        272    
       gpio.obj                         310     188       0      
       adc.obj                          281     93        0      
       memcfg.obj                       232     96        0      
       spi.obj                          115     187       0      
       interrupt.obj                    190     0         0      
       cla.obj                          38      0         0      
    +--+--------------------------------+-------+---------+---------+
       Total:                           3055    1017      272    
                                                                 
    C:\ti\ccs1210\ccs\tools\compiler\ti-cgt-c2000_22.6.0.LTS\lib\rts2800_fpu32_eabi.lib
       _printfi.c.obj                   3286    66        0      
       e_exp.c.obj                      635     120       0      
       strtod.c.obj                     643     112       0      
       memory.c.obj                     664     0         3      
       trgmsg.c.obj                     149     0         288    
       fopen.c.obj                      289     0         1      
       defs.c.obj                       0       0         281    
       ll_div28.asm.obj                 263     0         0      
       ctype.c.obj                      0       257       0      
       s_floor.c.obj                    232     12        0      
       s_scalbn.c.obj                   169     28        0      
       fputs.c.obj                      168     2         0      
       fd_add28.asm.obj                 156     0         0      
       s_round.c.obj                    148     8         0      
       fd_div28.asm.obj                 139     0         0      
       fs_div28.asm.obj                 136     0         0      
       fd_mpy28.asm.obj                 131     0         0      
       setvbuf.c.obj                    124     0         0      
       fflush.c.obj                     115     0         0      
       open.c.obj                       113     0         1      
       host_device.c.obj                0       0         112    
       _io_perm.c.obj                   101     0         0      
       s_frexp.c.obj                    90      8         0      
       hostlseek.c.obj                  97      0         0      
       fclose.c.obj                     93      0         0      
       fputc.c.obj                      83      0         0      
       getdevice.c.obj                  81      0         0      
       hostopen.c.obj                   58      0         8      
       hostrename.c.obj                 62      0         0      
       fseek.c.obj                      61      0         0      
       hostwrite.c.obj                  57      0         0      
       hostread.c.obj                   56      0         0      
       printf.c.obj                     52      0         0      
       close.c.obj                      51      0         0      
       atoi.c.obj                       49      0         0      
       _ltoa.c.obj                      48      0         0      
       exit.c.obj                       41      0         6      
       copy_decompress_lzss.c.obj       46      0         0      
       autoinit.c.obj                   43      0         0      
       fd_cmp28.asm.obj                 42      0         0      
       l_div28.asm.obj                  42      0         0      
       hostclose.c.obj                  41      0         0      
       hostunlink.c.obj                 36      0         0      
       s_copysign.c.obj                 36      0         0      
       fd_tofsfpu32.asm.obj             35      0         0      
       fd_toi28.asm.obj                 33      0         0      
       fd_tol28.asm.obj                 31      0         0      
       ll_cmp28.asm.obj                 30      0         0      
       i_tofd28.asm.obj                 29      0         0      
       memcpy.c.obj                     29      0         0      
       fs_tofdfpu32.asm.obj             28      0         0      
       l_tofd28.asm.obj                 28      0         0      
       fd_tou28.asm.obj                 26      0         0      
       unlink.c.obj                     25      0         0      
       write.c.obj                      25      0         0      
       ll_aox28.asm.obj                 24      0         0      
       lseek.c.obj                      24      0         0      
       boot28.asm.obj                   23      0         0      
       strncpy.c.obj                    21      0         0      
       memccpy.c.obj                    16      0         0      
       fd_sub28.asm.obj                 14      0         0      
       _lock.c.obj                      9       0         4      
       memchr.c.obj                     13      0         0      
       args_main.c.obj                  12      0         0      
       strchr.c.obj                     12      0         0      
       wcslen.c.obj                     11      0         0      
       strcmp.c.obj                     10      0         0      
       fd_neg28.asm.obj                 9       0         0      
       copy_decompress_none.c.obj       8       0         0      
       strlen.c.obj                     8       0         0      
       memset.c.obj                     7       0         0      
       copy_zero_init.c.obj             6       0         0      
       strcpy.c.obj                     5       0         0      
       pre_init.c.obj                   2       0         0      
       errno.c.obj                      0       0         1      
       startup.c.obj                    1       0         0      
    +--+--------------------------------+-------+---------+---------+
       Total:                           9480    613       705    
                                                                 
       Heap:                            0       0         1024   
       Stack:                           0       0         256    
       Linker Generated:                0       373       0      
    +--+--------------------------------+-------+---------+---------+
       Grand Total:                     28481   4700      31349  


LINKER GENERATED COPY TABLES

__TI_cinit_table @ 00087968 records: 38, size/record: 4, table size: 152
	.data: load addr=00087888, load size=0000003f bytes, run addr=0001286e, run size=0000011d bytes, compression=lzss
	CLADataLS2: load addr=000878c7, load size=00000008 bytes, run addr=00009000, run size=000002f6 bytes, compression=lzss
	.bss: load addr=000878d6, load size=00000004 bytes, run addr=0000c000, run size=0000646e bytes, compression=zero_init
	AdcaRegsFile: load addr=000878da, load size=00000004 bytes, run addr=00007400, run size=0000007c bytes, compression=zero_init
	AdcaResultFile: load addr=000878de, load size=00000004 bytes, run addr=00000b00, run size=00000018 bytes, compression=zero_init
	AdcbResultFile: load addr=000878e2, load size=00000004 bytes, run addr=00000b20, run size=00000018 bytes, compression=zero_init
	AdccResultFile: load addr=000878e6, load size=00000004 bytes, run addr=00000b40, run size=00000018 bytes, compression=zero_init
	AdcdResultFile: load addr=000878ea, load size=00000004 bytes, run addr=00000b60, run size=00000018 bytes, compression=zero_init
	AnalogSubsysRegsFile: load addr=000878ee, load size=00000004 bytes, run addr=0005d180, run size=0000003e bytes, compression=zero_init
	BufferDataSection: load addr=000878f2, load size=00000004 bytes, run addr=0000b100, run size=00000100 bytes, compression=zero_init
	ClkCfgRegsFile: load addr=000878f6, load size=00000004 bytes, run addr=0005d200, run size=00000032 bytes, compression=zero_init
	Cpu1ToCpu2MsgRAM: load addr=000878fa, load size=00000004 bytes, run addr=0001298b, run size=00000008 bytes, compression=zero_init
	CpuSysRegsFile: load addr=000878fe, load size=00000004 bytes, run addr=0005d300, run size=00000082 bytes, compression=zero_init
	CpuTimer1RegsFile: load addr=00087902, load size=00000004 bytes, run addr=00000c08, run size=00000008 bytes, compression=zero_init
	CpuTimer2RegsFile: load addr=00087906, load size=00000004 bytes, run addr=00000c10, run size=00000008 bytes, compression=zero_init
	DcsmCommonRegsFile: load addr=0008790a, load size=00000004 bytes, run addr=0005f070, run size=00000006 bytes, compression=zero_init
	DcsmZ1RegsFile: load addr=0008790e, load size=00000004 bytes, run addr=0005f000, run size=00000022 bytes, compression=zero_init
	DcsmZ2RegsFile: load addr=00087912, load size=00000004 bytes, run addr=0005f040, run size=00000022 bytes, compression=zero_init
	DevCfgRegsFile: load addr=00087916, load size=00000004 bytes, run addr=0005d000, run size=0000012e bytes, compression=zero_init
	EPwm1RegsFile: load addr=0008791a, load size=00000004 bytes, run addr=00004000, run size=00000100 bytes, compression=zero_init
	EPwm2RegsFile: load addr=0008791e, load size=00000004 bytes, run addr=00004100, run size=00000100 bytes, compression=zero_init
	EPwm3RegsFile: load addr=00087922, load size=00000004 bytes, run addr=00004200, run size=00000100 bytes, compression=zero_init
	Flash0CtrlRegsFile: load addr=00087926, load size=00000004 bytes, run addr=0005f800, run size=00000182 bytes, compression=zero_init
	Flash0EccRegsFile: load addr=0008792a, load size=00000004 bytes, run addr=0005fb00, run size=00000028 bytes, compression=zero_init
	FlashPumpSemaphoreRegsFile: load addr=0008792e, load size=00000004 bytes, run addr=00050024, run size=00000002 bytes, compression=zero_init
	GpioCtrlRegsFile: load addr=00087932, load size=00000004 bytes, run addr=00007c00, run size=00000180 bytes, compression=zero_init
	GpioDataRegsFile: load addr=00087936, load size=00000004 bytes, run addr=00007f00, run size=00000030 bytes, compression=zero_init
	InputXbarRegsFile: load addr=0008793a, load size=00000004 bytes, run addr=00007900, run size=00000020 bytes, compression=zero_init
	MSGRAM_CPU1_TO_CPU2: load addr=0008793e, load size=00000004 bytes, run addr=00000040, run size=00000088 bytes, compression=zero_init
	MSGRAM_CPU2_TO_CPU1: load addr=00087942, load size=00000004 bytes, run addr=00000400, run size=00000088 bytes, compression=zero_init
	MemCfgRegsFile: load addr=00087946, load size=00000004 bytes, run addr=0005f400, run size=00000076 bytes, compression=zero_init
	PieCtrlRegsFile: load addr=0008794a, load size=00000004 bytes, run addr=00000ce0, run size=0000001a bytes, compression=zero_init
	SciaRegsFile: load addr=0008794e, load size=00000004 bytes, run addr=00007200, run size=00000010 bytes, compression=zero_init
	ScicRegsFile: load addr=00087952, load size=00000004 bytes, run addr=00007220, run size=00000010 bytes, compression=zero_init
	ScidRegsFile: load addr=00087956, load size=00000004 bytes, run addr=00007230, run size=00000010 bytes, compression=zero_init
	SpiaRegsFile: load addr=0008795a, load size=00000004 bytes, run addr=00006100, run size=00000010 bytes, compression=zero_init
	SpibRegsFile: load addr=0008795e, load size=00000004 bytes, run addr=00006110, run size=00000010 bytes, compression=zero_init
	WdRegsFile: load addr=00087962, load size=00000004 bytes, run addr=00007000, run size=0000002b bytes, compression=zero_init


LINKER GENERATED HANDLER TABLE

__TI_handler_table @ 000878d0 records: 3, size/record: 2, table size: 6
	index: 0, handler: __TI_zero_init
	index: 1, handler: __TI_decompress_lzss
	index: 2, handler: __TI_decompress_none


GLOBAL DATA SYMBOLS: SORTED BY DATA PAGE

address     data page           name
--------    ----------------    ----
00000040       1 (00000040)     IPC_CPU1_To_CPU2_PutBuffer

00000400      10 (00000400)     IPC_CPU1_To_CPU2_GetBuffer

00000b00      2c (00000b00)     AdcaResultRegs
00000b20      2c (00000b00)     AdcbResultRegs

00000b40      2d (00000b40)     AdccResultRegs
00000b60      2d (00000b40)     AdcdResultRegs

00000c08      30 (00000c00)     CpuTimer1Regs
00000c10      30 (00000c00)     CpuTimer2Regs

00000ce0      33 (00000cc0)     PieCtrlRegs

00004000     100 (00004000)     EPwm1Regs

00004100     104 (00004100)     EPwm2Regs

00004200     108 (00004200)     EPwm3Regs

00006100     184 (00006100)     SpiaRegs
00006110     184 (00006100)     SpibRegs

00007000     1c0 (00007000)     WdRegs

00007200     1c8 (00007200)     SciaRegs
00007220     1c8 (00007200)     ScicRegs
00007230     1c8 (00007200)     ScidRegs

00007400     1d0 (00007400)     AdcaRegs

00007900     1e4 (00007900)     InputXbarRegs

00007c00     1f0 (00007c00)     GpioCtrlRegs

00007f00     1fc (00007f00)     GpioDataRegs

00009000     240 (00009000)     __float_reg

00009080     242 (00009080)     __int_reg

00009180     246 (00009180)     comm_encoder

000092f2     24b (000092c0)     cla_count
000092f3     24b (000092c0)     spi_enc_raw
000092f4     24b (000092c0)     enc_read_word
000092f5     24b (000092c0)     enc_pos

0000b000     2c0 (0000b000)     __stack

0000b100     2c4 (0000b100)     Buffer

0000c000     300 (0000c000)     SerialA

0000cfc0     33f (0000cfc0)     SerialC

0000df80     37e (0000df80)     SerialD

0000ef30     3bc (0000ef00)     Fapi_GlobalInit
0000ef3c     3bc (0000ef00)     length_remaining
0000ef3d     3bc (0000ef00)     buff_index
0000ef3e     3bc (0000ef00)     addr_index

0000ef40     3bd (0000ef40)     adcAResult
0000ef40     3bd (0000ef40)     com
0000ef42     3bd (0000ef40)     adcBResult
0000ef44     3bd (0000ef40)     adcCResult
0000ef46     3bd (0000ef40)     drv
0000ef4b     3bd (0000ef40)     can_tx
0000ef52     3bd (0000ef40)     can_rx
0000ef5b     3bd (0000ef40)     state
0000ef6a     3bd (0000ef40)     observer

0000ef80     3be (0000ef80)     controller

0000f100     3c4 (0000f100)     comm_encoder_cal

00011304     44c (00011300)     adc_a_zeros

00011ad4     46b (00011ac0)     adc_b_zeros

000122a4     48a (00012280)     __CIOBUF_

000123c4     48f (000123c0)     __TI_tmpnams

00012464     491 (00012440)     parmbuf
0001246e     491 (00012440)     _sys_memory

0001286e     4a1 (00012840)     _ftable

000128e6     4a3 (000128c0)     _device

0001292e     4a4 (00012900)     _stream

00012956     4a5 (00012940)     cal_adcs
00012957     4a5 (00012940)     enc_vel
00012958     4a5 (00012940)     enc_vel_int
00012959     4a5 (00012940)     mid
0001295a     4a5 (00012940)     pwm_count
0001295b     4a5 (00012940)     pwm_b_count
0001295c     4a5 (00012940)     run_motor
0001295e     4a5 (00012940)     Buffer32
00012960     4a5 (00012940)     val_from_flash
00012962     4a5 (00012940)     spi_enc_raw_addr
00012964     4a5 (00012940)     enc_read_word_addr
00012966     4a5 (00012940)     adc_zeros_idx
00012968     4a5 (00012940)     adc_a_off
0001296a     4a5 (00012940)     adc_b_off
0001296c     4a5 (00012940)     counter
0001296e     4a5 (00012940)     delta_angle
00012970     4a5 (00012940)     angle
00012972     4a5 (00012940)     print_counter
00012976     4a5 (00012940)     Example_Result
00012978     4a5 (00012940)     Example_PassCount
0001297a     4a5 (00012940)     Example_Fail
0001297c     4a5 (00012940)     _lock
0001297e     4a5 (00012940)     _unlock

00012980     4a6 (00012980)     __TI_enable_exit_profile_output
00012982     4a6 (00012980)     __TI_cleanup_ptr
00012984     4a6 (00012980)     __TI_dtors_ptr
00012986     4a6 (00012980)     __TI_ft_end
00012987     4a6 (00012980)     errno
0001298b     4a6 (00012980)     __can_tx_msg

00050024    1400 (00050000)     FlashPumpSemaphoreRegs

0005d000    1740 (0005d000)     DevCfgRegs

0005d180    1746 (0005d180)     AnalogSubsysRegs

0005d200    1748 (0005d200)     ClkCfgRegs

0005d300    174c (0005d300)     CpuSysRegs

0005f000    17c0 (0005f000)     DcsmZ1Regs

0005f040    17c1 (0005f040)     DcsmZ2Regs
0005f070    17c1 (0005f040)     DcsmCommonRegs

0005f400    17d0 (0005f400)     MemCfgRegs

0005f800    17e0 (0005f800)     Flash0CtrlRegs

0005fb00    17ec (0005fb00)     Flash0EccRegs

00086cde    21b3 (00086cc0)     sin_tab

000870de    21c3 (000870c0)     _ctypes_

0008773e    21dc (00087700)     IPC_Instance


GLOBAL SYMBOLS: SORTED ALPHABETICALLY BY Name 

page  address   name                                     
----  -------   ----                                     
0     00080ffe  ADC_init                                 
0     00085756  ADC_setINLTrim                           
0     000860f9  ADC_setMode                              
0     000858f3  ADC_setOffsetTrim                        
1     00007400  AdcaRegs                                 
1     00000b00  AdcaResultRegs                           
1     00000b20  AdcbResultRegs                           
1     00000b40  AdccResultRegs                           
1     00000b60  AdcdResultRegs                           
1     0005d180  AnalogSubsysRegs                         
0     00082eaf  AuxAuxClkSel                             
0     00082eca  AuxIntOsc2Sel                            
0     00082eb9  AuxXtalOscSel                            
0     00081007  Board_init                               
1     0000b100  Buffer                                   
1     0001295e  Buffer32                                 
0     00086254  C$$EXIT                                  
0     000851f5  C$$IO$$                                  
0     00080c9e  CLA1_GPIO_init                           
abs   00000100  CLA_SCRATCHPAD_SIZE                      
0     000846ad  CLA_configClaMemory                      
0     00080fe7  CLA_init                                 
0     00085fd9  CLA_setTriggerSource                     
0     00080ce2  CPU1_LED_GPIO_init                       
0     00080cf6  CPU2_LED_GPIO_init                       
abs   00000000  Cla1ConstLoadSize                        
1     00009000  Cla1ConstLoadStart                       
1     00009000  Cla1ConstRunStart                        
0     00009800  Cla1Task1                                
0     00009950  Cla1Task2                                
0     00009958  Cla1Task3                                
0     00009960  Cla1Task4                                
0     00009968  Cla1Task5                                
0     00009970  Cla1Task6                                
0     00009978  Cla1Task7                                
0     00009980  Cla1Task8                                
0     000807c4  Cla1funcsLoadEnd                         
abs   00000188  Cla1funcsLoadSize                        
0     0008063c  Cla1funcsLoadStart                       
0     00009800  Cla1funcsRunStart                        
1     0005d200  ClkCfgRegs                               
0     00082dbb  ConfigureTMXAnalogTrim                   
1     0005d300  CpuSysRegs                               
1     00000c08  CpuTimer1Regs                            
1     00000c10  CpuTimer2Regs                            
0     00083046  CsmUnlock                                
0     00080cb6  DRV_EN_init                              
0     00080cce  DRV_NFAULT_init                          
1     0005f070  DcsmCommonRegs                           
1     0005f000  DcsmZ1Regs                               
1     0005f040  DcsmZ2Regs                               
1     0005d000  DevCfgRegs                               
0     000835d8  Device_bootCPU2                          
0     0008348b  Device_configureTMXAnalogTrim            
0     000834be  Device_enableAllPeripherals              
0     0008344d  Device_enableUnbondedGPIOPullups         
0     00083430  Device_enableUnbondedGPIOPullupsFor100Pin
0     0008341d  Device_enableUnbondedGPIOPullupsFor176Pin
0     0008359c  Device_init                              
0     0008346d  Device_initGPIO                          
0     00082dae  DisableDog                               
0     00082ff0  DisablePeripheralClocks                  
0     00080d83  EPWM_init                                
1     00004000  EPwm1Regs                                
1     00004100  EPwm2Regs                                
1     00004200  EPwm3Regs                                
0     0008484d  Example_Done                             
1     0001297a  Example_Fail                             
1     00012978  Example_PassCount                        
1     00012976  Example_Result                           
0     0008341c  Example_done                             
0     00083417  Example_setResultFail                    
0     00083412  Example_setResultPass                    
0     00080d46  FLASH_init                               
1     0000ef30  Fapi_GlobalInit                          
0     00086156  Fapi_calculateFletcherChecksum           
0     0008670d  Fapi_checkFsmForReady                    
0     00085fa5  Fapi_doBlankCheck                        
0     00084f0c  Fapi_doMarginRead                        
0     00086610  Fapi_flushPipeline                       
0     00085cee  Fapi_initializeAPI                       
0     00086382  Fapi_isAddressEcc                        
0     000863c5  Fapi_issueAsyncCommandWithAddress        
0     0008484f  Fapi_issueProgrammingCommand             
0     000084c0  Fapi_serviceWatchdogTimer                
0     0008622b  Fapi_setActiveFlashBank                  
0     000084a5  Fapi_setupBankSectorEnable               
0     0000846e  Fapi_setupEepromSectorEnable             
1     0005f800  Flash0CtrlRegs                           
1     0005fb00  Flash0EccRegs                            
0     000084f6  FlashOff                                 
1     00050024  FlashPumpSemaphoreRegs                   
0     0000850a  Flash_initModule                         
0     00080c86  GPIO_DEBUG_init                          
0     00084484  GPIO_EnableUnbondedIOPullups             
0     0008445f  GPIO_EnableUnbondedIOPullupsFor100Pin    
0     00084446  GPIO_EnableUnbondedIOPullupsFor176Pin    
0     00084432  GPIO_ReadPin                             
0     00084410  GPIO_SetupLock                           
0     000843bb  GPIO_SetupPinMux                         
0     00084336  GPIO_SetupPinOptions                     
0     0008432f  GPIO_SetupXINT1Gpio                      
0     00084328  GPIO_SetupXINT2Gpio                      
0     00084321  GPIO_SetupXINT3Gpio                      
0     0008431a  GPIO_SetupXINT4Gpio                      
0     00084313  GPIO_SetupXINT5Gpio                      
0     000842f9  GPIO_WritePin                            
0     00080d0a  GPIO_init                                
0     00085e92  GPIO_setControllerCore                   
0     00086067  GPIO_setDirectionMode                    
0     00085b74  GPIO_setPadConfig                        
0     00085ec9  GPIO_setPinConfig                        
0     00085f00  GPIO_setQualificationMode                
1     00007c00  GpioCtrlRegs                             
1     00007f00  GpioDataRegs                             
0     0008302d  HALT                                     
0     0008300e  HIB                                      
0     0008627d  HOSTclose                                
0     00085892  HOSTlseek                                
0     00085de7  HOSTopen                                 
0     00085e5a  HOSTread                                 
0     00085d2f  HOSTrename                               
0     00086317  HOSTunlink                               
0     00085e21  HOSTwrite                                
0     00082fe7  IDLE                                     
0     00080c64  INTERRUPT_init                           
0     0000845e  INT_PHASE_B_ISR                          
0     0000835f  INT_myADC0_1_ISR                         
1     00000400  IPC_CPU1_To_CPU2_GetBuffer               
1     00000040  IPC_CPU1_To_CPU2_PutBuffer               
0     0008773e  IPC_Instance                             
0     00080c63  IPC_SYSCFG_init                          
0     00085c17  IPC_readCommand                          
0     000859b1  IPC_sendCommand                          
0     00082ed7  InitAuxPll                               
0     000084c2  InitFlash                                
0     0008427c  InitGpio                                 
0     00082dde  InitPeripheralClocks                     
0     00082e87  InitSysCtrl                              
0     00082bb9  InitSysPll                               
1     00007900  InputXbarRegs                            
0     00085f37  Interrupt_enable                         
0     00085d6d  Interrupt_initModule                     
0     00086426  Interrupt_initVectorTable                
0     00080b22  MEMCFG_init                              
1     0005f400  MemCfgRegs                               
0     000862cc  MemCfg_setGSRAMControllerSel             
0     00085f6e  MemCfg_setLSRAMControllerSel             
0     000852cb  MemCfg_setProtection                     
0     0000834f  PWM_ISR                                  
1     00000ce0  PieCtrlRegs                              
0     000809ef  PinMux_init                              
0     000082a0  RXAINT_recv_ready                        
0     0000824f  RXCINT_recv_ready                        
0     000081fe  RXDINT_recv_ready                        
0     0008063a  RamfuncsLoadEnd                          
abs   00000632  RamfuncsLoadSize                         
0     00080008  RamfuncsLoadStart                        
0     00008632  RamfuncsRunEnd                           
abs   00000632  RamfuncsRunSize                          
0     00008000  RamfuncsRunStart                         
0     00082baf  ReleaseFlashPump                         
0     000809ea  SPI_init                                 
0     00085a6b  SPI_setConfig                            
0     00082ba4  STANDBY                                  
0     000809bb  SYNC_init                                
1     00007200  SciaRegs                                 
1     00007220  ScicRegs                                 
1     00007230  ScidRegs                                 
0     00082b92  SeizeFlashPump                           
1     0000c000  SerialA                                  
1     0000cfc0  SerialC                                  
1     0000df80  SerialD                                  
0     00082b84  ServiceDog                               
1     00006100  SpiaRegs                                 
1     00006110  SpibRegs                                 
0     0000862e  SysCtl_delay                             
0     000857c5  SysCtl_getDeviceParametric               
0     00085c61  SysCtl_selectOscSource                   
0     000853e1  SysCtl_selectXTAL                        
0     00084494  SysCtl_setClock                          
0     00082b74  SysIntOsc1Sel                            
0     00082b60  SysIntOsc2Sel                            
0     00082b50  SysXtalOscSel                            
0     00008154  TXAINT_data_sent                         
0     000080aa  TXCINT_data_sent                         
0     00008000  TXDINT_data_sent                         
1     00007000  WdRegs                                   
0     00086723  _Fapi_calculateOtpChecksum               
0     000861ad  _Fapi_divideUnsignedLong                 
0     00085ca9  _Fapi_issueFsmCommand                    
0     00085576  _Fapi_loopRegionForValue                 
0     000866db  _Fapi_scaleCycleValues                   
0     000862f2  _Fapi_setupSectorsForWrite               
1     000122a4  __CIOBUF_                                
0     00087968  __TI_CINIT_Base                          
0     00087a00  __TI_CINIT_Limit                         
0     00087a00  __TI_CINIT_Warm                          
0     000878d0  __TI_Handler_Table_Base                  
0     000878d6  __TI_Handler_Table_Limit                 
1     0000b100  __TI_STACK_END                           
abs   00000100  __TI_STACK_SIZE                          
abs   00000400  __TI_SYSMEM_SIZE                         
0     00086182  __TI_auto_init_nobinit_nopinit           
0     00084bc9  __TI_cleanup                             
1     00012982  __TI_cleanup_ptr                         
0     00085a0e  __TI_closefile                           
0     00086128  __TI_decompress_lzss                     
0     00086766  __TI_decompress_none                     
0     00085672  __TI_doflush                             
1     00012984  __TI_dtors_ptr                           
1     00012980  __TI_enable_exit_profile_output          
1     00012986  __TI_ft_end                              
0     00083c93  __TI_heap_check                          
0     00083c74  __TI_heap_largest_available              
0     00083c55  __TI_heap_total_available                
0     000860c9  __TI_ltoa                                
abs   ffffffff  __TI_pprof_out_hndl                      
0     00081b89  __TI_printfi                             
abs   ffffffff  __TI_prof_data_size                      
abs   ffffffff  __TI_prof_data_start                     
0     00085867  __TI_rd_ok                               
0     000851fa  __TI_readmsg                             
1     000123c4  __TI_tmpnams                             
0     000851a2  __TI_writemsg                            
0     0008582d  __TI_wrt_ok                              
0     00086784  __TI_zero_init                           
0     00085106  __c28xabi_addd                           
0     00086572  __c28xabi_andll                          
0     000861d7  __c28xabi_cmpd                           
0     00086444  __c28xabi_cmpll                          
0     00086456  __c28xabi_cmpull                         
0     00085356  __c28xabi_divd                           
0     0008546b  __c28xabi_divf                           
0     00086201  __c28xabi_divl                           
0     00084c4b  __c28xabi_divll                          
0     0008621e  __c28xabi_divul                          
0     00084cc1  __c28xabi_divull                         
0     0008635f  __c28xabi_dtof                           
0     000863e6  __c28xabi_dtoi                           
0     00086407  __c28xabi_dtol                           
0     00086526  __c28xabi_dtou                           
0     000864b9  __c28xabi_ftod                           
0     0008647f  __c28xabi_itod                           
0     000864d5  __c28xabi_ltod                           
0     00086210  __c28xabi_modl                           
0     00084c87  __c28xabi_modll                          
0     00086225  __c28xabi_modul                          
0     00084cf0  __c28xabi_modull                         
0     000854f3  __c28xabi_mpyd                           
0     00086755  __c28xabi_negd                           
0     0008657a  __c28xabi_orll                           
0     000866b3  __c28xabi_subd                           
0     00086582  __c28xabi_xorll                          
n/a   UNDEFED   __c_args__                               
1     0001298b  __can_tx_msg                             
0     0008340f  __error__                                
1     00009000  __float_reg                              
1     00009080  __int_reg                                
1     0000b000  __stack                                  
0     000866f5  _args_main                               
0     000865d0  _c_int00                                 
0     000870de  _ctypes_                                 
1     000128e6  _device                                  
1     0001286e  _ftable                                  
1     0001297c  _lock                                    
0     00086754  _nop                                     
0     00086750  _register_lock                           
0     0008674c  _register_unlock                         
1     0001292e  _stream                                  
1     0001246e  _sys_memory                              
0     00081fff  _system_post_cinit                       
0     00086793  _system_pre_init                         
1     0001297e  _unlock                                  
0     000823b5  abc                                      
0     00086254  abort                                    
1     0000ef40  adcAResult                               
1     0000ef42  adcBResult                               
1     0000ef44  adcCResult                               
1     00012968  adc_a_off                                
1     00011304  adc_a_zeros                              
1     0001296a  adc_b_off                                
1     00011ad4  adc_b_zeros                              
1     00012966  adc_zeros_idx                            
1     0000ef3e  addr_index                               
0     00083ba7  aligned_alloc                            
0     00082059  analog_sample                            
1     00012970  angle                                    
0     00086098  atoi                                     
1     0000ef3d  buff_index                               
1     00012956  cal_adcs                                 
0     00083164  calibrate_encoder                        
0     00083b7a  calloc                                   
1     0000ef52  can_rx                                   
0     00084e31  can_rx_init                              
1     0000ef4b  can_tx                                   
0     00084e30  can_tx_init                              
0     00086462  cla1Isr1                                 
1     000092f2  cla_count                                
0     00086034  close                                    
0     00080000  code_start                               
1     0000ef40  com                                      
1     00009180  comm_encoder                             
1     0000f100  comm_encoder_cal                         
0     00082419  commutate                                
[...]
0     00083164  calibrate_encoder                        
0     0008340f  __error__                                
0     00083412  Example_setResultPass                    
0     00083417  Example_setResultFail                    
0     0008341c  Example_done                             
0     0008341d  Device_enableUnbondedGPIOPullupsFor176Pin
0     00083430  Device_enableUnbondedGPIOPullupsFor100Pin
0     0008344d  Device_enableUnbondedGPIOPullups         
0     0008346d  Device_initGPIO                          
0     0008348b  Device_configureTMXAnalogTrim            
0     000834be  Device_enableAllPeripherals              
0     0008359c  Device_init                              
0     000835d8  Device_bootCPU2                          
0     00083748  floatToUint16Buffer                      
0     00083791  intToUint16Buffer                        
0     000837da  writeBufferToFlash                       
0     00083860  writeConfigToFlash                       
0     00083898  uint32ToUint16Buffer                     
0     000838e1  uint16ToIntBuffer                        
0     00083931  uint16ToFloatBuffer                      
0     0008397e  readBufferFromFlash                      
0     000839b8  readConfigFromFlash                      
0     000839fd  malloc                                   
0     00083a28  free                                     
0     00083af2  realloc                                  
0     00083b76  minit                                    
0     00083b7a  calloc                                   
0     00083ba7  aligned_alloc                            
0     00083ba7  memalign                                 
0     00083c55  __TI_heap_total_available                
0     00083c74  __TI_heap_largest_available              
0     00083c93  __TI_heap_check                          
0     00083c95  strtod                                   
0     00083c95  strtold                                  
0     00083f18  floor                                    
0     00083f18  floorl                                   
0     00084000  exp                                      
0     00084000  expl                                     
0     0008427c  InitGpio                                 
0     000842f9  GPIO_WritePin                            
0     00084313  GPIO_SetupXINT5Gpio                      
0     0008431a  GPIO_SetupXINT4Gpio                      
0     00084321  GPIO_SetupXINT3Gpio                      
0     00084328  GPIO_SetupXINT2Gpio                      
0     0008432f  GPIO_SetupXINT1Gpio                      
0     00084336  GPIO_SetupPinOptions                     
0     000843bb  GPIO_SetupPinMux                         
0     00084410  GPIO_SetupLock                           
0     00084432  GPIO_ReadPin                             
0     00084446  GPIO_EnableUnbondedIOPullupsFor176Pin    
0     0008445f  GPIO_EnableUnbondedIOPullupsFor100Pin    
0     00084484  GPIO_EnableUnbondedIOPullups             
0     00084494  SysCtl_setClock                          
0     0008469a  packCANMsg                               
0     000846ad  CLA_configClaMemory                      
0     000846e4  main                                     
0     0008484d  Example_Done                             
0     0008484f  Fapi_issueProgrammingCommand             
0     000849da  drv_spi_write                            
0     000849e4  drv_write_register                       
0     000849fa  drv_write_OCPCR                          
0     00084a1b  drv_write_LSR                            
0     00084a39  drv_write_HSR                            
0     00084a54  drv_write_DCR                            
0     00084a81  drv_write_CSACR                          
0     00084aae  drv_read_register                        
0     00084ac4  drv_read_FSR2                            
0     00084ad7  drv_read_FSR1                            
0     00084aea  drv_print_faults                         
0     00084aeb  drv_enable_gd                            
0     00084b03  drv_disable_gd                           
0     00084b1a  drv_calibrate                            
0     00084bc9  __TI_cleanup                             
0     00084be6  freopen                                  
0     00084c04  fopen                                    
0     00084c4b  __c28xabi_divll                          
0     00084c87  __c28xabi_modll                          
0     00084cc1  __c28xabi_divull                         
0     00084cf0  __c28xabi_modull                         
0     00084d52  unpack_cmd                               
0     00084dcb  pack_reply                               
0     00084e30  can_tx_init                              
0     00084e31  can_rx_init                              
0     00084e32  uint_to_float                            
0     00084e52  sin_lut                                  
0     00084e8a  limit_norm                               
0     00084ebc  fast_fmaxf                               
0     00084ebf  fast_fminf                               
0     00084ec2  limit                                    
0     00084ecb  fminf3                                   
0     00084ed6  fmaxf3                                   
0     00084ee1  float_to_uint                            
0     00084f03  cos_lut                                  
0     00084f0c  Fapi_doMarginRead                        
0     00084fb5  ldexp                                    
0     00084fb5  ldexpl                                   
0     00084fb5  scalbn                                   
0     00084fb5  scalbnl                                  
0     0008505e  fputs                                    
0     000850f3  puts                                     
0     00085106  __c28xabi_addd                           
0     000851a2  __TI_writemsg                            
0     000851f5  C$$IO$$                                  
0     000851fa  __TI_readmsg                             
0     00085237  round                                    
0     00085237  roundl                                   
0     000852cb  MemCfg_setProtection                     
0     00085356  __c28xabi_divd                           
0     000853e1  SysCtl_selectXTAL                        
0     0008546b  __c28xabi_divf                           
0     000854f3  __c28xabi_mpyd                           
0     00085576  _Fapi_loopRegionForValue                 
0     000855f6  setvbuf                                  
0     00085672  __TI_doflush                             
0     000856a1  fflush                                   
0     000856e5  open                                     
0     00085756  ADC_setINLTrim                           
0     000857c5  SysCtl_getDeviceParametric               
0     0008582d  __TI_wrt_ok                              
0     00085867  __TI_rd_ok                               
0     00085892  HOSTlseek                                
0     000858f3  ADC_setOffsetTrim                        
0     00085953  ps_warmup                                
0     00085954  ps_sample                                
0     00085955  ps_print                                 
0     000859b1  IPC_sendCommand                          
0     00085a0e  __TI_closefile                           
0     00085a52  fclose                                   
0     00085a6b  SPI_setConfig                            
0     00085ac7  frexp                                    
0     00085ac7  frexpl                                   
0     00085b21  fputc                                    
0     00085b21  putc                                     
0     00085b6f  putchar                                  
0     00085b74  GPIO_setPadConfig                        
0     00085bc6  finddevice                               
0     00085be1  getdevice                                
0     00085c17  IPC_readCommand                          
0     00085c61  SysCtl_selectOscSource                   
0     00085ca9  _Fapi_issueFsmCommand                    
0     00085cee  Fapi_initializeAPI                       
0     00085d2f  HOSTrename                               
0     00085d6d  Interrupt_initModule                     
0     00085daa  fseek                                    
0     00085daa  fseeko                                   
0     00085de7  HOSTopen                                 
0     00085e21  HOSTwrite                                
0     00085e5a  HOSTread                                 
0     00085e92  GPIO_setControllerCore                   
0     00085ec9  GPIO_setPinConfig                        
0     00085f00  GPIO_setQualificationMode                
0     00085f37  Interrupt_enable                         
0     00085f6e  MemCfg_setLSRAMControllerSel             
0     00085fa5  Fapi_doBlankCheck                        
0     00085fd9  CLA_setTriggerSource                     
0     00086006  printf                                   
0     00086034  close                                    
0     00086067  GPIO_setDirectionMode                    
0     00086098  atoi                                     
0     000860c9  __TI_ltoa                                
0     000860f9  ADC_setMode                              
0     00086128  __TI_decompress_lzss                     
0     00086156  Fapi_calculateFletcherChecksum           
0     00086182  __TI_auto_init_nobinit_nopinit           
0     000861ad  _Fapi_divideUnsignedLong                 
0     000861d7  __c28xabi_cmpd                           
0     00086201  __c28xabi_divl                           
0     00086210  __c28xabi_modl                           
0     0008621e  __c28xabi_divul                          
0     00086225  __c28xabi_modul                          
0     0008622b  Fapi_setActiveFlashBank                  
0     00086254  C$$EXIT                                  
0     00086254  abort                                    
0     00086256  exit                                     
0     0008627d  HOSTclose                                
0     000862cc  MemCfg_setGSRAMControllerSel             
0     000862f2  _Fapi_setupSectorsForWrite               
0     00086317  HOSTunlink                               
0     0008633b  copysign                                 
0     0008633b  copysignl                                
0     0008635f  __c28xabi_dtof                           
0     00086382  Fapi_isAddressEcc                        
0     000863c5  Fapi_issueAsyncCommandWithAddress        
0     000863e6  __c28xabi_dtoi                           
0     00086407  __c28xabi_dtol                           
0     00086426  Interrupt_initVectorTable                
0     00086444  __c28xabi_cmpll                          
0     00086456  __c28xabi_cmpull                         
0     00086462  cla1Isr1                                 
0     0008647f  __c28xabi_itod                           
0     0008649c  memcpy                                   
0     000864b9  __c28xabi_ftod                           
0     000864d5  __c28xabi_ltod                           
0     00086526  __c28xabi_dtou                           
0     00086540  remove                                   
0     00086540  unlink                                   
0     00086559  write                                    
0     00086572  __c28xabi_andll                          
0     0008657a  __c28xabi_orll                           
0     00086582  __c28xabi_xorll                          
0     0008658a  lseek                                    
0     000865d0  _c_int00                                 
0     000865e7  strncpy                                  
0     00086610  Fapi_flushPipeline                       
0     00086678  memccpy                                  
0     000866b3  __c28xabi_subd                           
0     000866db  _Fapi_scaleCycleValues                   
0     000866e8  memchr                                   
0     000866f5  _args_main                               
0     00086701  strchr                                   
0     0008670d  Fapi_checkFsmForReady                    
0     00086723  _Fapi_calculateOtpChecksum               
0     0008672e  wcslen                                   
0     00086739  strcmp                                   
0     0008674c  _register_unlock                         
0     00086750  _register_lock                           
0     00086754  _nop                                     
0     00086755  __c28xabi_negd                           
0     00086766  __TI_decompress_none                     
0     0008676e  strlen                                   
0     0008677d  memset                                   
0     00086784  __TI_zero_init                           
0     0008678a  strcpy                                   
0     00086793  _system_pre_init                         
0     00086cde  sin_tab                                  
0     000870de  _ctypes_                                 
0     0008773e  IPC_Instance                             
0     000878d0  __TI_Handler_Table_Base                  
0     000878d6  __TI_Handler_Table_Limit                 
0     00087968  __TI_CINIT_Base                          
0     00087a00  __TI_CINIT_Limit                         
0     00087a00  __TI_CINIT_Warm                          
1     00000040  IPC_CPU1_To_CPU2_PutBuffer               
1     00000400  IPC_CPU1_To_CPU2_GetBuffer               
1     00000b00  AdcaResultRegs                           
1     00000b20  AdcbResultRegs                           
1     00000b40  AdccResultRegs                           
1     00000b60  AdcdResultRegs                           
1     00000c08  CpuTimer1Regs                            
1     00000c10  CpuTimer2Regs                            
1     00000ce0  PieCtrlRegs                              
1     00004000  EPwm1Regs                                
1     00004100  EPwm2Regs                                
1     00004200  EPwm3Regs                                
1     00006100  SpiaRegs                                 
1     00006110  SpibRegs                                 
1     00007000  WdRegs                                   
1     00007200  SciaRegs                                 
1     00007220  ScicRegs                                 
1     00007230  ScidRegs                                 
1     00007400  AdcaRegs                                 
1     00007900  InputXbarRegs                            
1     00007c00  GpioCtrlRegs                             
1     00007f00  GpioDataRegs                             
1     00009000  Cla1ConstLoadStart                       
1     00009000  Cla1ConstRunStart                        
1     00009000  __float_reg                              
1     00009080  __int_reg                                
1     00009180  comm_encoder                             
1     000092f2  cla_count                                
1     000092f3  spi_enc_raw                              
1     000092f4  enc_read_word                            
1     000092f5  enc_pos                                  
1     0000b000  __stack                                  
1     0000b100  Buffer                                   
1     0000b100  __TI_STACK_END                           
1     0000c000  SerialA                                  
1     0000cfc0  SerialC                                  
1     0000df80  SerialD                                  
1     0000ef30  Fapi_GlobalInit                          
1     0000ef3c  length_remaining                         
1     0000ef3d  buff_index                               
1     0000ef3e  addr_index                               
1     0000ef40  adcAResult                               
1     0000ef40  com                                      
1     0000ef42  adcBResult                               
1     0000ef44  adcCResult                               
1     0000ef46  drv                                      
1     0000ef4b  can_tx                                   
1     0000ef52  can_rx                                   
1     0000ef5b  state                                    
1     0000ef6a  observer                                 
1     0000ef80  controller                               
1     0000f100  comm_encoder_cal                         
1     00011304  adc_a_zeros                              
1     00011ad4  adc_b_zeros                              
1     000122a4  __CIOBUF_                                
1     000123c4  __TI_tmpnams                             
1     00012464  parmbuf                                  
1     0001246e  _sys_memory                              
1     0001286e  _ftable                                  
1     000128e6  _device                                  
1     0001292e  _stream                                  
1     00012956  cal_adcs                                 
1     00012957  enc_vel                                  
1     00012958  enc_vel_int                              
1     00012959  mid                                      
1     0001295a  pwm_count                                
1     0001295b  pwm_b_count                              
1     0001295c  run_motor                                
1     0001295e  Buffer32                                 
1     00012960  val_from_flash                           
1     00012962  spi_enc_raw_addr                         
1     00012964  enc_read_word_addr                       
1     00012966  adc_zeros_idx                            
1     00012968  adc_a_off                                
1     0001296a  adc_b_off                                
1     0001296c  counter                                  
1     0001296e  delta_angle                              
1     00012970  angle                                    
1     00012972  print_counter                            
1     00012976  Example_Result                           
1     00012978  Example_PassCount                        
1     0001297a  Example_Fail                             
1     0001297c  _lock                                    
1     0001297e  _unlock                                  
1     00012980  __TI_enable_exit_profile_output          
1     00012982  __TI_cleanup_ptr                         
1     00012984  __TI_dtors_ptr                           
1     00012986  __TI_ft_end                              
1     00012987  errno                                    
1     0001298b  __can_tx_msg                             
1     00050024  FlashPumpSemaphoreRegs                   
1     0005d000  DevCfgRegs                               
1     0005d180  AnalogSubsysRegs                         
1     0005d200  ClkCfgRegs                               
1     0005d300  CpuSysRegs                               
1     0005f000  DcsmZ1Regs                               
1     0005f040  DcsmZ2Regs                               
1     0005f070  DcsmCommonRegs                           
1     0005f400  MemCfgRegs                               
1     0005f800  Flash0CtrlRegs                           
1     0005fb00  Flash0EccRegs                            
abs   00000000  Cla1ConstLoadSize                        
abs   00000100  CLA_SCRATCHPAD_SIZE                      
abs   00000100  __TI_STACK_SIZE                          
abs   00000188  Cla1funcsLoadSize                        
abs   00000400  __TI_SYSMEM_SIZE                         
abs   00000632  RamfuncsLoadSize                         
abs   00000632  RamfuncsRunSize                          
abs   ffffffff  __TI_pprof_out_hndl                      
abs   ffffffff  __TI_prof_data_size                      
abs   ffffffff  __TI_prof_data_start                     
n/a   UNDEFED   __c_args__                               

[450 symbols]
